12-12 22:00:19.709 1558-1605/system_process I/InputDispatcher: Window 'Window{234089c9 u0 VolumePanel}' spent 2499.3ms processing the last input event: MotionEvent(deviceId=0, source=0x00001002, action=2, flags=0x00000000, metaState=0x00000000, buttonState=0x00000000, edgeFlags=0x00000000, xPrecision=30.3, yPrecision=17.1, displayId=0, pointers=[0: (551.0, 83.0)]), policyFlags=0x62000000
12-12 22:00:19.709 1558-1605/system_process I/InputDispatcher: Window 'Window{234089c9 u0 VolumePanel}' spent 2497.9ms processing the last input event: MotionEvent(deviceId=0, source=0x00001002, action=2, flags=0x00000000, metaState=0x00000000, buttonState=0x00000000, edgeFlags=0x00000000, xPrecision=30.3, yPrecision=17.1, displayId=0, pointers=[0: (548.0, 83.0)]), policyFlags=0x62000000
12-12 22:00:19.709 1558-1605/system_process I/InputDispatcher: Window 'Window{234089c9 u0 VolumePanel}' spent 2495.6ms processing the last input event: MotionEvent(deviceId=0, source=0x00001002, action=2, flags=0x00000000, metaState=0x00000000, buttonState=0x00000000, edgeFlags=0x00000000, xPrecision=30.3, yPrecision=17.1, displayId=0, pointers=[0: (545.0, 83.0)]), policyFlags=0x62000000
12-12 22:00:19.709 1558-1605/system_process I/InputDispatcher: Window 'Window{234089c9 u0 VolumePanel}' spent 2495.0ms processing the last input event: MotionEvent(deviceId=0, source=0x00001002, action=2, flags=0x00000000, metaState=0x00000000, buttonState=0x00000000, edgeFlags=0x00000000, xPrecision=30.3, yPrecision=17.1, displayId=0, pointers=[0: (542.0, 83.0)]), policyFlags=0x62000000
12-12 22:00:19.710 1558-1605/system_process I/InputDispatcher: Window 'Window{234089c9 u0 VolumePanel}' spent 2494.4ms processing the last input event: MotionEvent(deviceId=0, source=0x00001002, action=2, flags=0x00000000, metaState=0x00000000, buttonState=0x00000000, edgeFlags=0x00000000, xPrecision=30.3, yPrecision=17.1, displayId=0, pointers=[0: (539.0, 83.0)]), policyFlags=0x62000000
12-12 22:00:19.710 1558-1605/system_process I/InputDispatcher: Window 'Window{234089c9 u0 VolumePanel}' spent 2493.4ms processing the last input event: MotionEvent(deviceId=0, source=0x00001002, action=2, flags=0x00000000, metaState=0x00000000, buttonState=0x00000000, edgeFlags=0x00000000, xPrecision=30.3, yPrecision=17.1, displayId=0, pointers=[0: (536.0, 83.0)]), policyFlags=0x62000000
12-12 22:00:19.710 1558-1605/system_process I/InputDispatcher: Window 'Window{234089c9 u0 VolumePanel}' spent 2491.8ms processing the last input event: MotionEvent(deviceId=0, source=0x00001002, action=2, flags=0x00000000, metaState=0x00000000, buttonState=0x00000000, edgeFlags=0x00000000, xPrecision=30.3, yPrecision=17.1, displayId=0, pointers=[0: (533.0, 83.0)]), policyFlags=0x62000000
12-12 22:00:19.710 1558-1605/system_process I/InputDispatcher: Window 'Window{234089c9 u0 VolumePanel}' spent 2487.0ms processing the last input event: MotionEvent(deviceId=0, source=0x00001002, action=2, flags=0x00000000, metaState=0x00000000, buttonState=0x00000000, edgeFlags=0x00000000, xPrecision=30.3, yPrecision=17.1, displayId=0, pointers=[0: (530.0, 83.0)]), policyFlags=0x62000000
12-12 22:00:19.710 1558-1605/system_process I/InputDispatcher: Window 'Window{234089c9 u0 VolumePanel}' spent 2485.9ms processing the last input event: MotionEvent(deviceId=0, source=0x00001002, action=2, flags=0x00000000, metaState=0x00000000, buttonState=0x00000000, edgeFlags=0x00000000, xPrecision=30.3, yPrecision=17.1, displayId=0, pointers=[0: (527.0, 83.0)]), policyFlags=0x62000000
12-12 22:00:19.710 1558-1605/system_process I/InputDispatcher: Window 'Window{234089c9 u0 VolumePanel}' spent 2485.5ms processing the last input event: MotionEvent(deviceId=0, source=0x00001002, action=2, flags=0x00000000, metaState=0x00000000, buttonState=0x00000000, edgeFlags=0x00000000, xPrecision=30.3, yPrecision=17.1, displayId=0, pointers=[0: (524.0, 83.0)]), policyFlags=0x62000000
12-12 22:00:19.710 1558-1605/system_process I/InputDispatcher: Window 'Window{234089c9 u0 VolumePanel}' spent 2484.7ms processing the last input event: MotionEvent(deviceId=0, source=0x00001002, action=2, flags=0x00000000, metaState=0x00000000, buttonState=0x00000000, edgeFlags=0x00000000, xPrecision=30.3, yPrecision=17.1, displayId=0, pointers=[0: (518.0, 83.0)]), policyFlags=0x62000000
12-12 22:00:19.710 1558-1605/system_process I/InputDispatcher: Window 'Window{234089c9 u0 VolumePanel}' spent 2484.4ms processing the last input event: MotionEvent(deviceId=0, source=0x00001002, action=2, flags=0x00000000, metaState=0x00000000, buttonState=0x00000000, edgeFlags=0x00000000, xPrecision=30.3, yPrecision=17.1, displayId=0, pointers=[0: (515.0, 83.0)]), policyFlags=0x62000000
12-12 22:00:19.711 1558-1605/system_process I/InputDispatcher: Window 'Window{234089c9 u0 VolumePanel}' spent 2483.8ms processing the last input event: MotionEvent(deviceId=0, source=0x00001002, action=2, flags=0x00000000, metaState=0x00000000, buttonState=0x00000000, edgeFlags=0x00000000, xPrecision=30.3, yPrecision=17.1, displayId=0, pointers=[0: (512.0, 83.0)]), policyFlags=0x62000000
12-12 22:00:19.711 1558-1605/system_process I/InputDispatcher: Window 'Window{234089c9 u0 VolumePanel}' spent 2483.0ms processing the last input event: MotionEvent(deviceId=0, source=0x00001002, action=2, flags=0x00000000, metaState=0x00000000, buttonState=0x00000000, edgeFlags=0x00000000, xPrecision=30.3, yPrecision=17.1, displayId=0, pointers=[0: (509.0, 83.0)]), policyFlags=0x62000000
12-12 22:00:19.711 1558-1605/system_process I/InputDispatcher: Window 'Window{234089c9 u0 VolumePanel}' spent 2480.1ms processing the last input event: MotionEvent(deviceId=0, source=0x00001002, action=2, flags=0x00000000, metaState=0x00000000, buttonState=0x00000000, edgeFlags=0x00000000, xPrecision=30.3, yPrecision=17.1, displayId=0, pointers=[0: (506.0, 83.0)]), policyFlags=0x62000000
12-12 22:00:19.711 1558-1605/system_process I/InputDispatcher: Window 'Window{234089c9 u0 VolumePanel}' spent 2479.5ms processing the last input event: MotionEvent(deviceId=0, source=0x00001002, action=2, flags=0x00000000, metaState=0x00000000, buttonState=0x00000000, edgeFlags=0x00000000, xPrecision=30.3, yPrecision=17.1, displayId=0, pointers=[0: (503.0, 83.0)]), policyFlags=0x62000000
12-12 22:00:19.711 1558-1605/system_process I/InputDispatcher: Window 'Window{234089c9 u0 VolumePanel}' spent 2479.2ms processing the last input event: MotionEvent(deviceId=0, source=0x00001002, action=2, flags=0x00000000, metaState=0x00000000, buttonState=0x00000000, edgeFlags=0x00000000, xPrecision=30.3, yPrecision=17.1, displayId=0, pointers=[0: (500.0, 83.0)]), policyFlags=0x62000000
12-12 22:00:19.711 1558-1605/system_process I/InputDispatcher: Window 'Window{234089c9 u0 VolumePanel}' spent 2476.3ms processing the last input event: MotionEvent(deviceId=0, source=0x00001002, action=2, flags=0x00000000, metaState=0x00000000, buttonState=0x00000000, edgeFlags=0x00000000, xPrecision=30.3, yPrecision=17.1, displayId=0, pointers=[0: (497.0, 83.0)]), policyFlags=0x62000000
12-12 22:00:19.711 1558-1605/system_process I/InputDispatcher: Window 'Window{234089c9 u0 VolumePanel}' spent 2475.2ms processing the last input event: MotionEvent(deviceId=0, source=0x00001002, action=2, flags=0x00000000, metaState=0x00000000, buttonState=0x00000000, edgeFlags=0x00000000, xPrecision=30.3, yPrecision=17.1, displayId=0, pointers=[0: (491.0, 83.0)]), policyFlags=0x62000000
12-12 22:00:19.711 1558-1605/system_process I/InputDispatcher: Window 'Window{234089c9 u0 VolumePanel}' spent 2474.3ms processing the last input event: MotionEvent(deviceId=0, source=0x00001002, action=2, flags=0x00000000, metaState=0x00000000, buttonState=0x00000000, edgeFlags=0x00000000, xPrecision=30.3, yPrecision=17.1, displayId=0, pointers=[0: (485.0, 83.0)]), policyFlags=0x62000000
12-12 22:00:19.712 1558-1605/system_process I/InputDispatcher: Window 'Window{234089c9 u0 VolumePanel}' spent 2473.7ms processing the last input event: MotionEvent(deviceId=0, source=0x00001002, action=2, flags=0x00000000, metaState=0x00000000, buttonState=0x00000000, edgeFlags=0x00000000, xPrecision=30.3, yPrecision=17.1, displayId=0, pointers=[0: (482.0, 80.0)]), policyFlags=0x62000000
12-12 22:00:19.712 1558-1605/system_process I/InputDispatcher: Window 'Window{234089c9 u0 VolumePanel}' spent 2471.9ms processing the last input event: MotionEvent(deviceId=0, source=0x00001002, action=2, flags=0x00000000, metaState=0x00000000, buttonState=0x00000000, edgeFlags=0x00000000, xPrecision=30.3, yPrecision=17.1, displayId=0, pointers=[0: (479.0, 80.0)]), policyFlags=0x62000000
12-12 22:00:19.712 1558-1605/system_process I/InputDispatcher: Window 'Window{234089c9 u0 VolumePanel}' spent 2470.9ms processing the last input event: MotionEvent(deviceId=0, source=0x00001002, action=2, flags=0x00000000, metaState=0x00000000, buttonState=0x00000000, edgeFlags=0x00000000, xPrecision=30.3, yPrecision=17.1, displayId=0, pointers=[0: (473.0, 80.0)]), policyFlags=0x62000000
12-12 22:00:20.014 1678-2099/com.android.systemui D/EGL_emulation: eglMakeCurrent: 0x7f880cf52200: ver 3 1
12-12 22:00:20.024 1678-2099/com.android.systemui D/EGL_emulation: eglMakeCurrent: 0x7f880cf52200: ver 3 1
12-12 22:00:20.908 1889-1889/com.android.launcher I/Choreographer: Skipped 72 frames!  The application may be doing too much work on its main thread.
12-12 22:00:21.831 1889-1889/com.android.launcher I/Choreographer: Skipped 54 frames!  The application may be doing too much work on its main thread.
12-12 22:00:21.970 1558-1572/system_process I/art: Background partial concurrent mark sweep GC freed 145440(4MB) AllocSpace objects, 0(0B) LOS objects, 26% free, 11MB/15MB, paused 1.310ms total 122.512ms
12-12 22:00:22.139 1889-1908/com.android.launcher I/art: Background partial concurrent mark sweep GC freed 118537(4MB) AllocSpace objects, 0(0B) LOS objects, 30% free, 9MB/13MB, paused 820us total 158.811ms
12-12 22:00:23.097 1889-1889/com.android.launcher I/Choreographer: Skipped 56 frames!  The application may be doing too much work on its main thread.
12-12 22:00:24.154 1889-1889/com.android.launcher I/Choreographer: Skipped 54 frames!  The application may be doing too much work on its main thread.
12-12 22:00:25.374 1889-1889/com.android.launcher I/Choreographer: Skipped 55 frames!  The application may be doing too much work on its main thread.
12-12 22:00:26.526 1889-1889/com.android.launcher I/Choreographer: Skipped 57 frames!  The application may be doing too much work on its main thread.
12-12 22:00:27.575 1889-1889/com.android.launcher I/Choreographer: Skipped 55 frames!  The application may be doing too much work on its main thread.
12-12 22:00:28.731 1889-1889/com.android.launcher I/Choreographer: Skipped 56 frames!  The application may be doing too much work on its main thread.
12-12 22:00:28.912 1558-1572/system_process I/art: Background partial concurrent mark sweep GC freed 146703(4MB) AllocSpace objects, 0(0B) LOS objects, 26% free, 11MB/15MB, paused 1.193ms total 124.230ms
12-12 22:00:29.848 1889-1889/com.android.launcher I/Choreographer: Skipped 53 frames!  The application may be doing too much work on its main thread.
12-12 22:00:31.095 1889-1889/com.android.launcher I/Choreographer: Skipped 54 frames!  The application may be doing too much work on its main thread.
12-12 22:00:31.388 1889-1908/com.android.launcher I/art: Background partial concurrent mark sweep GC freed 120205(4MB) AllocSpace objects, 0(0B) LOS objects, 30% free, 9MB/13MB, paused 1.558ms total 217.464ms
12-12 22:00:32.372 1889-1889/com.android.launcher I/Choreographer: Skipped 58 frames!  The application may be doing too much work on its main thread.
12-12 22:00:33.409 1889-1889/com.android.launcher I/Choreographer: Skipped 56 frames!  The application may be doing too much work on its main thread.
12-12 22:00:34.505 1889-1889/com.android.launcher I/Choreographer: Skipped 53 frames!  The application may be doing too much work on its main thread.
12-12 22:00:35.634 1889-1889/com.android.launcher I/Choreographer: Skipped 54 frames!  The application may be doing too much work on its main thread.
12-12 22:00:35.807 1558-1572/system_process I/art: Background partial concurrent mark sweep GC freed 148062(4MB) AllocSpace objects, 0(0B) LOS objects, 26% free, 11MB/15MB, paused 1.462ms total 125.070ms
12-12 22:00:36.775 1889-1889/com.android.launcher I/Choreographer: Skipped 55 frames!  The application may be doing too much work on its main thread.
12-12 22:00:38.018 1889-1889/com.android.launcher I/Choreographer: Skipped 58 frames!  The application may be doing too much work on its main thread.
12-12 22:00:39.145 1889-1889/com.android.launcher I/Choreographer: Skipped 57 frames!  The application may be doing too much work on its main thread.
12-12 22:00:40.301 1889-1889/com.android.launcher I/Choreographer: Skipped 60 frames!  The application may be doing too much work on its main thread.
12-12 22:00:41.467 1889-1889/com.android.launcher I/Choreographer: Skipped 57 frames!  The application may be doing too much work on its main thread.
12-12 22:00:42.570 1889-1889/com.android.launcher I/Choreographer: Skipped 55 frames!  The application may be doing too much work on its main thread.
12-12 22:00:42.714 1558-1572/system_process I/art: Background partial concurrent mark sweep GC freed 147572(4MB) AllocSpace objects, 0(0B) LOS objects, 26% free, 11MB/15MB, paused 1.679ms total 115.439ms
12-12 22:00:43.717 1889-1889/com.android.launcher I/Choreographer: Skipped 59 frames!  The application may be doing too much work on its main thread.
12-12 22:00:44.845 1889-1889/com.android.launcher I/Choreographer: Skipped 58 frames!  The application may be doing too much work on its main thread.
12-12 22:00:45.908 1889-1889/com.android.launcher I/Choreographer: Skipped 53 frames!  The application may be doing too much work on its main thread.
12-12 22:00:47.132 1889-1889/com.android.launcher I/Choreographer: Skipped 54 frames!  The application may be doing too much work on its main thread.
12-12 22:00:48.417 1889-1889/com.android.launcher I/Choreographer: Skipped 57 frames!  The application may be doing too much work on its main thread.
12-12 22:00:49.459 1889-1889/com.android.launcher I/Choreographer: Skipped 53 frames!  The application may be doing too much work on its main thread.
12-12 22:00:49.639 1558-1572/system_process I/art: Background partial concurrent mark sweep GC freed 148013(4MB) AllocSpace objects, 0(0B) LOS objects, 26% free, 11MB/15MB, paused 999us total 131.408ms
12-12 22:00:50.649 1889-1889/com.android.launcher I/Choreographer: Skipped 58 frames!  The application may be doing too much work on its main thread.
12-12 22:00:51.815 1889-1889/com.android.launcher I/Choreographer: Skipped 55 frames!  The application may be doing too much work on its main thread.
12-12 22:00:52.931 1889-1889/com.android.launcher I/Choreographer: Skipped 55 frames!  The application may be doing too much work on its main thread.
12-12 22:00:54.055 1889-1889/com.android.launcher I/Choreographer: Skipped 55 frames!  The application may be doing too much work on its main thread.
12-12 22:00:55.202 1889-1889/com.android.launcher I/Choreographer: Skipped 57 frames!  The application may be doing too much work on its main thread.
12-12 22:00:55.456 1889-1908/com.android.launcher W/art: Suspending all threads took: 26.105ms
12-12 22:00:55.470 1889-1908/com.android.launcher I/art: Background sticky concurrent mark sweep GC freed 63610(2MB) AllocSpace objects, 0(0B) LOS objects, 16% free, 10MB/12MB, paused 27.301ms total 51.715ms
12-12 22:00:56.391 1889-1889/com.android.launcher I/Choreographer: Skipped 55 frames!  The application may be doing too much work on its main thread.
12-12 22:00:56.578 1558-1572/system_process I/art: Background partial concurrent mark sweep GC freed 148474(4MB) AllocSpace objects, 0(0B) LOS objects, 26% free, 11MB/15MB, paused 1.824ms total 137.248ms
12-12 22:00:57.547 1889-1889/com.android.launcher I/Choreographer: Skipped 55 frames!  The application may be doing too much work on its main thread.
12-12 22:00:57.625 1558-1587/system_process W/BatteryStatsImpl: Couldn't get kernel wake lock stats
12-12 22:00:58.776 1889-1889/com.android.launcher I/Choreographer: Skipped 57 frames!  The application may be doing too much work on its main thread.
12-12 22:00:59.827 1889-1889/com.android.launcher I/Choreographer: Skipped 56 frames!  The application may be doing too much work on its main thread.
12-12 22:01:00.054 1678-2099/com.android.systemui D/EGL_emulation: eglMakeCurrent: 0x7f880cf52200: ver 3 1
12-12 22:01:00.996 1889-1889/com.android.launcher I/Choreographer: Skipped 57 frames!  The application may be doing too much work on its main thread.
12-12 22:01:02.207 1889-1889/com.android.launcher I/Choreographer: Skipped 59 frames!  The application may be doing too much work on its main thread.
12-12 22:01:03.407 1889-1889/com.android.launcher I/Choreographer: Skipped 59 frames!  The application may be doing too much work on its main thread.
12-12 22:01:03.498 1558-1572/system_process I/art: Background partial concurrent mark sweep GC freed 148982(4MB) AllocSpace objects, 0(0B) LOS objects, 26% free, 11MB/15MB, paused 930us total 170.953ms
12-12 22:01:04.633 1889-1889/com.android.launcher I/Choreographer: Skipped 58 frames!  The application may be doing too much work on its main thread.
12-12 22:01:05.704 1889-1889/com.android.launcher I/Choreographer: Skipped 58 frames!  The application may be doing too much work on its main thread.
12-12 22:01:06.888 1889-1889/com.android.launcher I/Choreographer: Skipped 59 frames!  The application may be doing too much work on its main thread.
12-12 22:01:08.046 1889-1889/com.android.launcher I/Choreographer: Skipped 61 frames!  The application may be doing too much work on its main thread.
12-12 22:01:08.316 1889-1908/com.android.launcher I/art: Background sticky concurrent mark sweep GC freed 64011(2MB) AllocSpace objects, 0(0B) LOS objects, 16% free, 10MB/12MB, paused 1.075ms total 118.786ms
12-12 22:01:09.408 1558-1572/system_process I/art: Background sticky concurrent mark sweep GC freed 2505(117KB) AllocSpace objects, 0(0B) LOS objects, 1% free, 14MB/14MB, paused 1.043ms total 106.651ms
12-12 22:01:09.433 1889-1889/com.android.launcher I/Choreographer: Skipped 67 frames!  The application may be doing too much work on its main thread.
12-12 22:01:10.517 1889-1889/com.android.launcher I/Choreographer: Skipped 57 frames!  The application may be doing too much work on its main thread.
12-12 22:01:11.651 1889-1889/com.android.launcher I/Choreographer: Skipped 58 frames!  The application may be doing too much work on its main thread.
12-12 22:01:12.725 1889-1889/com.android.launcher I/Choreographer: Skipped 54 frames!  The application may be doing too much work on its main thread.
12-12 22:01:13.899 1889-1889/com.android.launcher I/Choreographer: Skipped 58 frames!  The application may be doing too much work on its main thread.
12-12 22:01:15.060 1889-1889/com.android.launcher I/Choreographer: Skipped 55 frames!  The application may be doing too much work on its main thread.
12-12 22:01:16.178 1889-1889/com.android.launcher I/Choreographer: Skipped 55 frames!  The application may be doing too much work on its main thread.
12-12 22:01:16.301 1558-1572/system_process I/art: Background partial concurrent mark sweep GC freed 148629(4MB) AllocSpace objects, 0(0B) LOS objects, 26% free, 11MB/15MB, paused 1.143ms total 120.247ms
12-12 22:01:17.350 1889-1889/com.android.launcher I/Choreographer: Skipped 58 frames!  The application may be doing too much work on its main thread.
12-12 22:01:18.558 1889-1889/com.android.launcher I/Choreographer: Skipped 59 frames!  The application may be doing too much work on its main thread.
12-12 22:01:19.825 1889-1889/com.android.launcher I/Choreographer: Skipped 64 frames!  The application may be doing too much work on its main thread.
12-12 22:01:20.966 1889-1889/com.android.launcher I/Choreographer: Skipped 60 frames!  The application may be doing too much work on its main thread.
12-12 22:01:22.131 1889-1889/com.android.launcher I/Choreographer: Skipped 56 frames!  The application may be doing too much work on its main thread.
12-12 22:01:23.214 1889-1889/com.android.launcher I/Choreographer: Skipped 55 frames!  The application may be doing too much work on its main thread.
12-12 22:01:23.336 1558-1572/system_process I/art: Background partial concurrent mark sweep GC freed 149115(4MB) AllocSpace objects, 0(0B) LOS objects, 26% free, 11MB/15MB, paused 1.341ms total 112.645ms
12-12 22:01:24.432 1889-1889/com.android.launcher I/Choreographer: Skipped 56 frames!  The application may be doing too much work on its main thread.
12-12 22:01:25.512 1889-1889/com.android.launcher I/Choreographer: Skipped 56 frames!  The application may be doing too much work on its main thread.
12-12 22:01:26.264 1558-1581/system_process I/ProcessStatsService: Prepared write state in 1ms
12-12 22:01:26.265 1558-1581/system_process I/ProcessStatsService: Prepared write state in 2ms
12-12 22:01:26.655 1889-1889/com.android.launcher I/Choreographer: Skipped 57 frames!  The application may be doing too much work on its main thread.
12-12 22:01:27.962 1889-1889/com.android.launcher I/Choreographer: Skipped 59 frames!  The application may be doing too much work on its main thread.
12-12 22:01:28.966 1889-1889/com.android.launcher I/Choreographer: Skipped 54 frames!  The application may be doing too much work on its main thread.
12-12 22:01:30.143 1889-1889/com.android.launcher I/Choreographer: Skipped 56 frames!  The application may be doing too much work on its main thread.
12-12 22:01:30.466 1889-1908/com.android.launcher I/art: Background partial concurrent mark sweep GC freed 112615(3MB) AllocSpace objects, 0(0B) LOS objects, 30% free, 9MB/13MB, paused 1.242ms total 162.567ms
12-12 22:01:31.430 1889-1889/com.android.launcher I/Choreographer: Skipped 58 frames!  The application may be doing too much work on its main thread.
12-12 22:01:32.460 1889-1889/com.android.launcher I/Choreographer: Skipped 56 frames!  The application may be doing too much work on its main thread.
12-12 22:01:33.714 1889-1889/com.android.launcher I/Choreographer: Skipped 62 frames!  The application may be doing too much work on its main thread.
12-12 22:01:33.883 1889-1908/com.android.launcher W/art: Suspending all threads took: 24.314ms
12-12 22:01:33.895 1889-1908/com.android.launcher I/art: Background sticky concurrent mark sweep GC freed 13932(777KB) AllocSpace objects, 0(0B) LOS objects, 6% free, 11MB/12MB, paused 25.314ms total 56.143ms
12-12 22:01:34.837 1889-1889/com.android.launcher I/Choreographer: Skipped 59 frames!  The application may be doing too much work on its main thread.
12-12 22:01:36.044 1889-1889/com.android.launcher I/Choreographer: Skipped 61 frames!  The application may be doing too much work on its main thread.
12-12 22:01:36.164 1558-1572/system_process I/art: Background partial concurrent mark sweep GC freed 151131(4MB) AllocSpace objects, 0(0B) LOS objects, 26% free, 11MB/15MB, paused 1.143ms total 191.847ms
12-12 22:01:37.145 1889-1889/com.android.launcher I/Choreographer: Skipped 57 frames!  The application may be doing too much work on its main thread.
12-12 22:01:38.451 1889-1889/com.android.launcher I/Choreographer: Skipped 58 frames!  The application may be doing too much work on its main thread.
12-12 22:01:39.546 1889-1889/com.android.launcher I/Choreographer: Skipped 55 frames!  The application may be doing too much work on its main thread.
12-12 22:01:40.678 1889-1889/com.android.launcher I/Choreographer: Skipped 56 frames!  The application may be doing too much work on its main thread.
12-12 22:01:40.929 1889-1908/com.android.launcher I/art: Background sticky concurrent mark sweep GC freed 64980(2MB) AllocSpace objects, 0(0B) LOS objects, 15% free, 10MB/12MB, paused 1.146ms total 109.813ms
12-12 22:01:41.870 1889-1889/com.android.launcher I/Choreographer: Skipped 57 frames!  The application may be doing too much work on its main thread.
12-12 22:01:42.955 1889-1889/com.android.launcher I/Choreographer: Skipped 55 frames!  The application may be doing too much work on its main thread.
12-12 22:01:43.099 1558-1572/system_process I/art: Background partial concurrent mark sweep GC freed 150733(4MB) AllocSpace objects, 0(0B) LOS objects, 26% free, 11MB/15MB, paused 1.478ms total 116.573ms
12-12 22:01:44.226 1889-1889/com.android.launcher I/Choreographer: Skipped 59 frames!  The application may be doing too much work on its main thread.
12-12 22:01:45.376 1889-1889/com.android.launcher I/Choreographer: Skipped 62 frames!  The application may be doing too much work on its main thread.
12-12 22:01:46.513 1889-1889/com.android.launcher I/Choreographer: Skipped 58 frames!  The application may be doing too much work on its main thread.
12-12 22:01:47.673 1889-1889/com.android.launcher I/Choreographer: Skipped 59 frames!  The application may be doing too much work on its main thread.
12-12 22:01:48.927 1889-1889/com.android.launcher I/Choreographer: Skipped 59 frames!  The application may be doing too much work on its main thread.
12-12 22:01:50.100 1889-1889/com.android.launcher I/Choreographer: Skipped 62 frames!  The application may be doing too much work on its main thread.
12-12 22:01:50.159 1558-1572/system_process I/art: Background partial concurrent mark sweep GC freed 151700(4MB) AllocSpace objects, 0(0B) LOS objects, 26% free, 11MB/15MB, paused 1.446ms total 159.201ms
12-12 22:01:51.201 1889-1889/com.android.launcher I/Choreographer: Skipped 58 frames!  The application may be doing too much work on its main thread.
12-12 22:01:52.373 1889-1889/com.android.launcher I/Choreographer: Skipped 57 frames!  The application may be doing too much work on its main thread.
12-12 22:01:53.624 1889-1889/com.android.launcher I/Choreographer: Skipped 59 frames!  The application may be doing too much work on its main thread.
12-12 22:01:53.765 1889-1908/com.android.launcher I/art: Background partial concurrent mark sweep GC freed 114931(3MB) AllocSpace objects, 0(0B) LOS objects, 30% free, 9MB/13MB, paused 46.327ms total 85.227ms
12-12 22:01:54.781 1889-1889/com.android.launcher I/Choreographer: Skipped 61 frames!  The application may be doing too much work on its main thread.
12-12 22:01:55.949 1889-1889/com.android.launcher I/Choreographer: Skipped 58 frames!  The application may be doing too much work on its main thread.
12-12 22:01:57.108 1889-1889/com.android.launcher I/Choreographer: Skipped 60 frames!  The application may be doing too much work on its main thread.
12-12 22:01:58.265 1889-1889/com.android.launcher I/Choreographer: Skipped 58 frames!  The application may be doing too much work on its main thread.
12-12 22:01:59.401 1889-1889/com.android.launcher I/Choreographer: Skipped 59 frames!  The application may be doing too much work on its main thread.
12-12 22:02:00.618 1889-1889/com.android.launcher I/Choreographer: Skipped 61 frames!  The application may be doing too much work on its main thread.
12-12 22:02:01.749 1889-1889/com.android.launcher I/Choreographer: Skipped 59 frames!  The application may be doing too much work on its main thread.
12-12 22:02:02.895 1889-1889/com.android.launcher I/Choreographer: Skipped 57 frames!  The application may be doing too much work on its main thread.
12-12 22:02:04.023 1889-1889/com.android.launcher I/Choreographer: Skipped 58 frames!  The application may be doing too much work on its main thread.
12-12 22:02:05.192 1889-1889/com.android.launcher I/Choreographer: Skipped 59 frames!  The application may be doing too much work on its main thread.
12-12 22:02:06.343 1889-1889/com.android.launcher I/Choreographer: Skipped 59 frames!  The application may be doing too much work on its main thread.
12-12 22:02:07.478 1889-1889/com.android.launcher I/Choreographer: Skipped 59 frames!  The application may be doing too much work on its main thread.
12-12 22:02:08.588 1889-1889/com.android.launcher I/Choreographer: Skipped 56 frames!  The application may be doing too much work on its main thread.
12-12 22:02:09.743 1889-1889/com.android.launcher I/Choreographer: Skipped 57 frames!  The application may be doing too much work on its main thread.
12-12 22:02:09.993 1889-1908/com.android.launcher I/art: Background sticky concurrent mark sweep GC freed 65426(2MB) AllocSpace objects, 0(0B) LOS objects, 15% free, 10MB/12MB, paused 1.558ms total 101.722ms
12-12 22:02:10.967 1889-1889/com.android.launcher I/Choreographer: Skipped 63 frames!  The application may be doing too much work on its main thread.
12-12 22:02:12.101 1889-1889/com.android.launcher I/Choreographer: Skipped 59 frames!  The application may be doing too much work on its main thread.
12-12 22:02:13.333 1889-1889/com.android.launcher I/Choreographer: Skipped 57 frames!  The application may be doing too much work on its main thread.
12-12 22:02:13.421 1558-1572/system_process I/art: Background partial concurrent mark sweep GC freed 115695(3MB) AllocSpace objects, 0(0B) LOS objects, 26% free, 11MB/15MB, paused 1.034ms total 173.122ms
12-12 22:02:14.407 1889-1889/com.android.launcher I/Choreographer: Skipped 56 frames!  The application may be doing too much work on its main thread.
12-12 22:02:14.699 1889-1908/com.android.launcher I/art: Background partial concurrent mark sweep GC freed 90100(3MB) AllocSpace objects, 0(0B) LOS objects, 29% free, 9MB/13MB, paused 1.718ms total 149.282ms
12-12 22:02:15.666 1889-1889/com.android.launcher I/Choreographer: Skipped 59 frames!  The application may be doing too much work on its main thread.
12-12 22:02:16.776 1889-1889/com.android.launcher I/Choreographer: Skipped 59 frames!  The application may be doing too much work on its main thread.
12-12 22:02:16.977 1889-1908/com.android.launcher I/art: Background sticky concurrent mark sweep GC freed 65595(2MB) AllocSpace objects, 0(0B) LOS objects, 15% free, 10MB/12MB, paused 57.693ms total 77.386ms
12-12 22:02:17.928 1889-1889/com.android.launcher I/Choreographer: Skipped 57 frames!  The application may be doing too much work on its main thread.
12-12 22:02:18.339 1889-1908/com.android.launcher I/art: Background partial concurrent mark sweep GC freed 90029(3MB) AllocSpace objects, 0(0B) LOS objects, 29% free, 9MB/13MB, paused 1.361ms total 109.916ms
12-12 22:02:19.296 1558-1572/system_process I/art: Background partial concurrent mark sweep GC freed 115979(3MB) AllocSpace objects, 0(0B) LOS objects, 26% free, 11MB/15MB, paused 1.135ms total 178.330ms
12-12 22:02:19.397 1889-1889/com.android.launcher I/Choreographer: Skipped 63 frames!  The application may be doing too much work on its main thread.
12-12 22:02:20.394 1889-1889/com.android.launcher I/Choreographer: Skipped 58 frames!  The application may be doing too much work on its main thread.
12-12 22:02:21.477 1889-1889/com.android.launcher I/Choreographer: Skipped 57 frames!  The application may be doing too much work on its main thread.
12-12 22:02:21.676 1889-1908/com.android.launcher I/art: Background sticky concurrent mark sweep GC freed 13997(781KB) AllocSpace objects, 0(0B) LOS objects, 6% free, 11MB/12MB, paused 45.355ms total 55.908ms
12-12 22:02:22.657 1889-1889/com.android.launcher I/Choreographer: Skipped 58 frames!  The application may be doing too much work on its main thread.
12-12 22:02:23.839 1889-1889/com.android.launcher I/Choreographer: Skipped 59 frames!  The application may be doing too much work on its main thread.
12-12 22:02:24.976 1889-1889/com.android.launcher I/Choreographer: Skipped 58 frames!  The application may be doing too much work on its main thread.
12-12 22:02:25.083 1558-1572/system_process I/art: Background partial concurrent mark sweep GC freed 115224(3MB) AllocSpace objects, 0(0B) LOS objects, 26% free, 11MB/15MB, paused 2.319ms total 103.671ms
12-12 22:02:26.122 1889-1889/com.android.launcher I/Choreographer: Skipped 57 frames!  The application may be doing too much work on its main thread.
12-12 22:02:26.369 1889-1908/com.android.launcher I/art: Background partial concurrent mark sweep GC freed 118801(3MB) AllocSpace objects, 0(0B) LOS objects, 29% free, 9MB/13MB, paused 69.544ms total 118.961ms
12-12 22:02:27.397 1889-1889/com.android.launcher I/Choreographer: Skipped 61 frames!  The application may be doing too much work on its main thread.
12-12 22:02:28.533 1889-1889/com.android.launcher I/Choreographer: Skipped 60 frames!  The application may be doing too much work on its main thread.
12-12 22:02:28.621 1558-1572/system_process W/art: Suspending all threads took: 97.449ms
12-12 22:02:28.633 1558-1572/system_process I/art: Background sticky concurrent mark sweep GC freed 43237(1481KB) AllocSpace objects, 0(0B) LOS objects, 10% free, 13MB/15MB, paused 99.483ms total 126.247ms
12-12 22:02:29.776 1889-1889/com.android.launcher I/Choreographer: Skipped 60 frames!  The application may be doing too much work on its main thread.
12-12 22:02:30.991 1889-1889/com.android.launcher I/Choreographer: Skipped 64 frames!  The application may be doing too much work on its main thread.
12-12 22:02:31.020 1558-1572/system_process I/art: Background partial concurrent mark sweep GC freed 156987(5MB) AllocSpace objects, 0(0B) LOS objects, 26% free, 11MB/15MB, paused 1.400ms total 156.053ms
12-12 22:02:32.229 1889-1889/com.android.launcher I/Choreographer: Skipped 61 frames!  The application may be doing too much work on its main thread.
12-12 22:02:33.376 1889-1889/com.android.launcher I/Choreographer: Skipped 60 frames!  The application may be doing too much work on its main thread.
12-12 22:02:34.541 1889-1889/com.android.launcher I/Choreographer: Skipped 58 frames!  The application may be doing too much work on its main thread.
12-12 22:02:35.681 1889-1889/com.android.launcher I/Choreographer: Skipped 58 frames!  The application may be doing too much work on its main thread.
12-12 22:02:35.896 1889-1908/com.android.launcher I/art: Background sticky concurrent mark sweep GC freed 65850(2MB) AllocSpace objects, 0(0B) LOS objects, 15% free, 10MB/12MB, paused 946us total 107.191ms
12-12 22:02:36.862 1889-1889/com.android.launcher I/Choreographer: Skipped 57 frames!  The application may be doing too much work on its main thread.
12-12 22:02:36.993 1558-1572/system_process I/art: Background partial concurrent mark sweep GC freed 116873(3MB) AllocSpace objects, 0(0B) LOS objects, 26% free, 11MB/15MB, paused 1.020ms total 167.107ms
12-12 22:02:38.031 1889-1889/com.android.launcher I/Choreographer: Skipped 59 frames!  The application may be doing too much work on its main thread.
12-12 22:02:39.235 1889-1889/com.android.launcher I/Choreographer: Skipped 63 frames!  The application may be doing too much work on its main thread.
12-12 22:02:40.451 1889-1889/com.android.launcher I/Choreographer: Skipped 65 frames!  The application may be doing too much work on its main thread.
12-12 22:02:40.608 1889-1908/com.android.launcher I/art: Background partial concurrent mark sweep GC freed 90895(3MB) AllocSpace objects, 0(0B) LOS objects, 29% free, 9MB/13MB, paused 33.615ms total 64.534ms
12-12 22:02:41.575 1889-1889/com.android.launcher I/Choreographer: Skipped 60 frames!  The application may be doing too much work on its main thread.
12-12 22:02:42.788 1889-1889/com.android.launcher I/Choreographer: Skipped 61 frames!  The application may be doing too much work on its main thread.
12-12 22:02:42.854 1558-1572/system_process I/art: Background sticky concurrent mark sweep GC freed 3338(156KB) AllocSpace objects, 0(0B) LOS objects, 0% free, 14MB/14MB, paused 1.914ms total 137.587ms
12-12 22:02:43.984 1889-1889/com.android.launcher I/Choreographer: Skipped 60 frames!  The application may be doing too much work on its main thread.
12-12 22:02:45.131 1889-1889/com.android.launcher I/Choreographer: Skipped 58 frames!  The application may be doing too much work on its main thread.
12-12 22:02:46.698 1889-1889/com.android.launcher I/Choreographer: Skipped 72 frames!  The application may be doing too much work on its main thread.
12-12 22:02:47.887 1889-1889/com.android.launcher I/Choreographer: Skipped 70 frames!  The application may be doing too much work on its main thread.
12-12 22:02:48.895 1889-1889/com.android.launcher I/Choreographer: Skipped 59 frames!  The application may be doing too much work on its main thread.
12-12 22:02:48.925 1558-1572/system_process I/art: Background partial concurrent mark sweep GC freed 117424(3MB) AllocSpace objects, 0(0B) LOS objects, 26% free, 11MB/15MB, paused 1.128ms total 190.987ms
12-12 22:02:49.976 1889-1889/com.android.launcher I/Choreographer: Skipped 60 frames!  The application may be doing too much work on its main thread.
12-12 22:02:51.251 1889-1889/com.android.launcher I/Choreographer: Skipped 67 frames!  The application may be doing too much work on its main thread.
12-12 22:02:51.353 1889-1908/com.android.launcher I/art: Background sticky concurrent mark sweep GC freed 14166(790KB) AllocSpace objects, 0(0B) LOS objects, 5% free, 13MB/13MB, paused 28.822ms total 55.417ms
12-12 22:02:52.396 1889-1889/com.android.launcher I/Choreographer: Skipped 62 frames!  The application may be doing too much work on its main thread.
12-12 22:02:52.416 1558-1572/system_process I/art: Background sticky concurrent mark sweep GC freed 81692(2MB) AllocSpace objects, 0(0B) LOS objects, 13% free, 12MB/14MB, paused 1.357ms total 116.783ms
12-12 22:02:53.512 1889-1889/com.android.launcher I/Choreographer: Skipped 59 frames!  The application may be doing too much work on its main thread.
12-12 22:02:54.797 1558-1572/system_process I/art: Background partial concurrent mark sweep GC freed 119653(3MB) AllocSpace objects, 0(0B) LOS objects, 26% free, 11MB/15MB, paused 1.087ms total 156.357ms
12-12 22:02:54.849 1889-1889/com.android.launcher I/Choreographer: Skipped 59 frames!  The application may be doing too much work on its main thread.
12-12 22:02:55.960 1889-1889/com.android.launcher I/Choreographer: Skipped 60 frames!  The application may be doing too much work on its main thread.
12-12 22:02:57.192 1889-1889/com.android.launcher I/Choreographer: Skipped 64 frames!  The application may be doing too much work on its main thread.
12-12 22:02:58.230 3841-3856/com.example.minatsu.r_colorclock I/art: WaitForGcToComplete blocked for 9.353ms for cause Background
12-12 22:02:58.351 1889-1889/com.android.launcher I/Choreographer: Skipped 65 frames!  The application may be doing too much work on its main thread.
12-12 22:02:58.380 1558-1572/system_process I/art: Background sticky concurrent mark sweep GC freed 83256(2MB) AllocSpace objects, 0(0B) LOS objects, 13% free, 12MB/14MB, paused 995us total 121.859ms
12-12 22:02:58.662 1889-1908/com.android.launcher I/art: Background sticky concurrent mark sweep GC freed 67080(2MB) AllocSpace objects, 0(0B) LOS objects, 15% free, 10MB/12MB, paused 180.865ms total 220.507ms
12-12 22:02:59.675 1889-1889/com.android.launcher I/Choreographer: Skipped 62 frames!  The application may be doing too much work on its main thread.
12-12 22:03:00.724 1889-1889/com.android.launcher I/Choreographer: Skipped 60 frames!  The application may be doing too much work on its main thread.
12-12 22:03:00.838 1558-1572/system_process I/art: Background partial concurrent mark sweep GC freed 121905(3MB) AllocSpace objects, 0(0B) LOS objects, 26% free, 11MB/15MB, paused 1.352ms total 184.784ms
12-12 22:03:01.892 1889-1889/com.android.launcher I/Choreographer: Skipped 60 frames!  The application may be doing too much work on its main thread.
12-12 22:03:03.029 1889-1889/com.android.launcher I/Choreographer: Skipped 57 frames!  The application may be doing too much work on its main thread.
12-12 22:03:04.190 1889-1889/com.android.launcher I/Choreographer: Skipped 58 frames!  The application may be doing too much work on its main thread.
12-12 22:03:05.314 1889-1889/com.android.launcher I/Choreographer: Skipped 56 frames!  The application may be doing too much work on its main thread.
12-12 22:03:06.501 1889-1889/com.android.launcher I/Choreographer: Skipped 59 frames!  The application may be doing too much work on its main thread.
12-12 22:03:06.608 1558-1572/system_process I/art: Background partial concurrent mark sweep GC freed 160719(5MB) AllocSpace objects, 0(0B) LOS objects, 26% free, 11MB/15MB, paused 1.154ms total 146.481ms
12-12 22:03:07.633 1889-1889/com.android.launcher I/Choreographer: Skipped 57 frames!  The application may be doing too much work on its main thread.
12-12 22:03:08.799 1889-1889/com.android.launcher I/Choreographer: Skipped 62 frames!  The application may be doing too much work on its main thread.
12-12 22:03:08.973 1889-1908/com.android.launcher I/art: Background sticky concurrent mark sweep GC freed 67489(2MB) AllocSpace objects, 0(0B) LOS objects, 15% free, 10MB/12MB, paused 36.866ms total 77.793ms
12-12 22:03:09.968 1889-1889/com.android.launcher I/Choreographer: Skipped 63 frames!  The application may be doing too much work on its main thread.
12-12 22:03:10.015 1558-1572/system_process I/art: Background sticky concurrent mark sweep GC freed 82206(2MB) AllocSpace objects, 0(0B) LOS objects, 13% free, 12MB/14MB, paused 1.051ms total 109.364ms
12-12 22:03:11.186 1889-1889/com.android.launcher I/Choreographer: Skipped 63 frames!  The application may be doing too much work on its main thread.
12-12 22:03:12.365 1889-1889/com.android.launcher I/Choreographer: Skipped 61 frames!  The application may be doing too much work on its main thread.
12-12 22:03:12.470 1558-1572/system_process I/art: Background partial concurrent mark sweep GC freed 122449(3MB) AllocSpace objects, 0(0B) LOS objects, 26% free, 11MB/15MB, paused 1.624ms total 186.267ms
12-12 22:03:12.550 1889-1908/com.android.launcher I/art: Background sticky concurrent mark sweep GC freed 67257(2MB) AllocSpace objects, 0(0B) LOS objects, 15% free, 10MB/12MB, paused 44.235ms total 66.452ms
12-12 22:03:13.514 1889-1889/com.android.launcher I/Choreographer: Skipped 57 frames!  The application may be doing too much work on its main thread.
12-12 22:03:14.672 1889-1889/com.android.launcher I/Choreographer: Skipped 59 frames!  The application may be doing too much work on its main thread.
12-12 22:03:15.877 1889-1889/com.android.launcher I/Choreographer: Skipped 61 frames!  The application may be doing too much work on its main thread.
12-12 22:03:15.925 1558-1572/system_process I/art: Background sticky concurrent mark sweep GC freed 82367(2MB) AllocSpace objects, 0(0B) LOS objects, 13% free, 12MB/14MB, paused 4.980ms total 116.809ms
12-12 22:03:16.085 1889-1908/com.android.launcher I/art: Background sticky concurrent mark sweep GC freed 67377(2MB) AllocSpace objects, 0(0B) LOS objects, 15% free, 10MB/12MB, paused 53.571ms total 92.200ms
12-12 22:03:17.119 1889-1889/com.android.launcher I/Choreographer: Skipped 63 frames!  The application may be doing too much work on its main thread.
12-12 22:03:18.371 1889-1889/com.android.launcher I/Choreographer: Skipped 65 frames!  The application may be doing too much work on its main thread.
12-12 22:03:18.377 1558-1572/system_process I/art: Background partial concurrent mark sweep GC freed 122497(3MB) AllocSpace objects, 0(0B) LOS objects, 26% free, 11MB/15MB, paused 1.502ms total 204.488ms
12-12 22:03:19.836 1889-1889/com.android.launcher I/Choreographer: Skipped 81 frames!  The application may be doing too much work on its main thread.
12-12 22:03:21.000 1889-1889/com.android.launcher I/Choreographer: Skipped 68 frames!  The application may be doing too much work on its main thread.
12-12 22:03:21.975 1558-1572/system_process I/art: Background sticky concurrent mark sweep GC freed 82511(2MB) AllocSpace objects, 0(0B) LOS objects, 13% free, 12MB/14MB, paused 1.525ms total 134.384ms
12-12 22:03:22.102 1889-1889/com.android.launcher I/Choreographer: Skipped 65 frames!  The application may be doing too much work on its main thread.
12-12 22:03:23.114 1889-1889/com.android.launcher I/Choreographer: Skipped 59 frames!  The application may be doing too much work on its main thread.
12-12 22:03:24.378 1889-1889/com.android.launcher I/Choreographer: Skipped 64 frames!  The application may be doing too much work on its main thread.
12-12 22:03:24.433 1558-1572/system_process I/art: Background partial concurrent mark sweep GC freed 123042(4MB) AllocSpace objects, 0(0B) LOS objects, 26% free, 11MB/15MB, paused 1.189ms total 219.739ms
12-12 22:03:25.502 1889-1889/com.android.launcher I/Choreographer: Skipped 61 frames!  The application may be doing too much work on its main thread.
12-12 22:03:26.677 1889-1889/com.android.launcher I/Choreographer: Skipped 63 frames!  The application may be doing too much work on its main thread.
12-12 22:03:26.822 1889-1908/com.android.launcher I/art: Background sticky concurrent mark sweep GC freed 67872(2MB) AllocSpace objects, 0(0B) LOS objects, 15% free, 10MB/12MB, paused 25.120ms total 50.098ms
12-12 22:03:27.802 1889-1889/com.android.launcher I/Choreographer: Skipped 59 frames!  The application may be doing too much work on its main thread.
12-12 22:03:27.964 1889-1908/com.android.launcher I/art: Background sticky concurrent mark sweep GC freed 14390(803KB) AllocSpace objects, 0(0B) LOS objects, 6% free, 11MB/12MB, paused 29.862ms total 45.230ms
12-12 22:03:28.945 1889-1889/com.android.launcher I/Choreographer: Skipped 58 frames!  The application may be doing too much work on its main thread.
12-12 22:03:30.102 1889-1889/com.android.launcher I/Choreographer: Skipped 59 frames!  The application may be doing too much work on its main thread.
12-12 22:03:31.305 1889-1889/com.android.launcher I/Choreographer: Skipped 61 frames!  The application may be doing too much work on its main thread.
12-12 22:03:32.548 1889-1889/com.android.launcher I/Choreographer: Skipped 59 frames!  The application may be doing too much work on its main thread.
12-12 22:03:32.797 1889-1908/com.android.launcher I/art: Background partial concurrent mark sweep GC freed 125915(4MB) AllocSpace objects, 0(0B) LOS objects, 29% free, 9MB/13MB, paused 914us total 197.206ms
12-12 22:03:33.751 1558-1572/system_process I/art: Background sticky concurrent mark sweep GC freed 43488(1481KB) AllocSpace objects, 0(0B) LOS objects, 9% free, 13MB/15MB, paused 1.342ms total 130.866ms
12-12 22:03:33.831 1889-1889/com.android.launcher I/Choreographer: Skipped 61 frames!  The application may be doing too much work on its main thread.
12-12 22:03:35.079 1889-1908/com.android.launcher I/art: Background sticky concurrent mark sweep GC freed 27863(1554KB) AllocSpace objects, 0(0B) LOS objects, 11% free, 11MB/13MB, paused 30.186ms total 53.763ms
12-12 22:03:35.148 1889-1889/com.android.launcher I/Choreographer: Skipped 69 frames!  The application may be doing too much work on its main thread.
12-12 22:03:36.237 1889-1889/com.android.launcher I/Choreographer: Skipped 64 frames!  The application may be doing too much work on its main thread.
12-12 22:03:37.348 1889-1889/com.android.launcher I/Choreographer: Skipped 61 frames!  The application may be doing too much work on its main thread.
12-12 22:03:38.478 1889-1889/com.android.launcher I/Choreographer: Skipped 60 frames!  The application may be doing too much work on its main thread.
12-12 22:03:38.597 1558-1572/system_process I/art: Background sticky concurrent mark sweep GC freed 43921(1500KB) AllocSpace objects, 0(0B) LOS objects, 9% free, 13MB/15MB, paused 1.708ms total 142.766ms
12-12 22:03:39.729 1889-1889/com.android.launcher I/Choreographer: Skipped 61 frames!  The application may be doing too much work on its main thread.
12-12 22:03:41.088 1889-1889/com.android.launcher I/Choreographer: Skipped 73 frames!  The application may be doing too much work on its main thread.
12-12 22:03:42.278 1889-1889/com.android.launcher I/Choreographer: Skipped 64 frames!  The application may be doing too much work on its main thread.
12-12 22:03:42.409 1889-1908/com.android.launcher I/art: Background sticky concurrent mark sweep GC freed 67950(2MB) AllocSpace objects, 0(0B) LOS objects, 15% free, 10MB/12MB, paused 30.500ms total 48.337ms
12-12 22:03:43.507 1889-1889/com.android.launcher I/Choreographer: Skipped 66 frames!  The application may be doing too much work on its main thread.
12-12 22:03:43.517 1558-1572/system_process I/art: Background sticky concurrent mark sweep GC freed 83164(2MB) AllocSpace objects, 0(0B) LOS objects, 13% free, 12MB/14MB, paused 1.631ms total 126.182ms
12-12 22:03:43.627 1889-1908/com.android.launcher I/art: Background sticky concurrent mark sweep GC freed 14481(808KB) AllocSpace objects, 0(0B) LOS objects, 5% free, 11MB/12MB, paused 30.843ms total 43.754ms
12-12 22:03:44.671 1889-1889/com.android.launcher I/Choreographer: Skipped 62 frames!  The application may be doing too much work on its main thread.
12-12 22:03:45.974 1558-1572/system_process I/art: Background partial concurrent mark sweep GC freed 124110(4MB) AllocSpace objects, 0(0B) LOS objects, 26% free, 11MB/15MB, paused 1.051ms total 198.761ms
12-12 22:03:45.975 1889-1889/com.android.launcher I/Choreographer: Skipped 62 frames!  The application may be doing too much work on its main thread.
12-12 22:03:47.073 1889-1889/com.android.launcher I/Choreographer: Skipped 62 frames!  The application may be doing too much work on its main thread.
12-12 22:03:48.310 1889-1889/com.android.launcher I/Choreographer: Skipped 61 frames!  The application may be doing too much work on its main thread.
12-12 22:03:49.454 1889-1889/com.android.launcher I/Choreographer: Skipped 60 frames!  The application may be doing too much work on its main thread.
12-12 22:03:50.666 1889-1889/com.android.launcher I/Choreographer: Skipped 60 frames!  The application may be doing too much work on its main thread.
