12-12 21:51:46.560 1889-1889/com.android.launcher I/Choreographer: Skipped 43 frames!  The application may be doing too much work on its main thread.
12-12 21:51:47.659 1889-1889/com.android.launcher I/Choreographer: Skipped 45 frames!  The application may be doing too much work on its main thread.
12-12 21:51:48.911 1889-1889/com.android.launcher I/Choreographer: Skipped 44 frames!  The application may be doing too much work on its main thread.
12-12 21:51:49.899 1889-1889/com.android.launcher I/Choreographer: Skipped 43 frames!  The application may be doing too much work on its main thread.
12-12 21:51:50.979 1889-1889/com.android.launcher I/Choreographer: Skipped 43 frames!  The application may be doing too much work on its main thread.
12-12 21:51:52.165 1889-1889/com.android.launcher I/Choreographer: Skipped 45 frames!  The application may be doing too much work on its main thread.
12-12 21:51:53.248 1889-1889/com.android.launcher I/Choreographer: Skipped 39 frames!  The application may be doing too much work on its main thread.
12-12 21:51:54.306 1889-1889/com.android.launcher I/Choreographer: Skipped 41 frames!  The application may be doing too much work on its main thread.
12-12 21:51:55.376 1889-1889/com.android.launcher I/Choreographer: Skipped 40 frames!  The application may be doing too much work on its main thread.
12-12 21:51:56.517 1889-1889/com.android.launcher I/Choreographer: Skipped 40 frames!  The application may be doing too much work on its main thread.
12-12 21:51:57.662 1889-1889/com.android.launcher I/Choreographer: Skipped 41 frames!  The application may be doing too much work on its main thread.
12-12 21:51:58.869 1889-1889/com.android.launcher I/Choreographer: Skipped 40 frames!  The application may be doing too much work on its main thread.
12-12 21:51:59.209 1558-1572/system_process I/art: Background partial concurrent mark sweep GC freed 141908(4MB) AllocSpace objects, 0(0B) LOS objects, 27% free, 10MB/14MB, paused 1.424ms total 132.040ms
12-12 21:51:59.955 1889-1889/com.android.launcher I/Choreographer: Skipped 42 frames!  The application may be doing too much work on its main thread.
12-12 21:52:01.060 1889-1889/com.android.launcher I/Choreographer: Skipped 42 frames!  The application may be doing too much work on its main thread.
12-12 21:52:02.109 1889-1889/com.android.launcher I/Choreographer: Skipped 39 frames!  The application may be doing too much work on its main thread.
12-12 21:52:03.284 1889-1889/com.android.launcher I/Choreographer: Skipped 43 frames!  The application may be doing too much work on its main thread.
12-12 21:52:04.402 1889-1889/com.android.launcher I/Choreographer: Skipped 43 frames!  The application may be doing too much work on its main thread.
12-12 21:52:05.457 1889-1889/com.android.launcher I/Choreographer: Skipped 40 frames!  The application may be doing too much work on its main thread.
12-12 21:52:06.651 1889-1889/com.android.launcher I/Choreographer: Skipped 43 frames!  The application may be doing too much work on its main thread.
12-12 21:52:07.731 1889-1889/com.android.launcher I/Choreographer: Skipped 41 frames!  The application may be doing too much work on its main thread.
12-12 21:52:08.821 1889-1889/com.android.launcher I/Choreographer: Skipped 41 frames!  The application may be doing too much work on its main thread.
12-12 21:52:10.153 1889-1889/com.android.launcher I/Choreographer: Skipped 50 frames!  The application may be doing too much work on its main thread.
12-12 21:52:11.145 1889-1889/com.android.launcher I/Choreographer: Skipped 45 frames!  The application may be doing too much work on its main thread.
12-12 21:52:12.187 1889-1889/com.android.launcher I/Choreographer: Skipped 40 frames!  The application may be doing too much work on its main thread.
12-12 21:52:13.300 1889-1889/com.android.launcher I/Choreographer: Skipped 41 frames!  The application may be doing too much work on its main thread.
12-12 21:52:14.478 1889-1889/com.android.launcher I/Choreographer: Skipped 44 frames!  The application may be doing too much work on its main thread.
12-12 21:52:15.624 1889-1889/com.android.launcher I/Choreographer: Skipped 44 frames!  The application may be doing too much work on its main thread.
12-12 21:52:16.717 1889-1889/com.android.launcher I/Choreographer: Skipped 43 frames!  The application may be doing too much work on its main thread.
12-12 21:52:17.169 1889-1908/com.android.launcher I/art: Background sticky concurrent mark sweep GC freed 86795(3MB) AllocSpace objects, 0(0B) LOS objects, 16% free, 9MB/11MB, paused 3.197ms total 128.095ms
12-12 21:52:17.962 1889-1889/com.android.launcher I/Choreographer: Skipped 47 frames!  The application may be doing too much work on its main thread.
12-12 21:52:18.980 1889-1889/com.android.launcher I/Choreographer: Skipped 44 frames!  The application may be doing too much work on its main thread.
12-12 21:52:20.128 1889-1889/com.android.launcher I/Choreographer: Skipped 45 frames!  The application may be doing too much work on its main thread.
12-12 21:52:21.261 1889-1889/com.android.launcher I/Choreographer: Skipped 44 frames!  The application may be doing too much work on its main thread.
12-12 21:52:22.289 1889-1889/com.android.launcher I/Choreographer: Skipped 41 frames!  The application may be doing too much work on its main thread.
12-12 21:52:23.508 1889-1889/com.android.launcher I/Choreographer: Skipped 42 frames!  The application may be doing too much work on its main thread.
12-12 21:52:24.512 1889-1889/com.android.launcher I/Choreographer: Skipped 41 frames!  The application may be doing too much work on its main thread.
12-12 21:52:25.628 1889-1889/com.android.launcher I/Choreographer: Skipped 42 frames!  The application may be doing too much work on its main thread.
12-12 21:52:26.764 1889-1889/com.android.launcher I/Choreographer: Skipped 42 frames!  The application may be doing too much work on its main thread.
12-12 21:52:28.033 1889-1889/com.android.launcher I/Choreographer: Skipped 45 frames!  The application may be doing too much work on its main thread.
12-12 21:52:29.137 1889-1889/com.android.launcher I/Choreographer: Skipped 46 frames!  The application may be doing too much work on its main thread.
12-12 21:52:30.236 1889-1889/com.android.launcher I/Choreographer: Skipped 42 frames!  The application may be doing too much work on its main thread.
12-12 21:52:31.266 1889-1889/com.android.launcher I/Choreographer: Skipped 40 frames!  The application may be doing too much work on its main thread.
12-12 21:52:32.422 1889-1889/com.android.launcher I/Choreographer: Skipped 45 frames!  The application may be doing too much work on its main thread.
12-12 21:52:33.544 1889-1889/com.android.launcher I/Choreographer: Skipped 44 frames!  The application may be doing too much work on its main thread.
12-12 21:52:34.000 1889-1908/com.android.launcher I/art: Background partial concurrent mark sweep GC freed 87668(2MB) AllocSpace objects, 0(0B) LOS objects, 30% free, 9MB/13MB, paused 1.834ms total 143.801ms
12-12 21:52:34.796 1889-1889/com.android.launcher I/Choreographer: Skipped 48 frames!  The application may be doing too much work on its main thread.
12-12 21:52:35.788 1889-1889/com.android.launcher I/Choreographer: Skipped 47 frames!  The application may be doing too much work on its main thread.
12-12 21:52:36.898 1889-1889/com.android.launcher I/Choreographer: Skipped 45 frames!  The application may be doing too much work on its main thread.
12-12 21:52:37.908 1889-1889/com.android.launcher I/Choreographer: Skipped 42 frames!  The application may be doing too much work on its main thread.
12-12 21:52:39.055 1889-1889/com.android.launcher I/Choreographer: Skipped 43 frames!  The application may be doing too much work on its main thread.
12-12 21:52:40.317 1889-1889/com.android.launcher I/Choreographer: Skipped 49 frames!  The application may be doing too much work on its main thread.
12-12 21:52:41.327 1889-1889/com.android.launcher I/Choreographer: Skipped 45 frames!  The application may be doing too much work on its main thread.
12-12 21:52:42.473 1889-1889/com.android.launcher I/Choreographer: Skipped 46 frames!  The application may be doing too much work on its main thread.
12-12 21:52:42.868 1889-1908/com.android.launcher I/art: Background sticky concurrent mark sweep GC freed 88068(3MB) AllocSpace objects, 0(0B) LOS objects, 16% free, 9MB/11MB, paused 1.179ms total 110.401ms
12-12 21:52:43.608 1889-1889/com.android.launcher I/Choreographer: Skipped 43 frames!  The application may be doing too much work on its main thread.
12-12 21:52:44.746 1889-1889/com.android.launcher I/Choreographer: Skipped 48 frames!  The application may be doing too much work on its main thread.
12-12 21:52:45.798 1889-1889/com.android.launcher I/Choreographer: Skipped 42 frames!  The application may be doing too much work on its main thread.
12-12 21:52:46.118 1558-1572/system_process I/art: Background partial concurrent mark sweep GC freed 116643(3MB) AllocSpace objects, 0(0B) LOS objects, 27% free, 10MB/14MB, paused 1.198ms total 119.294ms
12-12 21:52:46.930 1889-1889/com.android.launcher I/Choreographer: Skipped 43 frames!  The application may be doing too much work on its main thread.
12-12 21:52:47.985 1889-1889/com.android.launcher I/Choreographer: Skipped 42 frames!  The application may be doing too much work on its main thread.
12-12 21:52:49.207 1889-1889/com.android.launcher I/Choreographer: Skipped 41 frames!  The application may be doing too much work on its main thread.
12-12 21:52:50.248 1889-1889/com.android.launcher I/Choreographer: Skipped 42 frames!  The application may be doing too much work on its main thread.
12-12 21:52:51.403 1889-1889/com.android.launcher I/Choreographer: Skipped 43 frames!  The application may be doing too much work on its main thread.
12-12 21:52:51.673 3841-3841/com.example.minatsu.r_colorclock D/CompanionRunnable: count=1500
12-12 21:52:52.471 1889-1889/com.android.launcher I/Choreographer: Skipped 44 frames!  The application may be doing too much work on its main thread.
12-12 21:52:52.930 1558-1572/system_process I/art: Background sticky concurrent mark sweep GC freed 2203(103KB) AllocSpace objects, 0(0B) LOS objects, 1% free, 13MB/13MB, paused 1.297ms total 156.003ms
12-12 21:52:53.879 1889-1889/com.android.launcher I/Choreographer: Skipped 49 frames!  The application may be doing too much work on its main thread.
12-12 21:52:54.094 1558-1572/system_process I/art: Background partial concurrent mark sweep GC freed 117018(3MB) AllocSpace objects, 0(0B) LOS objects, 27% free, 10MB/14MB, paused 1.528ms total 119.001ms
12-12 21:52:54.914 1889-1889/com.android.launcher I/Choreographer: Skipped 46 frames!  The application may be doing too much work on its main thread.
12-12 21:52:55.304 1889-1908/com.android.launcher I/art: Background sticky concurrent mark sweep GC freed 3302(184KB) AllocSpace objects, 0(0B) LOS objects, 1% free, 11MB/11MB, paused 54.526ms total 72.902ms
12-12 21:52:56.081 1889-1889/com.android.launcher I/Choreographer: Skipped 46 frames!  The application may be doing too much work on its main thread.
12-12 21:52:57.260 1889-1889/com.android.launcher I/Choreographer: Skipped 51 frames!  The application may be doing too much work on its main thread.
12-12 21:52:58.322 1889-1889/com.android.launcher I/Choreographer: Skipped 49 frames!  The application may be doing too much work on its main thread.
12-12 21:52:58.611 1889-1908/com.android.launcher I/art: Background sticky concurrent mark sweep GC freed 87878(3MB) AllocSpace objects, 0(0B) LOS objects, 16% free, 9MB/11MB, paused 27.869ms total 65.571ms
12-12 21:52:59.354 1889-1889/com.android.launcher I/Choreographer: Skipped 47 frames!  The application may be doing too much work on its main thread.
12-12 21:53:00.601 1889-1889/com.android.launcher I/Choreographer: Skipped 54 frames!  The application may be doing too much work on its main thread.
12-12 21:53:01.630 1889-1889/com.android.launcher I/Choreographer: Skipped 46 frames!  The application may be doing too much work on its main thread.
12-12 21:53:01.993 1558-1572/system_process I/art: Background partial concurrent mark sweep GC freed 88900(2MB) AllocSpace objects, 0(0B) LOS objects, 27% free, 10MB/14MB, paused 1.566ms total 164.569ms
12-12 21:53:02.840 1889-1889/com.android.launcher I/Choreographer: Skipped 49 frames!  The application may be doing too much work on its main thread.
12-12 21:53:03.102 1889-1908/com.android.launcher I/art: Background sticky concurrent mark sweep GC freed 81948(3MB) AllocSpace objects, 0(0B) LOS objects, 16% free, 9MB/11MB, paused 21.340ms total 42.609ms
12-12 21:53:03.831 1889-1889/com.android.launcher I/Choreographer: Skipped 43 frames!  The application may be doing too much work on its main thread.
12-12 21:53:05.036 1889-1889/com.android.launcher I/Choreographer: Skipped 44 frames!  The application may be doing too much work on its main thread.
12-12 21:53:06.089 1889-1889/com.android.launcher I/Choreographer: Skipped 46 frames!  The application may be doing too much work on its main thread.
12-12 21:53:07.201 1889-1889/com.android.launcher I/Choreographer: Skipped 44 frames!  The application may be doing too much work on its main thread.
12-12 21:53:08.315 1889-1889/com.android.launcher I/Choreographer: Skipped 42 frames!  The application may be doing too much work on its main thread.
12-12 21:53:09.419 1889-1889/com.android.launcher I/Choreographer: Skipped 44 frames!  The application may be doing too much work on its main thread.
12-12 21:53:10.652 1889-1889/com.android.launcher I/Choreographer: Skipped 45 frames!  The application may be doing too much work on its main thread.
12-12 21:53:11.753 1889-1889/com.android.launcher I/Choreographer: Skipped 44 frames!  The application may be doing too much work on its main thread.
12-12 21:53:12.855 1889-1889/com.android.launcher I/Choreographer: Skipped 44 frames!  The application may be doing too much work on its main thread.
12-12 21:53:13.945 1889-1889/com.android.launcher I/Choreographer: Skipped 43 frames!  The application may be doing too much work on its main thread.
12-12 21:53:15.087 1889-1889/com.android.launcher I/Choreographer: Skipped 46 frames!  The application may be doing too much work on its main thread.
12-12 21:53:15.328 1558-1572/system_process W/art: Suspending all threads took: 7.615ms
12-12 21:53:15.356 1558-1572/system_process I/art: Background sticky concurrent mark sweep GC freed 32233(1097KB) AllocSpace objects, 0(0B) LOS objects, 7% free, 12MB/13MB, paused 27.221ms total 48.780ms
12-12 21:53:15.442 1889-1908/com.android.launcher I/art: Background sticky concurrent mark sweep GC freed 3547(197KB) AllocSpace objects, 0(0B) LOS objects, 1% free, 11MB/11MB, paused 39.399ms total 50.676ms
12-12 21:53:16.170 1889-1889/com.android.launcher I/Choreographer: Skipped 43 frames!  The application may be doing too much work on its main thread.
12-12 21:53:16.521 1558-1572/system_process I/art: Background partial concurrent mark sweep GC freed 89394(2MB) AllocSpace objects, 0(0B) LOS objects, 27% free, 10MB/14MB, paused 997us total 102.115ms
12-12 21:53:17.235 1889-1889/com.android.launcher I/Choreographer: Skipped 41 frames!  The application may be doing too much work on its main thread.
12-12 21:53:18.373 1889-1889/com.android.launcher I/Choreographer: Skipped 42 frames!  The application may be doing too much work on its main thread.
12-12 21:53:18.852 1889-1908/com.android.launcher I/art: Background sticky concurrent mark sweep GC freed 89122(3MB) AllocSpace objects, 0(0B) LOS objects, 16% free, 9MB/11MB, paused 1.684ms total 149.945ms
12-12 21:53:19.572 1889-1889/com.android.launcher I/Choreographer: Skipped 42 frames!  The application may be doing too much work on its main thread.
12-12 21:53:20.677 1889-1889/com.android.launcher I/Choreographer: Skipped 43 frames!  The application may be doing too much work on its main thread.
12-12 21:53:21.692 1889-1889/com.android.launcher I/Choreographer: Skipped 43 frames!  The application may be doing too much work on its main thread.
12-12 21:53:22.800 1889-1889/com.android.launcher I/Choreographer: Skipped 42 frames!  The application may be doing too much work on its main thread.
12-12 21:53:23.963 1889-1889/com.android.launcher I/Choreographer: Skipped 44 frames!  The application may be doing too much work on its main thread.
12-12 21:53:25.192 1889-1889/com.android.launcher I/Choreographer: Skipped 46 frames!  The application may be doing too much work on its main thread.
12-12 21:53:25.598 1889-1908/com.android.launcher I/art: Background sticky concurrent mark sweep GC freed 3934(219KB) AllocSpace objects, 0(0B) LOS objects, 1% free, 11MB/11MB, paused 829us total 122.420ms
12-12 21:53:26.350 1889-1889/com.android.launcher I/Choreographer: Skipped 44 frames!  The application may be doing too much work on its main thread.
12-12 21:53:27.319 1889-1889/com.android.launcher I/Choreographer: Skipped 42 frames!  The application may be doing too much work on its main thread.
12-12 21:53:28.516 1889-1889/com.android.launcher I/Choreographer: Skipped 45 frames!  The application may be doing too much work on its main thread.
12-12 21:53:29.626 1889-1889/com.android.launcher I/Choreographer: Skipped 42 frames!  The application may be doing too much work on its main thread.
12-12 21:53:30.743 1889-1889/com.android.launcher I/Choreographer: Skipped 44 frames!  The application may be doing too much work on its main thread.
12-12 21:53:31.914 1889-1889/com.android.launcher I/Choreographer: Skipped 43 frames!  The application may be doing too much work on its main thread.
12-12 21:53:33.118 1889-1889/com.android.launcher I/Choreographer: Skipped 49 frames!  The application may be doing too much work on its main thread.
12-12 21:53:34.231 1889-1889/com.android.launcher I/Choreographer: Skipped 45 frames!  The application may be doing too much work on its main thread.
12-12 21:53:35.404 1889-1889/com.android.launcher I/Choreographer: Skipped 47 frames!  The application may be doing too much work on its main thread.
12-12 21:53:36.365 1889-1889/com.android.launcher I/Choreographer: Skipped 43 frames!  The application may be doing too much work on its main thread.
12-12 21:53:37.531 1889-1889/com.android.launcher I/Choreographer: Skipped 47 frames!  The application may be doing too much work on its main thread.
12-12 21:53:38.584 1889-1889/com.android.launcher I/Choreographer: Skipped 43 frames!  The application may be doing too much work on its main thread.
12-12 21:53:38.943 1558-1572/system_process I/art: Background partial concurrent mark sweep GC freed 90710(2MB) AllocSpace objects, 0(0B) LOS objects, 27% free, 10MB/14MB, paused 1.144ms total 122.078ms
12-12 21:53:39.694 1889-1889/com.android.launcher I/Choreographer: Skipped 43 frames!  The application may be doing too much work on its main thread.
12-12 21:53:40.880 1889-1889/com.android.launcher I/Choreographer: Skipped 46 frames!  The application may be doing too much work on its main thread.
12-12 21:53:41.964 1889-1889/com.android.launcher I/Choreographer: Skipped 45 frames!  The application may be doing too much work on its main thread.
12-12 21:53:42.478 1889-1908/com.android.launcher I/art: Background partial concurrent mark sweep GC freed 93321(3MB) AllocSpace objects, 0(0B) LOS objects, 30% free, 9MB/13MB, paused 1.931ms total 161.964ms
12-12 21:53:43.168 1889-1889/com.android.launcher I/Choreographer: Skipped 42 frames!  The application may be doing too much work on its main thread.
12-12 21:53:43.386 1558-1572/system_process I/art: Background sticky concurrent mark sweep GC freed 63856(2MB) AllocSpace objects, 0(0B) LOS objects, 13% free, 12MB/14MB, paused 23.745ms total 48.009ms
12-12 21:53:44.199 1889-1889/com.android.launcher I/Choreographer: Skipped 42 frames!  The application may be doing too much work on its main thread.
12-12 21:53:45.353 1889-1889/com.android.launcher I/Choreographer: Skipped 44 frames!  The application may be doing too much work on its main thread.
12-12 21:53:45.616 1558-1572/system_process I/art: Background sticky concurrent mark sweep GC freed 2834(132KB) AllocSpace objects, 0(0B) LOS objects, 0% free, 14MB/14MB, paused 21.495ms total 37.833ms
12-12 21:53:46.460 1889-1889/com.android.launcher I/Choreographer: Skipped 43 frames!  The application may be doing too much work on its main thread.
12-12 21:53:47.539 1889-1889/com.android.launcher I/Choreographer: Skipped 42 frames!  The application may be doing too much work on its main thread.
12-12 21:53:48.813 1889-1889/com.android.launcher I/Choreographer: Skipped 45 frames!  The application may be doing too much work on its main thread.
12-12 21:53:49.926 1889-1889/com.android.launcher I/Choreographer: Skipped 47 frames!  The application may be doing too much work on its main thread.
12-12 21:53:50.983 1889-1889/com.android.launcher I/Choreographer: Skipped 43 frames!  The application may be doing too much work on its main thread.
12-12 21:53:52.067 1889-1889/com.android.launcher I/Choreographer: Skipped 43 frames!  The application may be doing too much work on its main thread.
12-12 21:53:53.161 1889-1889/com.android.launcher I/Choreographer: Skipped 43 frames!  The application may be doing too much work on its main thread.
12-12 21:53:54.382 1889-1889/com.android.launcher I/Choreographer: Skipped 47 frames!  The application may be doing too much work on its main thread.
12-12 21:53:55.463 1889-1889/com.android.launcher I/Choreographer: Skipped 48 frames!  The application may be doing too much work on its main thread.
12-12 21:53:56.564 1889-1889/com.android.launcher I/Choreographer: Skipped 46 frames!  The application may be doing too much work on its main thread.
12-12 21:53:57.687 1889-1889/com.android.launcher I/Choreographer: Skipped 43 frames!  The application may be doing too much work on its main thread.
12-12 21:53:58.786 1889-1889/com.android.launcher I/Choreographer: Skipped 44 frames!  The application may be doing too much work on its main thread.
12-12 21:53:59.868 1889-1889/com.android.launcher I/Choreographer: Skipped 43 frames!  The application may be doing too much work on its main thread.
12-12 21:54:00.238 1558-1572/system_process I/art: Background partial concurrent mark sweep GC freed 123593(4MB) AllocSpace objects, 0(0B) LOS objects, 27% free, 10MB/14MB, paused 1.425ms total 117.035ms
12-12 21:54:01.109 1889-1889/com.android.launcher I/Choreographer: Skipped 43 frames!  The application may be doing too much work on its main thread.
12-12 21:54:02.091 1889-1889/com.android.launcher I/Choreographer: Skipped 43 frames!  The application may be doing too much work on its main thread.
12-12 21:54:03.249 1889-1889/com.android.launcher I/Choreographer: Skipped 44 frames!  The application may be doing too much work on its main thread.
12-12 21:54:04.301 1889-1889/com.android.launcher I/Choreographer: Skipped 43 frames!  The application may be doing too much work on its main thread.
12-12 21:54:05.498 1889-1889/com.android.launcher I/Choreographer: Skipped 44 frames!  The application may be doing too much work on its main thread.
12-12 21:54:06.570 1889-1889/com.android.launcher I/Choreographer: Skipped 44 frames!  The application may be doing too much work on its main thread.
12-12 21:54:07.687 1889-1889/com.android.launcher I/Choreographer: Skipped 45 frames!  The application may be doing too much work on its main thread.
12-12 21:54:08.783 1889-1889/com.android.launcher I/Choreographer: Skipped 43 frames!  The application may be doing too much work on its main thread.
12-12 21:54:09.920 1889-1889/com.android.launcher I/Choreographer: Skipped 45 frames!  The application may be doing too much work on its main thread.
12-12 21:54:11.076 1889-1889/com.android.launcher I/Choreographer: Skipped 44 frames!  The application may be doing too much work on its main thread.
12-12 21:54:12.231 1889-1889/com.android.launcher I/Choreographer: Skipped 42 frames!  The application may be doing too much work on its main thread.
12-12 21:54:13.367 1889-1889/com.android.launcher I/Choreographer: Skipped 44 frames!  The application may be doing too much work on its main thread.
12-12 21:54:14.544 1889-1889/com.android.launcher I/Choreographer: Skipped 48 frames!  The application may be doing too much work on its main thread.
12-12 21:54:14.777 1558-1572/system_process I/art: Background sticky concurrent mark sweep GC freed 3070(143KB) AllocSpace objects, 0(0B) LOS objects, 0% free, 14MB/14MB, paused 23.538ms total 40.029ms
12-12 21:54:15.775 1889-1889/com.android.launcher I/Choreographer: Skipped 51 frames!  The application may be doing too much work on its main thread.
12-12 21:54:16.143 1889-1908/com.android.launcher I/art: Background partial concurrent mark sweep GC freed 90222(2MB) AllocSpace objects, 0(0B) LOS objects, 30% free, 9MB/13MB, paused 805us total 130.553ms
12-12 21:54:17.137 1889-1889/com.android.launcher I/Choreographer: Skipped 61 frames!  The application may be doing too much work on its main thread.
12-12 21:54:18.108 1889-1889/com.android.launcher I/Choreographer: Skipped 52 frames!  The application may be doing too much work on its main thread.
12-12 21:54:19.162 1889-1889/com.android.launcher I/Choreographer: Skipped 48 frames!  The application may be doing too much work on its main thread.
12-12 21:54:19.370 1558-1572/system_process I/art: Background sticky concurrent mark sweep GC freed 64823(2MB) AllocSpace objects, 0(0B) LOS objects, 13% free, 12MB/14MB, paused 22.744ms total 54.505ms
12-12 21:54:20.300 1889-1889/com.android.launcher I/Choreographer: Skipped 47 frames!  The application may be doing too much work on its main thread.
12-12 21:54:21.351 1889-1889/com.android.launcher I/Choreographer: Skipped 46 frames!  The application may be doing too much work on its main thread.
12-12 21:54:22.473 1889-1889/com.android.launcher I/Choreographer: Skipped 45 frames!  The application may be doing too much work on its main thread.
12-12 21:54:23.652 1889-1889/com.android.launcher I/Choreographer: Skipped 45 frames!  The application may be doing too much work on its main thread.
12-12 21:54:24.647 1889-1889/com.android.launcher I/Choreographer: Skipped 45 frames!  The application may be doing too much work on its main thread.
12-12 21:54:25.820 1889-1889/com.android.launcher I/Choreographer: Skipped 46 frames!  The application may be doing too much work on its main thread.
12-12 21:54:26.136 1558-1572/system_process I/art: Background sticky concurrent mark sweep GC freed 65111(2MB) AllocSpace objects, 0(0B) LOS objects, 13% free, 12MB/14MB, paused 1.787ms total 104.720ms
12-12 21:54:27.128 1889-1889/com.android.launcher I/Choreographer: Skipped 45 frames!  The application may be doing too much work on its main thread.
12-12 21:54:28.114 1889-1889/com.android.launcher I/Choreographer: Skipped 45 frames!  The application may be doing too much work on its main thread.
12-12 21:54:28.964 1558-1888/system_process I/ActivityManager: Killing 3110:com.svox.pico/u0a40 (adj 15): empty for 1805s
12-12 21:54:28.968 1558-1888/system_process I/ActivityManager: Killing 2340:com.android.keychain/1000 (adj 15): empty for 1805s
12-12 21:54:28.974 1558-1628/system_process W/libprocessgroup: failed to open /acct/uid_10040/pid_3110/cgroup.procs: No such file or directory
12-12 21:54:28.975 1558-1574/system_process W/libprocessgroup: failed to open /acct/uid_1000/pid_2340/cgroup.procs: No such file or directory
12-12 21:54:29.237 1889-1889/com.android.launcher I/Choreographer: Skipped 46 frames!  The application may be doing too much work on its main thread.
12-12 21:54:30.350 1889-1889/com.android.launcher I/Choreographer: Skipped 44 frames!  The application may be doing too much work on its main thread.
12-12 21:54:31.463 1889-1889/com.android.launcher I/Choreographer: Skipped 43 frames!  The application may be doing too much work on its main thread.
12-12 21:54:32.589 1889-1889/com.android.launcher I/Choreographer: Skipped 44 frames!  The application may be doing too much work on its main thread.
12-12 21:54:33.684 1889-1889/com.android.launcher I/Choreographer: Skipped 44 frames!  The application may be doing too much work on its main thread.
12-12 21:54:34.943 1889-1889/com.android.launcher I/Choreographer: Skipped 49 frames!  The application may be doing too much work on its main thread.
12-12 21:54:35.987 1889-1889/com.android.launcher I/Choreographer: Skipped 44 frames!  The application may be doing too much work on its main thread.
12-12 21:54:37.085 1889-1889/com.android.launcher I/Choreographer: Skipped 46 frames!  The application may be doing too much work on its main thread.
12-12 21:54:38.265 1889-1889/com.android.launcher I/Choreographer: Skipped 44 frames!  The application may be doing too much work on its main thread.
12-12 21:54:39.396 1889-1889/com.android.launcher I/Choreographer: Skipped 45 frames!  The application may be doing too much work on its main thread.
12-12 21:54:40.541 1889-1889/com.android.launcher I/Choreographer: Skipped 46 frames!  The application may be doing too much work on its main thread.
12-12 21:54:41.622 1889-1889/com.android.launcher I/Choreographer: Skipped 48 frames!  The application may be doing too much work on its main thread.
12-12 21:54:41.868 1558-1572/system_process I/art: Background sticky concurrent mark sweep GC freed 3258(152KB) AllocSpace objects, 0(0B) LOS objects, 0% free, 14MB/14MB, paused 23.679ms total 48.303ms
12-12 21:54:41.961 1889-1908/com.android.launcher W/art: Suspending all threads took: 31.055ms
12-12 21:54:41.982 1889-1908/com.android.launcher I/art: Background sticky concurrent mark sweep GC freed 94428(3MB) AllocSpace objects, 0(0B) LOS objects, 16% free, 10MB/12MB, paused 32.309ms total 62.711ms
12-12 21:54:42.737 1889-1889/com.android.launcher I/Choreographer: Skipped 46 frames!  The application may be doing too much work on its main thread.
12-12 21:54:43.930 1889-1889/com.android.launcher I/Choreographer: Skipped 45 frames!  The application may be doing too much work on its main thread.
12-12 21:54:44.983 1889-1889/com.android.launcher I/Choreographer: Skipped 46 frames!  The application may be doing too much work on its main thread.
12-12 21:54:46.197 1889-1889/com.android.launcher I/Choreographer: Skipped 46 frames!  The application may be doing too much work on its main thread.
12-12 21:54:47.360 1889-1889/com.android.launcher I/Choreographer: Skipped 48 frames!  The application may be doing too much work on its main thread.
12-12 21:54:48.478 1889-1889/com.android.launcher I/Choreographer: Skipped 50 frames!  The application may be doing too much work on its main thread.
12-12 21:54:48.738 1558-1572/system_process I/art: Background partial concurrent mark sweep GC freed 126897(4MB) AllocSpace objects, 0(0B) LOS objects, 26% free, 10MB/14MB, paused 1.619ms total 131.009ms
12-12 21:54:49.550 1889-1889/com.android.launcher I/Choreographer: Skipped 48 frames!  The application may be doing too much work on its main thread.
12-12 21:54:50.656 1889-1889/com.android.launcher I/Choreographer: Skipped 47 frames!  The application may be doing too much work on its main thread.
12-12 21:54:51.756 1889-1889/com.android.launcher I/Choreographer: Skipped 46 frames!  The application may be doing too much work on its main thread.
12-12 21:54:52.962 1889-1889/com.android.launcher I/Choreographer: Skipped 46 frames!  The application may be doing too much work on its main thread.
12-12 21:54:53.160 1558-1572/system_process I/art: Background sticky concurrent mark sweep GC freed 66171(2MB) AllocSpace objects, 0(0B) LOS objects, 13% free, 12MB/14MB, paused 1.514ms total 108.239ms
12-12 21:54:54.033 1889-1889/com.android.launcher I/Choreographer: Skipped 45 frames!  The application may be doing too much work on its main thread.
12-12 21:54:55.202 1889-1889/com.android.launcher I/Choreographer: Skipped 50 frames!  The application may be doing too much work on its main thread.
12-12 21:54:56.291 1889-1889/com.android.launcher I/Choreographer: Skipped 49 frames!  The application may be doing too much work on its main thread.
12-12 21:54:57.348 1889-1889/com.android.launcher I/Choreographer: Skipped 47 frames!  The application may be doing too much work on its main thread.
12-12 21:54:58.423 1889-1889/com.android.launcher I/Choreographer: Skipped 46 frames!  The application may be doing too much work on its main thread.
12-12 21:54:59.568 1889-1889/com.android.launcher I/Choreographer: Skipped 46 frames!  The application may be doing too much work on its main thread.
12-12 21:55:00.652 1889-1889/com.android.launcher I/Choreographer: Skipped 44 frames!  The application may be doing too much work on its main thread.
12-12 21:55:01.856 1889-1889/com.android.launcher I/Choreographer: Skipped 44 frames!  The application may be doing too much work on its main thread.
12-12 21:55:02.057 1558-1572/system_process I/art: Background sticky concurrent mark sweep GC freed 3379(157KB) AllocSpace objects, 0(0B) LOS objects, 0% free, 14MB/14MB, paused 21.805ms total 39.074ms
12-12 21:55:02.167 1558-1572/system_process I/art: Background partial concurrent mark sweep GC freed 124555(4MB) AllocSpace objects, 0(0B) LOS objects, 26% free, 10MB/14MB, paused 1.379ms total 107.600ms
12-12 21:55:02.949 1889-1889/com.android.launcher I/Choreographer: Skipped 45 frames!  The application may be doing too much work on its main thread.
12-12 21:55:04.033 1889-1889/com.android.launcher I/Choreographer: Skipped 44 frames!  The application may be doing too much work on its main thread.
12-12 21:55:05.154 1889-1889/com.android.launcher I/Choreographer: Skipped 43 frames!  The application may be doing too much work on its main thread.
12-12 21:55:06.320 1889-1889/com.android.launcher I/Choreographer: Skipped 45 frames!  The application may be doing too much work on its main thread.
12-12 21:55:07.428 1889-1889/com.android.launcher I/Choreographer: Skipped 46 frames!  The application may be doing too much work on its main thread.
12-12 21:55:08.502 1889-1889/com.android.launcher I/Choreographer: Skipped 44 frames!  The application may be doing too much work on its main thread.
12-12 21:55:09.746 1889-1889/com.android.launcher I/Choreographer: Skipped 50 frames!  The application may be doing too much work on its main thread.
12-12 21:55:10.814 1889-1889/com.android.launcher I/Choreographer: Skipped 48 frames!  The application may be doing too much work on its main thread.
12-12 21:55:11.896 1889-1889/com.android.launcher I/Choreographer: Skipped 45 frames!  The application may be doing too much work on its main thread.
12-12 21:55:13.034 1889-1889/com.android.launcher I/Choreographer: Skipped 46 frames!  The application may be doing too much work on its main thread.
12-12 21:55:14.195 1889-1889/com.android.launcher I/Choreographer: Skipped 47 frames!  The application may be doing too much work on its main thread.
12-12 21:55:15.281 1889-1889/com.android.launcher I/Choreographer: Skipped 46 frames!  The application may be doing too much work on its main thread.
12-12 21:55:16.411 1889-1889/com.android.launcher I/Choreographer: Skipped 46 frames!  The application may be doing too much work on its main thread.
12-12 21:55:16.728 1558-1572/system_process I/art: Background partial concurrent mark sweep GC freed 126847(4MB) AllocSpace objects, 0(0B) LOS objects, 26% free, 10MB/14MB, paused 1.884ms total 124.270ms
12-12 21:55:17.540 1889-1889/com.android.launcher I/Choreographer: Skipped 47 frames!  The application may be doing too much work on its main thread.
12-12 21:55:18.654 1889-1889/com.android.launcher I/Choreographer: Skipped 48 frames!  The application may be doing too much work on its main thread.
12-12 21:55:19.770 1889-1889/com.android.launcher I/Choreographer: Skipped 49 frames!  The application may be doing too much work on its main thread.
12-12 21:55:20.932 1889-1889/com.android.launcher I/Choreographer: Skipped 51 frames!  The application may be doing too much work on its main thread.
12-12 21:55:21.132 1558-1572/system_process I/art: Background sticky concurrent mark sweep GC freed 67105(2MB) AllocSpace objects, 0(0B) LOS objects, 13% free, 12MB/14MB, paused 1.839ms total 105.170ms
12-12 21:55:22.026 1889-1889/com.android.launcher I/Choreographer: Skipped 47 frames!  The application may be doing too much work on its main thread.
12-12 21:55:23.177 1889-1889/com.android.launcher I/Choreographer: Skipped 48 frames!  The application may be doing too much work on its main thread.
12-12 21:55:23.492 1558-1572/system_process I/art: Background partial concurrent mark sweep GC freed 129358(4MB) AllocSpace objects, 0(0B) LOS objects, 26% free, 10MB/14MB, paused 1.258ms total 161.668ms
12-12 21:55:24.297 1889-1889/com.android.launcher I/Choreographer: Skipped 46 frames!  The application may be doing too much work on its main thread.
12-12 21:55:25.439 1889-1889/com.android.launcher I/Choreographer: Skipped 47 frames!  The application may be doing too much work on its main thread.
12-12 21:55:26.575 1889-1889/com.android.launcher I/Choreographer: Skipped 45 frames!  The application may be doing too much work on its main thread.
12-12 21:55:27.711 1889-1889/com.android.launcher I/Choreographer: Skipped 47 frames!  The application may be doing too much work on its main thread.
12-12 21:55:28.811 1889-1889/com.android.launcher I/Choreographer: Skipped 45 frames!  The application may be doing too much work on its main thread.
12-12 21:55:30.004 1889-1889/com.android.launcher I/Choreographer: Skipped 45 frames!  The application may be doing too much work on its main thread.
12-12 21:55:31.152 1889-1889/com.android.launcher I/Choreographer: Skipped 46 frames!  The application may be doing too much work on its main thread.
12-12 21:55:32.359 1889-1889/com.android.launcher I/Choreographer: Skipped 48 frames!  The application may be doing too much work on its main thread.
12-12 21:55:33.377 1889-1889/com.android.launcher I/Choreographer: Skipped 46 frames!  The application may be doing too much work on its main thread.
12-12 21:55:34.508 1889-1889/com.android.launcher I/Choreographer: Skipped 45 frames!  The application may be doing too much work on its main thread.
12-12 21:55:34.822 1558-1572/system_process I/art: Background sticky concurrent mark sweep GC freed 68613(2MB) AllocSpace objects, 0(0B) LOS objects, 13% free, 12MB/14MB, paused 1.050ms total 101.232ms
12-12 21:55:34.980 1889-1908/com.android.launcher I/art: Background sticky concurrent mark sweep GC freed 11627(648KB) AllocSpace objects, 0(0B) LOS objects, 5% free, 11MB/11MB, paused 730us total 100.796ms
12-12 21:55:35.746 1889-1889/com.android.launcher I/Choreographer: Skipped 46 frames!  The application may be doing too much work on its main thread.
12-12 21:55:36.817 1889-1889/com.android.launcher I/Choreographer: Skipped 47 frames!  The application may be doing too much work on its main thread.
12-12 21:55:38.091 1889-1889/com.android.launcher I/Choreographer: Skipped 54 frames!  The application may be doing too much work on its main thread.
12-12 21:55:39.136 1889-1889/com.android.launcher I/Choreographer: Skipped 47 frames!  The application may be doing too much work on its main thread.
12-12 21:55:40.275 1889-1889/com.android.launcher I/Choreographer: Skipped 51 frames!  The application may be doing too much work on its main thread.
12-12 21:55:41.456 1889-1889/com.android.launcher I/Choreographer: Skipped 52 frames!  The application may be doing too much work on its main thread.
12-12 21:55:42.565 1889-1889/com.android.launcher I/Choreographer: Skipped 47 frames!  The application may be doing too much work on its main thread.
12-12 21:55:43.672 1889-1889/com.android.launcher I/Choreographer: Skipped 50 frames!  The application may be doing too much work on its main thread.
12-12 21:55:43.847 1558-1572/system_process I/art: Background sticky concurrent mark sweep GC freed 3399(159KB) AllocSpace objects, 0(0B) LOS objects, 0% free, 14MB/14MB, paused 36.811ms total 54.270ms
12-12 21:55:44.864 1889-1889/com.android.launcher I/Choreographer: Skipped 53 frames!  The application may be doing too much work on its main thread.
12-12 21:55:45.910 1889-1889/com.android.launcher I/Choreographer: Skipped 47 frames!  The application may be doing too much work on its main thread.
12-12 21:55:47.151 1889-1889/com.android.launcher I/Choreographer: Skipped 47 frames!  The application may be doing too much work on its main thread.
12-12 21:55:48.086 1889-1889/com.android.launcher I/Choreographer: Skipped 45 frames!  The application may be doing too much work on its main thread.
12-12 21:55:49.373 1889-1889/com.android.launcher I/Choreographer: Skipped 50 frames!  The application may be doing too much work on its main thread.
12-12 21:55:50.548 1889-1889/com.android.launcher I/Choreographer: Skipped 55 frames!  The application may be doing too much work on its main thread.
12-12 21:55:50.652 1558-1572/system_process W/art: Suspending all threads took: 21.573ms
12-12 21:55:50.660 1558-1572/system_process I/art: Background sticky concurrent mark sweep GC freed 3336(156KB) AllocSpace objects, 0(0B) LOS objects, 0% free, 14MB/14MB, paused 23.524ms total 53.344ms
12-12 21:55:51.677 1889-1889/com.android.launcher I/Choreographer: Skipped 52 frames!  The application may be doing too much work on its main thread.
12-12 21:55:52.642 1889-1889/com.android.launcher I/Choreographer: Skipped 47 frames!  The application may be doing too much work on its main thread.
12-12 21:55:53.791 1889-1889/com.android.launcher I/Choreographer: Skipped 48 frames!  The application may be doing too much work on its main thread.
12-12 21:55:55.038 1889-1889/com.android.launcher I/Choreographer: Skipped 47 frames!  The application may be doing too much work on its main thread.
12-12 21:55:56.064 1889-1889/com.android.launcher I/Choreographer: Skipped 47 frames!  The application may be doing too much work on its main thread.
12-12 21:55:57.276 1889-1889/com.android.launcher I/Choreographer: Skipped 47 frames!  The application may be doing too much work on its main thread.
12-12 21:55:58.372 1889-1889/com.android.launcher I/Choreographer: Skipped 49 frames!  The application may be doing too much work on its main thread.
12-12 21:55:59.480 1889-1889/com.android.launcher I/Choreographer: Skipped 46 frames!  The application may be doing too much work on its main thread.
12-12 21:56:00.651 1889-1889/com.android.launcher I/Choreographer: Skipped 48 frames!  The application may be doing too much work on its main thread.
12-12 21:56:01.718 1889-1889/com.android.launcher I/Choreographer: Skipped 46 frames!  The application may be doing too much work on its main thread.
12-12 21:56:02.853 1889-1889/com.android.launcher I/Choreographer: Skipped 48 frames!  The application may be doing too much work on its main thread.
12-12 21:56:04.035 1889-1889/com.android.launcher I/Choreographer: Skipped 49 frames!  The application may be doing too much work on its main thread.
12-12 21:56:04.369 1558-1572/system_process I/art: Background partial concurrent mark sweep GC freed 132216(4MB) AllocSpace objects, 0(0B) LOS objects, 26% free, 10MB/14MB, paused 1.421ms total 155.631ms
12-12 21:56:05.212 1889-1889/com.android.launcher I/Choreographer: Skipped 48 frames!  The application may be doing too much work on its main thread.
12-12 21:56:05.636 1889-1908/com.android.launcher I/art: Background partial concurrent mark sweep GC freed 99071(3MB) AllocSpace objects, 0(0B) LOS objects, 30% free, 9MB/13MB, paused 945us total 180.177ms
12-12 21:56:06.442 1889-1889/com.android.launcher I/Choreographer: Skipped 49 frames!  The application may be doing too much work on its main thread.
12-12 21:56:07.441 1889-1889/com.android.launcher I/Choreographer: Skipped 50 frames!  The application may be doing too much work on its main thread.
12-12 21:56:08.555 1889-1889/com.android.launcher I/Choreographer: Skipped 50 frames!  The application may be doing too much work on its main thread.
12-12 21:56:09.745 1889-1889/com.android.launcher I/Choreographer: Skipped 52 frames!  The application may be doing too much work on its main thread.
12-12 21:56:10.042 1889-1906/com.android.launcher I/art: WaitForGcToComplete blocked for 40.627ms for cause HeapTrim
12-12 21:56:10.842 1889-1889/com.android.launcher I/Choreographer: Skipped 48 frames!  The application may be doing too much work on its main thread.
12-12 21:56:11.924 1889-1889/com.android.launcher I/Choreographer: Skipped 48 frames!  The application may be doing too much work on its main thread.
12-12 21:56:13.125 1889-1889/com.android.launcher I/Choreographer: Skipped 49 frames!  The application may be doing too much work on its main thread.
12-12 21:56:14.191 1889-1889/com.android.launcher I/Choreographer: Skipped 46 frames!  The application may be doing too much work on its main thread.
12-12 21:56:15.345 1889-1889/com.android.launcher I/Choreographer: Skipped 47 frames!  The application may be doing too much work on its main thread.
12-12 21:56:15.837 1889-1908/com.android.launcher I/art: Background partial concurrent mark sweep GC freed 96160(3MB) AllocSpace objects, 0(0B) LOS objects, 30% free, 9MB/13MB, paused 964us total 166.278ms
12-12 21:56:16.634 1889-1889/com.android.launcher I/Choreographer: Skipped 48 frames!  The application may be doing too much work on its main thread.
12-12 21:56:17.651 1889-1889/com.android.launcher I/Choreographer: Skipped 49 frames!  The application may be doing too much work on its main thread.
12-12 21:56:17.940 1558-1572/system_process I/art: Background partial concurrent mark sweep GC freed 129728(4MB) AllocSpace objects, 0(0B) LOS objects, 26% free, 10MB/14MB, paused 1.179ms total 110.008ms
12-12 21:56:18.914 1889-1889/com.android.launcher I/Choreographer: Skipped 49 frames!  The application may be doing too much work on its main thread.
12-12 21:56:20.080 1889-1889/com.android.launcher I/Choreographer: Skipped 49 frames!  The application may be doing too much work on its main thread.
12-12 21:56:21.033 1889-1889/com.android.launcher I/Choreographer: Skipped 48 frames!  The application may be doing too much work on its main thread.
12-12 21:56:22.114 1889-1889/com.android.launcher I/Choreographer: Skipped 47 frames!  The application may be doing too much work on its main thread.
12-12 21:56:22.416 1558-1572/system_process I/art: Background sticky concurrent mark sweep GC freed 69319(2MB) AllocSpace objects, 0(0B) LOS objects, 13% free, 12MB/14MB, paused 1.406ms total 123.076ms
12-12 21:56:23.530 1889-1889/com.android.launcher I/Choreographer: Skipped 51 frames!  The application may be doing too much work on its main thread.
12-12 21:56:24.470 1889-1889/com.android.launcher I/Choreographer: Skipped 49 frames!  The application may be doing too much work on its main thread.
12-12 21:56:24.765 1558-1572/system_process I/art: Background partial concurrent mark sweep GC freed 133621(4MB) AllocSpace objects, 0(0B) LOS objects, 26% free, 10MB/14MB, paused 1.080ms total 127.876ms
12-12 21:56:25.597 1889-1889/com.android.launcher I/Choreographer: Skipped 47 frames!  The application may be doing too much work on its main thread.
12-12 21:56:26.020 1889-1908/com.android.launcher I/art: Background partial concurrent mark sweep GC freed 96772(3MB) AllocSpace objects, 0(0B) LOS objects, 30% free, 9MB/13MB, paused 1.787ms total 115.623ms
12-12 21:56:26.764 1889-1889/com.android.launcher I/Choreographer: Skipped 45 frames!  The application may be doing too much work on its main thread.
12-12 21:56:28.027 1889-1889/com.android.launcher I/Choreographer: Skipped 51 frames!  The application may be doing too much work on its main thread.
12-12 21:56:29.111 1889-1889/com.android.launcher I/Choreographer: Skipped 52 frames!  The application may be doing too much work on its main thread.
12-12 21:56:30.196 1889-1889/com.android.launcher I/Choreographer: Skipped 47 frames!  The application may be doing too much work on its main thread.
12-12 21:56:30.578 1889-1908/com.android.launcher I/art: Background partial concurrent mark sweep GC freed 101638(3MB) AllocSpace objects, 0(0B) LOS objects, 30% free, 9MB/13MB, paused 985us total 125.502ms
12-12 21:56:31.461 1889-1889/com.android.launcher I/Choreographer: Skipped 53 frames!  The application may be doing too much work on its main thread.
12-12 21:56:31.545 1558-1572/system_process I/art: Background sticky concurrent mark sweep GC freed 3657(171KB) AllocSpace objects, 0(0B) LOS objects, 0% free, 15MB/15MB, paused 28.854ms total 57.460ms
12-12 21:56:32.498 1889-1889/com.android.launcher I/Choreographer: Skipped 49 frames!  The application may be doing too much work on its main thread.
12-12 21:56:33.524 1889-1889/com.android.launcher I/Choreographer: Skipped 48 frames!  The application may be doing too much work on its main thread.
12-12 21:56:34.674 1889-1889/com.android.launcher I/Choreographer: Skipped 48 frames!  The application may be doing too much work on its main thread.
12-12 21:56:35.813 1889-1889/com.android.launcher I/Choreographer: Skipped 47 frames!  The application may be doing too much work on its main thread.
12-12 21:56:36.914 1889-1889/com.android.launcher I/Choreographer: Skipped 47 frames!  The application may be doing too much work on its main thread.
12-12 21:56:38.147 1889-1889/com.android.launcher I/Choreographer: Skipped 46 frames!  The application may be doing too much work on its main thread.
12-12 21:56:39.224 1889-1889/com.android.launcher I/Choreographer: Skipped 49 frames!  The application may be doing too much work on its main thread.
12-12 21:56:40.433 1889-1889/com.android.launcher I/Choreographer: Skipped 53 frames!  The application may be doing too much work on its main thread.
