12-12 21:26:53.436 3841-3841/com.example.minatsu.r_colorclock D/R_ColorClockWidget: onReceive context=android.app.Application@1c2c37f9 intent=Intent { act=android.intent.action.SCREEN_ON flg=0x50000010 }
12-12 21:26:53.436 3841-3841/com.example.minatsu.r_colorclock D/R_ColorClockWidget: onReceive ACTION_SCREEN_ON
12-12 21:26:53.519 3841-3841/com.example.minatsu.r_colorclock D/R_ColorClockWidget: onReceive context=android.app.Application@1c2c37f9 intent=Intent { act=android.intent.action.SCREEN_OFF flg=0x50000010 }
12-12 21:26:53.519 3841-3841/com.example.minatsu.r_colorclock D/R_ColorClockWidget: onReceive ACTION_SCREEN_OFF
12-12 21:26:53.977 3841-3841/com.example.minatsu.r_colorclock D/CompanionRunnable: stop id=23
12-12 21:26:56.530 3841-3841/com.example.minatsu.r_colorclock D/R_ColorClockWidget: onReceive context=android.app.Application@1c2c37f9 intent=Intent { act=android.intent.action.SCREEN_ON flg=0x50000010 }
12-12 21:26:56.530 3841-3841/com.example.minatsu.r_colorclock D/R_ColorClockWidget: onReceive ACTION_SCREEN_ON
12-12 21:26:56.530 3841-3841/com.example.minatsu.r_colorclock D/R_ColorClockWidget: onReceive Invoke 23
12-12 21:31:10.830 3841-3841/com.example.minatsu.r_colorclock D/CompanionRunnable: count=300
12-12 21:36:13.599 3841-3856/com.example.minatsu.r_colorclock W/art: Suspending all threads took: 10.742ms
12-12 21:36:27.406 3841-3841/com.example.minatsu.r_colorclock D/CompanionRunnable: count=600
12-12 21:41:49.854 3841-3841/com.example.minatsu.r_colorclock D/CompanionRunnable: count=900
12-12 21:47:18.477 3841-3841/com.example.minatsu.r_colorclock D/CompanionRunnable: count=1200
12-12 21:52:51.673 3841-3841/com.example.minatsu.r_colorclock D/CompanionRunnable: count=1500
12-12 21:58:30.528 3841-3841/com.example.minatsu.r_colorclock D/CompanionRunnable: count=1800
12-12 22:02:58.230 3841-3856/com.example.minatsu.r_colorclock I/art: WaitForGcToComplete blocked for 9.353ms for cause Background
12-12 22:04:21.513 3841-3841/com.example.minatsu.r_colorclock D/CompanionRunnable: count=2100
12-12 22:04:34.819 1558-1735/system_process I/ActivityManager: Killing 3841:com.example.minatsu.r_colorclock/u0a60 (adj 15): empty for 2319s
-----------------------------------------------------------------------------------------------------------------------------------------------------------

12-12 21:26:52.946 1558-1606/system_process I/PowerManagerService: Going to sleep due to power button (uid 1000)...
12-12 21:26:52.949 1558-1588/system_process I/PowerManagerService: Sleeping (uid 1000)...
12-12 21:26:52.951 1558-1580/system_process I/UsageStatsDatabase: Moving file /data/system/usagestats/0/daily/1544471362803 to /data/system/usagestats/0/daily/1544471378421
12-12 21:26:52.952 1558-1580/system_process I/UsageStatsDatabase: Moving file /data/system/usagestats/0/daily/1544520653151 to /data/system/usagestats/0/daily/1544520668769
12-12 21:26:52.952 1558-1580/system_process I/UsageStatsDatabase: Moving file /data/system/usagestats/0/daily/1544572860104 to /data/system/usagestats/0/daily/1544572875722
12-12 21:26:52.952 1558-1580/system_process I/UsageStatsDatabase: Moving file /data/system/usagestats/0/weekly/1544125762803 to /data/system/usagestats/0/weekly/1544125778421
12-12 21:26:52.953 1558-1580/system_process I/UsageStatsDatabase: Moving file /data/system/usagestats/0/monthly/1542311362803 to /data/system/usagestats/0/monthly/1542311378421
12-12 21:26:52.953 1558-1580/system_process I/UsageStatsDatabase: Moving file /data/system/usagestats/0/yearly/1513799362803 to /data/system/usagestats/0/yearly/1513799378421
12-12 21:26:52.960 1558-1580/system_process I/UsageStatsService: User[0] Rollover scheduled @ 2018-12-13 09:00:00(1544659200000)

    --------- beginning of main
12-12 21:26:52.992 1558-1619/system_process I/WifiNative-HAL: startHal
12-12 21:26:52.992 1558-1619/system_process E/wifi: getStaticLongField sWifiHalHandle 0x7f87fe51a400
12-12 21:26:52.992 1558-1619/system_process D/wifi: halHandle = 0x0, mVM = 0x7f8812a57700, mCls = 0x50121e
12-12 21:26:52.992 1558-1619/system_process I/WifiNative-HAL: Could not start hal
12-12 21:26:53.014 1558-1588/system_process D/EGL_emulation: eglCreateContext: 0x7f880d54f3e0: maj 3 min 1 rcv 4
12-12 21:26:53.090 1558-1588/system_process D/EGL_emulation: eglMakeCurrent: 0x7f880d54f3e0: ver 3 1
12-12 21:26:53.093 1558-1588/system_process E/eglCodecCommon: glUtilsParamSize: unknow param 0x000082da
12-12 21:26:53.093 1558-1588/system_process E/eglCodecCommon: glUtilsParamSize: unknow param 0x00008cdf
12-12 21:26:53.093 1558-1588/system_process E/eglCodecCommon: glUtilsParamSize: unknow param 0x00008824
12-12 21:26:53.101 1165-1290/? D/gralloc_ranchu: gralloc_alloc: Creating ashmem region of size 8294400
12-12 21:26:53.179 1165-1165/? E/EGL_emulation: tid 1165: eglCreateSyncKHR(1865): error 0x3004 (EGL_BAD_ATTRIBUTE)
12-12 21:26:53.186 1558-1588/system_process D/EGL_emulation: eglMakeCurrent: 0x7f880d54f3e0: ver 3 1
12-12 21:26:53.197 1558-1588/system_process D/EGL_emulation: eglMakeCurrent: 0x7f880d54f3e0: ver 3 1
12-12 21:26:53.245 1558-1588/system_process D/EGL_emulation: eglMakeCurrent: 0x7f880d54f3e0: ver 3 1
12-12 21:26:53.290 1558-1588/system_process D/EGL_emulation: eglMakeCurrent: 0x7f880d54f3e0: ver 3 1
12-12 21:26:53.339 1558-1588/system_process D/EGL_emulation: eglMakeCurrent: 0x7f880d54f3e0: ver 3 1
12-12 21:26:53.355 1558-1588/system_process D/EGL_emulation: eglMakeCurrent: 0x7f880d54f3e0: ver 3 1
12-12 21:26:53.371 1558-1588/system_process D/EGL_emulation: eglMakeCurrent: 0x7f880d54f3e0: ver 3 1
12-12 21:26:53.387 1558-1588/system_process D/EGL_emulation: eglMakeCurrent: 0x7f880d54f3e0: ver 3 1
12-12 21:26:53.403 1558-1588/system_process D/EGL_emulation: eglMakeCurrent: 0x7f880d54f3e0: ver 3 1
12-12 21:26:53.407 1678-2099/com.android.systemui D/EGL_emulation: eglMakeCurrent: 0x7f880cf52200: ver 3 1
12-12 21:26:53.421 1558-1588/system_process D/EGL_emulation: eglMakeCurrent: 0x7f880d54f3e0: ver 3 1
12-12 21:26:53.436 3841-3841/com.example.minatsu.r_colorclock D/R_ColorClockWidget: onReceive context=android.app.Application@1c2c37f9 intent=Intent { act=android.intent.action.SCREEN_ON flg=0x50000010 }
12-12 21:26:53.436 3841-3841/com.example.minatsu.r_colorclock D/R_ColorClockWidget: onReceive ACTION_SCREEN_ON
12-12 21:26:53.438 1558-1588/system_process D/EGL_emulation: eglMakeCurrent: 0x7f880d54f3e0: ver 3 1
12-12 21:26:53.442 1558-1619/system_process I/WifiNative-HAL: startHal
12-12 21:26:53.442 1558-1619/system_process E/wifi: getStaticLongField sWifiHalHandle 0x7f87fe51a400
12-12 21:26:53.442 1558-1619/system_process D/wifi: halHandle = 0x0, mVM = 0x7f8812a57700, mCls = 0x80155e
12-12 21:26:53.442 1558-1619/system_process I/WifiNative-HAL: Could not start hal
12-12 21:26:53.454 1558-1588/system_process D/EGL_emulation: eglMakeCurrent: 0x7f880d54f3e0: ver 3 1
12-12 21:26:53.476 1558-1588/system_process D/EGL_emulation: eglMakeCurrent: 0x7f880d54f3e0: ver 3 1
12-12 21:26:53.487 1558-1588/system_process D/EGL_emulation: eglMakeCurrent: 0x7f880d54f3e0: ver 3 1
12-12 21:26:53.503 1558-1588/system_process D/EGL_emulation: eglMakeCurrent: 0x7f880d54f3e0: ver 3 1
12-12 21:26:53.519 3841-3841/com.example.minatsu.r_colorclock D/R_ColorClockWidget: onReceive context=android.app.Application@1c2c37f9 intent=Intent { act=android.intent.action.SCREEN_OFF flg=0x50000010 }
12-12 21:26:53.519 3841-3841/com.example.minatsu.r_colorclock D/R_ColorClockWidget: onReceive ACTION_SCREEN_OFF
12-12 21:26:53.522 1558-1588/system_process D/EGL_emulation: eglMakeCurrent: 0x7f880d54f3e0: ver 3 1
12-12 21:26:53.538 1558-1588/system_process D/EGL_emulation: eglMakeCurrent: 0x7f880d54f3e0: ver 3 1
12-12 21:26:53.554 1558-1588/system_process D/EGL_emulation: eglMakeCurrent: 0x7f880d54f3e0: ver 3 1
12-12 21:26:53.571 1558-1588/system_process D/EGL_emulation: eglMakeCurrent: 0x7f880d54f3e0: ver 3 1
12-12 21:26:53.588 1558-1588/system_process D/EGL_emulation: eglMakeCurrent: 0x7f880d54f3e0: ver 3 1
12-12 21:26:53.604 1558-1588/system_process D/EGL_emulation: eglMakeCurrent: 0x7f880d54f3e0: ver 3 1
12-12 21:26:53.621 1558-1588/system_process D/EGL_emulation: eglMakeCurrent: 0x7f880d54f3e0: ver 3 1
12-12 21:26:53.637 1558-1588/system_process D/EGL_emulation: eglMakeCurrent: 0x7f880d54f3e0: ver 3 1
12-12 21:26:53.654 1558-1588/system_process D/EGL_emulation: eglMakeCurrent: 0x7f880d54f3e0: ver 3 1
12-12 21:26:53.672 1558-1588/system_process D/EGL_emulation: eglMakeCurrent: 0x7f880d54f3e0: ver 3 1
12-12 21:26:53.689 1558-1588/system_process D/EGL_emulation: eglMakeCurrent: 0x7f880d54f3e0: ver 3 1
12-12 21:26:53.872 1558-1588/system_process D/EGL_emulation: eglMakeCurrent: 0x7f880d54f3e0: ver 3 1
12-12 21:26:53.890 1558-1586/system_process I/DisplayManagerService: Display device changed: DisplayDeviceInfo{"内蔵スクリーン": 1080 x 1920, 60.000004 fps, supportedRefreshRates [60.000004], density 420, 420.0 x 420.0 dpi, appVsyncOff 0, presDeadline 17666666, touch INTERNAL, rotation 0, type BUILT_IN, state OFF, FLAG_DEFAULT_DISPLAY, FLAG_ROTATES_WITH_CONTENT, FLAG_SECURE, FLAG_SUPPORTS_PROTECTED_BUFFERS}
12-12 21:26:53.890 1165-1165/? D/SurfaceFlinger: Set power mode=0, type=0 flinger=0x7f7e36f64000
12-12 21:26:53.890 1558-1558/system_process V/ActivityManager: Display changed displayId=0
12-12 21:26:53.977 3841-3841/com.example.minatsu.r_colorclock D/CompanionRunnable: stop id=23
12-12 21:26:56.378 1558-1606/system_process I/PowerManagerService: Waking up from sleep (uid 1000)...
12-12 21:26:56.382 1558-1558/system_process V/KeyguardServiceDelegate: onScreenTurnedOn(showListener = com.android.internal.policy.impl.PhoneWindowManager$2@26217fc5)
12-12 21:26:56.383 1558-1588/system_process I/DisplayPowerController: Blocking screen on until initial contents have been drawn.
12-12 21:26:56.395 1558-2805/system_process V/KeyguardServiceDelegate: **** SHOWN CALLED ****
12-12 21:26:56.396 1165-1165/? D/SurfaceFlinger: Set power mode=2, type=0 flinger=0x7f7e36f64000
12-12 21:26:56.404 1558-1586/system_process I/DisplayManagerService: Display device changed: DisplayDeviceInfo{"内蔵スクリーン": 1080 x 1920, 60.000004 fps, supportedRefreshRates [60.000004], density 420, 420.0 x 420.0 dpi, appVsyncOff 0, presDeadline 17666666, touch INTERNAL, rotation 0, type BUILT_IN, state ON, FLAG_DEFAULT_DISPLAY, FLAG_ROTATES_WITH_CONTENT, FLAG_SECURE, FLAG_SUPPORTS_PROTECTED_BUFFERS}
12-12 21:26:56.415 1558-1558/system_process V/ActivityManager: Display changed displayId=0
12-12 21:26:56.416 1558-1558/system_process V/ActivityManager: Display changed displayId=0
12-12 21:26:56.420 2018-2018/com.google.android.gms.persistent I/Coffee-OnbodyLure: User present, Check whether to show notification
12-12 21:26:56.421 1678-2099/com.android.systemui D/EGL_emulation: eglMakeCurrent: 0x7f880cf52200: ver 3 1
12-12 21:26:56.422 2018-2018/com.google.android.gms.persistent I/TrustAgent: [HomeAddressChangeTracker] User Present. Maybe fetch home.
12-12 21:26:56.430 1558-1619/system_process I/WifiNative-HAL: startHal
12-12 21:26:56.430 1558-1619/system_process E/wifi: getStaticLongField sWifiHalHandle 0x7f87fe51a400
12-12 21:26:56.431 1558-1619/system_process D/wifi: halHandle = 0x0, mVM = 0x7f8812a57700, mCls = 0x6014fe
12-12 21:26:56.431 1558-1619/system_process I/WifiNative-HAL: Could not start hal
12-12 21:26:56.432 1678-2099/com.android.systemui D/EGL_emulation: eglMakeCurrent: 0x7f880cf52200: ver 3 1
12-12 21:26:56.450 2320-3874/com.google.android.gms I/Authzen: [DeviceStateSyncManager] Device state fast sync is disabled
12-12 21:26:56.457 2320-3875/com.google.android.gms W/MDM: [291] acqf.c: FMD does not own an admin that uses USES_POLICY_DISABLE_KEYGUARD_FEATURES
12-12 21:26:56.457 2320-3875/com.google.android.gms W/MDM: [291] acqf.c: enableNfc
12-12 21:26:56.457 2320-3875/com.google.android.gms W/MDM: [291] acqf.c: EnableNfc flag is true
12-12 21:26:56.462 2320-2836/com.google.android.gms I/CastDatabase: Opening the database
12-12 21:26:56.474 2320-2836/com.google.android.gms I/SQLiteCastStore: 0 CastNetworkInfo instances loaded, 0 CastDeviceInfo instances loaded, 0 paired guest mode devices loaded.
12-12 21:26:56.475 2320-2320/com.google.android.gms I/DiscoveryManager: WifiGuestModeDeviceScanner enabled.
12-12 21:26:56.497 1558-1588/system_process I/DisplayPowerController: Unblocked screen on after 114 ms
12-12 21:26:56.498 1558-1588/system_process D/EGL_emulation: eglMakeCurrent: 0x7f880d54f3e0: ver 3 1
12-12 21:26:56.503 1558-1588/system_process E/libEGL: call to OpenGL ES API with no current context (logged once per thread)
12-12 21:26:56.530 3841-3841/com.example.minatsu.r_colorclock D/R_ColorClockWidget: onReceive context=android.app.Application@1c2c37f9 intent=Intent { act=android.intent.action.SCREEN_ON flg=0x50000010 }
12-12 21:26:56.530 3841-3841/com.example.minatsu.r_colorclock D/R_ColorClockWidget: onReceive ACTION_SCREEN_ON
12-12 21:26:56.530 3841-3841/com.example.minatsu.r_colorclock D/R_ColorClockWidget: onReceive Invoke 23
12-12 21:27:00.021 1678-2099/com.android.systemui D/EGL_emulation: eglMakeCurrent: 0x7f880cf52200: ver 3 1
12-12 21:28:11.519 2320-2609/com.google.android.gms I/CastDatabase: Saving the database
12-12 21:28:11.527 2320-2609/com.google.android.gms I/SQLiteCastStore: [CastNetworkInfo] saved: 0, skipped: 0, [CastDeviceInfo]: saved 0, skipped 0, Paired Guest Mode DeviceInfo] saved: 0, skipped: 0. [ProbedNetworks]: save 0, skipped: 0
12-12 21:29:24.286 2018-2923/com.google.android.gms.persistent V/NativeCrypto: Read error: ssl=0x7f87f88b5308: I/O error during system call, Connection reset by peer
12-12 21:29:24.289 2018-2923/com.google.android.gms.persistent V/NativeCrypto: SSL shutdown failed: ssl=0x7f87f88b5308: I/O error during system call, Broken pipe
12-12 21:29:24.290 2018-2923/com.google.android.gms.persistent E/WakeLock: GCM_HB_ALARM release without a matched acquire!
12-12 21:29:24.291 1558-2807/system_process D/ConnectivityService: reportBadNetwork(NetworkAgentInfo [MOBILE (LTE) - 100]) by 10007
12-12 21:29:24.292 1558-2668/system_process D/NetworkMonitorNetworkAgentInfo [MOBILE (LTE) - null]: ValidatedState{ when=0 what=532488 arg1=10007 target=com.android.internal.util.StateMachine$SmHandler }
12-12 21:29:24.292 1558-2668/system_process D/NetworkMonitorNetworkAgentInfo [MOBILE (LTE) - null]: DefaultState{ when=0 what=532488 arg1=10007 target=com.android.internal.util.StateMachine$SmHandler }
12-12 21:29:24.292 1558-2668/system_process D/NetworkMonitorNetworkAgentInfo [MOBILE (LTE) - null]: Forcing reevaluation
12-12 21:29:24.292 1558-2668/system_process D/NetworkMonitorNetworkAgentInfo [MOBILE (LTE) - null]: EvaluatingState{ when=0 what=532486 arg1=2 target=com.android.internal.util.StateMachine$SmHandler }
12-12 21:29:24.292 1558-2668/system_process D/NetworkMonitorNetworkAgentInfo [MOBILE (LTE) - null]: Checking http://clients3.google.com/generate_204 on epc.tmobile.com
12-12 21:29:24.293 2018-2923/com.google.android.gms.persistent E/WakeLock: GCM_CONN_ALARM release without a matched acquire!
12-12 21:29:24.394 2018-2033/com.google.android.gms.persistent I/art: Background sticky concurrent mark sweep GC freed 7036(418KB) AllocSpace objects, 0(0B) LOS objects, 3% free, 14MB/14MB, paused 26.898ms total 41.248ms
12-12 21:29:24.397 1176-1796/? E/Drm: Failed to find drm plugin
12-12 21:29:24.397 2899-3329/com.google.android.gms.unstable W/DG.WV: Widevine DRM not supported on this device
    android.media.UnsupportedSchemeException: Failed to instantiate drm object.
        at android.media.MediaDrm.native_setup(Native Method)
        at android.media.MediaDrm.<init>(MediaDrm.java:180)
        at sxn.run(:com.google.android.gms@13280014@13.2.80 (020800-211705629):6)
        at pyn.run(:com.google.android.gms@13280014@13.2.80 (020800-211705629):21)
        at java.util.concurrent.ThreadPoolExecutor.runWorker(ThreadPoolExecutor.java:1112)
        at java.util.concurrent.ThreadPoolExecutor$Worker.run(ThreadPoolExecutor.java:587)
        at qer.run(:com.google.android.gms@13280014@13.2.80 (020800-211705629))
        at java.lang.Thread.run(Thread.java:818)
12-12 21:29:24.452 2320-3887/com.google.android.gms I/EventLogChimeraService: Aggregate from 1544616074705 (log), 1544616074705 (data)
12-12 21:29:24.494 1558-2668/system_process D/NetworkMonitorNetworkAgentInfo [MOBILE (LTE) - null]: isCaptivePortal: ret=204 headers={null=[HTTP/1.1 204 No Content], Content-Length=[0], Date=[Wed, 12 Dec 2018 12:29:24 GMT], X-Android-Received-Millis=[1544617764494], X-Android-Response-Source=[NETWORK 204], X-Android-Sent-Millis=[1544617764460]}
12-12 21:29:24.494 1558-2668/system_process D/NetworkMonitorNetworkAgentInfo [MOBILE (LTE) - null]: Don't send network conditions - lacking user consent.
12-12 21:29:24.494 1558-2668/system_process D/NetworkMonitorNetworkAgentInfo [MOBILE (LTE) - null]: Validated
12-12 21:29:24.494 1558-1621/system_process D/ConnectivityService: Validated NetworkAgentInfo [MOBILE (LTE) - 100]
12-12 21:29:24.494 1558-1621/system_process D/ConnectivityService: rematching NetworkAgentInfo [MOBILE (LTE) - 100]
12-12 21:29:24.494 1558-1621/system_process D/ConnectivityService: Network NetworkAgentInfo [MOBILE (LTE) - 100] was already satisfying request 1. No change.
12-12 21:29:24.494 1558-1621/system_process D/ConnectivityService: notifyType AVAILABLE for NetworkAgentInfo [MOBILE (LTE) - 100]
12-12 21:29:24.495 1678-2065/com.android.systemui D/ConnectivityManager.CallbackHandler: CM callback handler got msg 524290
12-12 21:29:24.760 2018-2935/com.google.android.gms.persistent W/Conscrypt: Could not set socket write timeout: java.lang.reflect.InvocationTargetException
12-12 21:29:24.761 2018-2935/com.google.android.gms.persistent W/Conscrypt:     at java.lang.reflect.Method.invoke(Native Method)
12-12 21:29:24.761 2018-2935/com.google.android.gms.persistent W/Conscrypt:     at java.lang.reflect.Method.invoke(Method.java:372)
12-12 21:29:24.761 2018-2935/com.google.android.gms.persistent W/Conscrypt: Caused by: android.system.ErrnoException: setsockopt failed: EBADF (Bad file number)
12-12 21:29:24.761 2018-2935/com.google.android.gms.persistent W/Conscrypt:     at libcore.io.Posix.setsockoptTimeval(Native Method)
12-12 21:29:24.761 2018-2935/com.google.android.gms.persistent W/Conscrypt:     at libcore.io.ForwardingOs.setsockoptTimeval(ForwardingOs.java:147)
12-12 21:29:24.800 2018-2935/com.google.android.gms.persistent W/Conscrypt: Could not set socket write timeout: java.lang.reflect.InvocationTargetException
12-12 21:29:24.801 2018-2935/com.google.android.gms.persistent W/Conscrypt:     at java.lang.reflect.Method.invoke(Native Method)
12-12 21:29:24.801 2018-2935/com.google.android.gms.persistent W/Conscrypt:     at java.lang.reflect.Method.invoke(Method.java:372)
12-12 21:29:24.801 2018-2935/com.google.android.gms.persistent W/Conscrypt: Caused by: android.system.ErrnoException: setsockopt failed: EBADF (Bad file number)
12-12 21:29:24.801 2018-2935/com.google.android.gms.persistent W/Conscrypt:     at libcore.io.Posix.setsockoptTimeval(Native Method)
12-12 21:29:24.801 2018-2935/com.google.android.gms.persistent W/Conscrypt:     at libcore.io.ForwardingOs.setsockoptTimeval(ForwardingOs.java:147)
12-12 21:29:24.899 2018-2935/com.google.android.gms.persistent W/GLSUser: [AppCertManager] IOException while requesting key:
    java.io.IOException: Invalid device key response.
        at hnu.a(:com.google.android.gms@13280014@13.2.80 (020800-211705629):11)
        at hnu.a(:com.google.android.gms@13280014@13.2.80 (020800-211705629):64)
        at hns.a(:com.google.android.gms@13280014@13.2.80 (020800-211705629):6)
        at hno.a(:com.google.android.gms@13280014@13.2.80 (020800-211705629):1)
        at hnn.a(:com.google.android.gms@13280014@13.2.80 (020800-211705629):9)
        at com.google.android.gms.auth.account.be.legacy.AuthCronChimeraService.b(:com.google.android.gms@13280014@13.2.80 (020800-211705629):6)
        at gnb.call(:com.google.android.gms@13280014@13.2.80 (020800-211705629):3)
        at java.util.concurrent.FutureTask.run(FutureTask.java:237)
        at pyn.run(:com.google.android.gms@13280014@13.2.80 (020800-211705629):21)
        at java.util.concurrent.ThreadPoolExecutor.runWorker(ThreadPoolExecutor.java:1112)
        at java.util.concurrent.ThreadPoolExecutor$Worker.run(ThreadPoolExecutor.java:587)
        at qer.run(:com.google.android.gms@13280014@13.2.80 (020800-211705629))
        at java.lang.Thread.run(Thread.java:818)
12-12 21:29:28.789 2018-3897/com.google.android.gms.persistent E/WakeLock: GCM_CONN_ALARM release without a matched acquire!
12-12 21:30:04.214 1889-1908/com.android.launcher I/art: Background sticky concurrent mark sweep GC freed 32460(1302KB) AllocSpace objects, 0(0B) LOS objects, 12% free, 9MB/10MB, paused 8.170ms total 26.930ms
12-12 21:30:57.634 1558-1587/system_process W/BatteryStatsImpl: Couldn't get kernel wake lock stats
12-12 21:31:01.461 1889-1908/com.android.launcher I/art: Background sticky concurrent mark sweep GC freed 99133(3MB) AllocSpace objects, 0(0B) LOS objects, 19% free, 8MB/10MB, paused 5.093ms total 26.157ms
12-12 21:31:10.830 3841-3841/com.example.minatsu.r_colorclock D/CompanionRunnable: count=300
12-12 21:31:22.675 1558-1581/system_process I/ProcessStatsService: Prepared write state in 3ms
12-12 21:31:22.704 1558-1580/system_process I/ProcessStatsService: Pruning old procstats: /data/system/procstats/state-2018-12-10-18-28-36.bin
12-12 21:31:27.555 1889-1908/com.android.launcher I/art: Background sticky concurrent mark sweep GC freed 99609(3MB) AllocSpace objects, 0(0B) LOS objects, 19% free, 8MB/10MB, paused 5.958ms total 25.690ms
12-12 21:31:29.737 1558-2806/system_process I/ActivityManager: Killing 2704:com.google.android.gm/u0a42 (adj 13): empty for 1801s
12-12 21:31:29.744 1558-2806/system_process I/ActivityManager: Killing 2498:com.android.mms/u0a10 (adj 13): empty for 1802s
12-12 21:31:29.751 1558-2816/system_process D/CountryDetector: No listener is left
12-12 21:31:29.751 1558-2806/system_process I/ActivityManager: Killing 1717:android.process.media/u0a5 (adj 13): empty for 1803s
12-12 21:31:29.757 1558-2806/system_process I/ActivityManager: Killing 3005:com.google.android.gms.ui/u0a7 (adj 13): empty for 1803s
12-12 21:31:29.765 1558-2806/system_process I/ActivityManager: Killing 2808:com.google.android.gms:car/u0a7 (adj 15): empty for 1805s
12-12 21:31:29.774 1558-2807/system_process W/libprocessgroup: failed to open /acct/uid_10042/pid_2704/cgroup.procs: No such file or directory
12-12 21:31:29.774 1558-1575/system_process W/libprocessgroup: failed to open /acct/uid_10010/pid_2498/cgroup.procs: No such file or directory
12-12 21:31:29.776 1558-1628/system_process W/libprocessgroup: failed to open /acct/uid_10005/pid_1717/cgroup.procs: No such file or directory
12-12 21:31:29.777 1558-2806/system_process W/libprocessgroup: failed to open /acct/uid_10007/pid_2808/cgroup.procs: No such file or directory
12-12 21:31:29.778 1558-1735/system_process W/libprocessgroup: failed to open /acct/uid_10007/pid_3005/cgroup.procs: No such file or directory
12-12 21:31:33.841 1889-1908/com.android.launcher I/art: Background sticky concurrent mark sweep GC freed 44545(1792KB) AllocSpace objects, 0(0B) LOS objects, 17% free, 8MB/10MB, paused 6.189ms total 45.534ms
12-12 21:34:44.567 1889-1908/com.android.launcher W/art: Suspending all threads took: 22.631ms
12-12 21:34:44.573 1889-1908/com.android.launcher I/art: Background sticky concurrent mark sweep GC freed 27798(1109KB) AllocSpace objects, 0(0B) LOS objects, 10% free, 9MB/10MB, paused 23.530ms total 33.353ms
12-12 21:34:44.581 1558-1572/system_process I/art: Background partial concurrent mark sweep GC freed 77066(2MB) AllocSpace objects, 0(0B) LOS objects, 28% free, 10MB/14MB, paused 5.072ms total 61.091ms
12-12 21:35:03.595 1558-1572/system_process I/art: Background sticky concurrent mark sweep GC freed 42946(1470KB) AllocSpace objects, 0(0B) LOS objects, 10% free, 11MB/12MB, paused 8.506ms total 25.022ms
12-12 21:35:07.840 1558-1572/system_process I/art: Background sticky concurrent mark sweep GC freed 22241(769KB) AllocSpace objects, 0(0B) LOS objects, 5% free, 12MB/12MB, paused 26.543ms total 40.562ms
12-12 21:35:21.672 1558-1572/system_process I/art: Background sticky concurrent mark sweep GC freed 108045(3MB) AllocSpace objects, 0(0B) LOS objects, 15% free, 10MB/12MB, paused 11.825ms total 32.069ms
12-12 21:36:11.524 1889-1906/com.android.launcher I/art: WaitForGcToComplete blocked for 10.654ms for cause HeapTrim
12-12 21:36:13.599 3841-3856/com.example.minatsu.r_colorclock W/art: Suspending all threads took: 10.742ms
12-12 21:36:27.406 3841-3841/com.example.minatsu.r_colorclock D/CompanionRunnable: count=600
12-12 21:36:38.110 1889-1908/com.android.launcher I/art: Background partial concurrent mark sweep GC freed 66481(2MB) AllocSpace objects, 0(0B) LOS objects, 32% free, 8MB/12MB, paused 8.577ms total 35.336ms
12-12 21:36:47.717 1558-1572/system_process W/art: Suspending all threads took: 6.369ms
12-12 21:36:47.739 1558-1572/system_process I/art: Background sticky concurrent mark sweep GC freed 99745(3MB) AllocSpace objects, 0(0B) LOS objects, 15% free, 11MB/13MB, paused 7.906ms total 43.173ms
12-12 21:37:45.426 1889-1908/com.android.launcher I/art: Background sticky concurrent mark sweep GC freed 39807(1634KB) AllocSpace objects, 0(0B) LOS objects, 14% free, 9MB/10MB, paused 10.719ms total 23.270ms
12-12 21:38:08.879 1889-1908/com.android.launcher I/art: Background sticky concurrent mark sweep GC freed 93760(3MB) AllocSpace objects, 0(0B) LOS objects, 18% free, 8MB/10MB, paused 10.284ms total 30.182ms
12-12 21:38:33.506 1558-1572/system_process I/art: Background partial concurrent mark sweep GC freed 97449(3MB) AllocSpace objects, 0(0B) LOS objects, 27% free, 10MB/14MB, paused 985us total 127.736ms
12-12 21:38:50.654 1889-1906/com.android.launcher I/art: WaitForGcToComplete blocked for 19.090ms for cause HeapTrim
12-12 21:39:52.045 1558-1572/system_process I/art: Background partial concurrent mark sweep GC freed 90810(2MB) AllocSpace objects, 0(0B) LOS objects, 27% free, 10MB/14MB, paused 1.575ms total 102.614ms
12-12 21:40:05.022 1558-1572/system_process I/art: Background sticky concurrent mark sweep GC freed 33893(1158KB) AllocSpace objects, 0(0B) LOS objects, 7% free, 12MB/13MB, paused 25.928ms total 50.535ms
12-12 21:40:20.167 1558-1572/system_process I/art: Background sticky concurrent mark sweep GC freed 35006(1203KB) AllocSpace objects, 0(0B) LOS objects, 7% free, 12MB/13MB, paused 16.264ms total 45.754ms
12-12 21:41:08.906 1889-1908/com.android.launcher I/art: Background sticky concurrent mark sweep GC freed 92373(3MB) AllocSpace objects, 0(0B) LOS objects, 17% free, 9MB/11MB, paused 12.548ms total 34.649ms
12-12 21:41:25.083 1889-1908/com.android.launcher I/art: Background partial concurrent mark sweep GC freed 73113(2MB) AllocSpace objects, 0(0B) LOS objects, 31% free, 8MB/12MB, paused 911us total 112.436ms
12-12 21:41:32.588 1558-1572/system_process W/art: Suspending all threads took: 8.559ms
12-12 21:41:32.595 1558-1572/system_process I/art: Background sticky concurrent mark sweep GC freed 37090(1262KB) AllocSpace objects, 0(0B) LOS objects, 6% free, 12MB/13MB, paused 9.819ms total 46.062ms
12-12 21:41:34.806 1558-1572/system_process I/art: Background partial concurrent mark sweep GC freed 103351(3MB) AllocSpace objects, 0(0B) LOS objects, 27% free, 10MB/14MB, paused 1.897ms total 108.725ms
12-12 21:41:41.372 1889-1908/com.android.launcher I/art: Background sticky concurrent mark sweep GC freed 99126(3MB) AllocSpace objects, 0(0B) LOS objects, 17% free, 9MB/11MB, paused 1.105ms total 102.851ms
12-12 21:41:48.844 1558-1572/system_process I/art: Background partial concurrent mark sweep GC freed 103399(3MB) AllocSpace objects, 0(0B) LOS objects, 27% free, 10MB/14MB, paused 1.064ms total 111ms
12-12 21:41:49.854 3841-3841/com.example.minatsu.r_colorclock D/CompanionRunnable: count=900
12-12 21:42:02.885 1558-1572/system_process I/art: Background partial concurrent mark sweep GC freed 104900(3MB) AllocSpace objects, 0(0B) LOS objects, 27% free, 10MB/14MB, paused 1.016ms total 112.991ms
12-12 21:42:05.537 1889-1889/com.android.launcher I/Choreographer: Skipped 30 frames!  The application may be doing too much work on its main thread.
12-12 21:42:17.045 1558-1572/system_process I/art: Background partial concurrent mark sweep GC freed 106373(3MB) AllocSpace objects, 0(0B) LOS objects, 27% free, 10MB/14MB, paused 4.402ms total 107.212ms
12-12 21:42:31.188 1558-1572/system_process I/art: Background partial concurrent mark sweep GC freed 107892(3MB) AllocSpace objects, 0(0B) LOS objects, 27% free, 10MB/14MB, paused 1.171ms total 107.455ms
12-12 21:42:36.098 1889-1889/com.android.launcher I/Choreographer: Skipped 30 frames!  The application may be doing too much work on its main thread.
12-12 21:42:46.399 1558-1572/system_process I/art: Background partial concurrent mark sweep GC freed 109431(3MB) AllocSpace objects, 0(0B) LOS objects, 27% free, 10MB/14MB, paused 2.071ms total 114.505ms
12-12 21:43:10.948 1889-1889/com.android.launcher I/Choreographer: Skipped 30 frames!  The application may be doing too much work on its main thread.
12-12 21:43:14.754 1558-1572/system_process I/art: Background partial concurrent mark sweep GC freed 114898(3MB) AllocSpace objects, 0(0B) LOS objects, 27% free, 10MB/14MB, paused 1.103ms total 128.472ms
12-12 21:43:33.179 1889-1908/com.android.launcher I/art: Background sticky concurrent mark sweep GC freed 84492(3MB) AllocSpace objects, 0(0B) LOS objects, 17% free, 9MB/11MB, paused 15.691ms total 37.146ms
12-12 21:43:35.395 1889-1908/com.android.launcher I/art: Background sticky concurrent mark sweep GC freed 32959(1399KB) AllocSpace objects, 0(0B) LOS objects, 12% free, 9MB/11MB, paused 1.062ms total 102.158ms
12-12 21:43:40.213 1889-1889/com.android.launcher I/Choreographer: Skipped 30 frames!  The application may be doing too much work on its main thread.
12-12 21:43:48.969 1889-1889/com.android.launcher I/Choreographer: Skipped 30 frames!  The application may be doing too much work on its main thread.
12-12 21:43:50.085 1889-1889/com.android.launcher I/Choreographer: Skipped 30 frames!  The application may be doing too much work on its main thread.
12-12 21:43:50.678 1558-1572/system_process I/art: Background partial concurrent mark sweep GC freed 79404(2MB) AllocSpace objects, 0(0B) LOS objects, 27% free, 10MB/14MB, paused 1.656ms total 101.310ms
12-12 21:43:51.198 1889-1889/com.android.launcher I/Choreographer: Skipped 30 frames!  The application may be doing too much work on its main thread.
12-12 21:43:52.835 1889-1908/com.android.launcher I/art: Background partial concurrent mark sweep GC freed 71803(2MB) AllocSpace objects, 0(0B) LOS objects, 31% free, 8MB/12MB, paused 12.911ms total 38.801ms
12-12 21:43:56.624 1889-1889/com.android.launcher I/Choreographer: Skipped 31 frames!  The application may be doing too much work on its main thread.
12-12 21:43:57.223 1889-1908/com.android.launcher W/art: Suspending all threads took: 13.826ms
12-12 21:43:57.242 1889-1908/com.android.launcher I/art: Background sticky concurrent mark sweep GC freed 86596(3MB) AllocSpace objects, 0(0B) LOS objects, 17% free, 9MB/11MB, paused 16.001ms total 40.956ms
12-12 21:43:57.737 1889-1889/com.android.launcher I/Choreographer: Skipped 30 frames!  The application may be doing too much work on its main thread.
12-12 21:43:58.835 1889-1889/com.android.launcher I/Choreographer: Skipped 32 frames!  The application may be doing too much work on its main thread.
12-12 21:43:59.391 1889-1908/com.android.launcher I/art: Background sticky concurrent mark sweep GC freed 33710(1431KB) AllocSpace objects, 0(0B) LOS objects, 12% free, 9MB/11MB, paused 34.917ms total 50.343ms
12-12 21:43:59.886 1889-1889/com.android.launcher I/Choreographer: Skipped 30 frames!  The application may be doing too much work on its main thread.
12-12 21:44:01.000 1889-1889/com.android.launcher I/Choreographer: Skipped 31 frames!  The application may be doing too much work on its main thread.
12-12 21:44:21.199 1558-1572/system_process I/art: Background sticky concurrent mark sweep GC freed 23012(801KB) AllocSpace objects, 0(0B) LOS objects, 5% free, 13MB/13MB, paused 44.154ms total 61.683ms
12-12 21:44:22.347 1558-1572/system_process I/art: Background partial concurrent mark sweep GC freed 100825(3MB) AllocSpace objects, 0(0B) LOS objects, 27% free, 10MB/14MB, paused 2.118ms total 104.071ms
12-12 21:44:25.056 1889-1889/com.android.launcher I/Choreographer: Skipped 33 frames!  The application may be doing too much work on its main thread.
12-12 21:44:27.790 1889-1908/com.android.launcher I/art: Background sticky concurrent mark sweep GC freed 84866(3MB) AllocSpace objects, 0(0B) LOS objects, 17% free, 9MB/11MB, paused 24.700ms total 47.944ms
12-12 21:44:28.266 1889-1889/com.android.launcher I/Choreographer: Skipped 30 frames!  The application may be doing too much work on its main thread.
12-12 21:44:33.194 1558-1572/system_process I/art: Background partial concurrent mark sweep GC freed 101722(3MB) AllocSpace objects, 0(0B) LOS objects, 27% free, 10MB/14MB, paused 1.602ms total 101.428ms
12-12 21:44:39.315 1889-1889/com.android.launcher I/Choreographer: Skipped 30 frames!  The application may be doing too much work on its main thread.
12-12 21:44:44.277 1558-1572/system_process I/art: Background partial concurrent mark sweep GC freed 102854(3MB) AllocSpace objects, 0(0B) LOS objects, 27% free, 10MB/14MB, paused 1.508ms total 109.618ms
12-12 21:44:44.788 1889-1889/com.android.launcher I/Choreographer: Skipped 30 frames!  The application may be doing too much work on its main thread.
12-12 21:44:45.855 1889-1889/com.android.launcher I/Choreographer: Skipped 30 frames!  The application may be doing too much work on its main thread.
12-12 21:44:46.971 1889-1889/com.android.launcher I/Choreographer: Skipped 33 frames!  The application may be doing too much work on its main thread.
12-12 21:44:49.175 1889-1889/com.android.launcher I/Choreographer: Skipped 30 frames!  The application may be doing too much work on its main thread.
12-12 21:44:50.767 1558-1572/system_process W/art: Suspending all threads took: 25.631ms
12-12 21:44:50.782 1558-1572/system_process I/art: Background sticky concurrent mark sweep GC freed 86501(2MB) AllocSpace objects, 0(0B) LOS objects, 14% free, 11MB/13MB, paused 27.177ms total 50.822ms
12-12 21:44:50.830 1889-1908/com.android.launcher W/art: Suspending all threads took: 13.552ms
12-12 21:44:50.852 1889-1908/com.android.launcher I/art: Background sticky concurrent mark sweep GC freed 87525(3MB) AllocSpace objects, 0(0B) LOS objects, 17% free, 9MB/11MB, paused 14.478ms total 44.394ms
12-12 21:44:51.388 1889-1889/com.android.launcher I/Choreographer: Skipped 32 frames!  The application may be doing too much work on its main thread.
12-12 21:44:53.594 1889-1889/com.android.launcher I/Choreographer: Skipped 31 frames!  The application may be doing too much work on its main thread.
12-12 21:44:54.691 1889-1889/com.android.launcher I/Choreographer: Skipped 32 frames!  The application may be doing too much work on its main thread.
12-12 21:44:55.740 1889-1889/com.android.launcher I/Choreographer: Skipped 30 frames!  The application may be doing too much work on its main thread.
12-12 21:44:56.827 1889-1889/com.android.launcher I/Choreographer: Skipped 30 frames!  The application may be doing too much work on its main thread.
12-12 21:44:57.948 1889-1889/com.android.launcher I/Choreographer: Skipped 30 frames!  The application may be doing too much work on its main thread.
12-12 21:44:59.052 1889-1889/com.android.launcher I/Choreographer: Skipped 32 frames!  The application may be doing too much work on its main thread.
12-12 21:45:00.216 1889-1889/com.android.launcher I/Choreographer: Skipped 32 frames!  The application may be doing too much work on its main thread.
12-12 21:45:01.298 1889-1889/com.android.launcher I/Choreographer: Skipped 32 frames!  The application may be doing too much work on its main thread.
12-12 21:45:02.394 1889-1889/com.android.launcher I/Choreographer: Skipped 32 frames!  The application may be doing too much work on its main thread.
12-12 21:45:03.459 1889-1889/com.android.launcher I/Choreographer: Skipped 31 frames!  The application may be doing too much work on its main thread.
12-12 21:45:04.557 1889-1889/com.android.launcher I/Choreographer: Skipped 31 frames!  The application may be doing too much work on its main thread.
12-12 21:45:05.683 1889-1889/com.android.launcher I/Choreographer: Skipped 31 frames!  The application may be doing too much work on its main thread.
12-12 21:45:06.168 1558-1572/system_process W/art: Suspending all threads took: 25.763ms
12-12 21:45:06.174 1558-1572/system_process I/art: Background sticky concurrent mark sweep GC freed 1158(54KB) AllocSpace objects, 0(0B) LOS objects, 0% free, 13MB/13MB, paused 27.195ms total 38.579ms
12-12 21:45:06.811 1889-1889/com.android.launcher I/Choreographer: Skipped 32 frames!  The application may be doing too much work on its main thread.
12-12 21:45:07.399 1889-1908/com.android.launcher I/art: Background sticky concurrent mark sweep GC freed 91960(3MB) AllocSpace objects, 0(0B) LOS objects, 17% free, 9MB/11MB, paused 860us total 117.003ms
12-12 21:45:07.933 1889-1889/com.android.launcher I/Choreographer: Skipped 31 frames!  The application may be doing too much work on its main thread.
12-12 21:45:09.064 1889-1889/com.android.launcher I/Choreographer: Skipped 33 frames!  The application may be doing too much work on its main thread.
12-12 21:45:09.618 1889-1908/com.android.launcher I/art: Background partial concurrent mark sweep GC freed 77266(2MB) AllocSpace objects, 0(0B) LOS objects, 31% free, 8MB/12MB, paused 1.669ms total 141.666ms
12-12 21:45:10.133 1889-1889/com.android.launcher I/Choreographer: Skipped 31 frames!  The application may be doing too much work on its main thread.
12-12 21:45:16.016 1558-1572/system_process I/art: Background sticky concurrent mark sweep GC freed 24114(838KB) AllocSpace objects, 0(0B) LOS objects, 4% free, 13MB/13MB, paused 16.912ms total 43.146ms
12-12 21:45:16.590 1889-1889/com.android.launcher I/Choreographer: Skipped 30 frames!  The application may be doing too much work on its main thread.
12-12 21:45:19.898 1889-1889/com.android.launcher I/Choreographer: Skipped 31 frames!  The application may be doing too much work on its main thread.
12-12 21:45:20.546 1889-1908/com.android.launcher I/art: Background sticky concurrent mark sweep GC freed 92920(3MB) AllocSpace objects, 0(0B) LOS objects, 17% free, 9MB/11MB, paused 890us total 125.313ms
12-12 21:45:22.054 1889-1889/com.android.launcher I/Choreographer: Skipped 30 frames!  The application may be doing too much work on its main thread.
12-12 21:45:23.173 1889-1889/com.android.launcher I/Choreographer: Skipped 31 frames!  The application may be doing too much work on its main thread.
12-12 21:45:24.294 1889-1889/com.android.launcher I/Choreographer: Skipped 32 frames!  The application may be doing too much work on its main thread.
12-12 21:45:25.325 1889-1889/com.android.launcher I/Choreographer: Skipped 30 frames!  The application may be doing too much work on its main thread.
12-12 21:45:26.904 1558-1572/system_process W/art: Suspending all threads took: 16.487ms
12-12 21:45:26.918 1558-1572/system_process I/art: Background sticky concurrent mark sweep GC freed 24294(844KB) AllocSpace objects, 0(0B) LOS objects, 4% free, 13MB/13MB, paused 18.023ms total 46.807ms
12-12 21:45:28.055 1558-1572/system_process I/art: Background partial concurrent mark sweep GC freed 106758(3MB) AllocSpace objects, 0(0B) LOS objects, 27% free, 10MB/14MB, paused 1.639ms total 100.364ms
12-12 21:45:28.584 1889-1889/com.android.launcher I/Choreographer: Skipped 31 frames!  The application may be doing too much work on its main thread.
12-12 21:45:29.206 1889-1908/com.android.launcher I/art: Background sticky concurrent mark sweep GC freed 36413(1549KB) AllocSpace objects, 0(0B) LOS objects, 11% free, 10MB/11MB, paused 1.606ms total 115.332ms
12-12 21:45:30.773 1889-1889/com.android.launcher I/Choreographer: Skipped 30 frames!  The application may be doing too much work on its main thread.
12-12 21:45:31.851 1889-1889/com.android.launcher I/Choreographer: Skipped 30 frames!  The application may be doing too much work on its main thread.
12-12 21:45:32.958 1889-1889/com.android.launcher I/Choreographer: Skipped 30 frames!  The application may be doing too much work on its main thread.
12-12 21:45:34.089 1889-1889/com.android.launcher I/Choreographer: Skipped 32 frames!  The application may be doing too much work on its main thread.
12-12 21:45:35.253 1889-1889/com.android.launcher I/Choreographer: Skipped 34 frames!  The application may be doing too much work on its main thread.
12-12 21:45:36.327 1889-1889/com.android.launcher I/Choreographer: Skipped 34 frames!  The application may be doing too much work on its main thread.
12-12 21:45:37.407 1889-1889/com.android.launcher I/Choreographer: Skipped 32 frames!  The application may be doing too much work on its main thread.
12-12 21:45:38.479 1889-1889/com.android.launcher I/Choreographer: Skipped 32 frames!  The application may be doing too much work on its main thread.
12-12 21:45:39.563 1889-1889/com.android.launcher I/Choreographer: Skipped 30 frames!  The application may be doing too much work on its main thread.
12-12 21:45:40.684 1889-1889/com.android.launcher I/Choreographer: Skipped 30 frames!  The application may be doing too much work on its main thread.
12-12 21:45:41.801 1889-1889/com.android.launcher I/Choreographer: Skipped 32 frames!  The application may be doing too much work on its main thread.
12-12 21:45:42.924 1889-1889/com.android.launcher I/Choreographer: Skipped 31 frames!  The application may be doing too much work on its main thread.
12-12 21:45:45.122 1889-1889/com.android.launcher I/Choreographer: Skipped 32 frames!  The application may be doing too much work on its main thread.
12-12 21:45:46.298 1889-1889/com.android.launcher I/Choreographer: Skipped 31 frames!  The application may be doing too much work on its main thread.
12-12 21:45:47.326 1889-1889/com.android.launcher I/Choreographer: Skipped 30 frames!  The application may be doing too much work on its main thread.
12-12 21:45:48.405 1889-1889/com.android.launcher I/Choreographer: Skipped 30 frames!  The application may be doing too much work on its main thread.
12-12 21:45:49.527 1889-1889/com.android.launcher I/Choreographer: Skipped 30 frames!  The application may be doing too much work on its main thread.
12-12 21:45:50.116 1558-1572/system_process I/art: Background partial concurrent mark sweep GC freed 108766(3MB) AllocSpace objects, 0(0B) LOS objects, 27% free, 10MB/14MB, paused 1.557ms total 126.125ms
12-12 21:45:50.699 1889-1889/com.android.launcher I/Choreographer: Skipped 33 frames!  The application may be doing too much work on its main thread.
12-12 21:45:52.894 1889-1889/com.android.launcher I/Choreographer: Skipped 32 frames!  The application may be doing too much work on its main thread.
12-12 21:45:53.438 1889-1908/com.android.launcher W/art: Suspending all threads took: 17.512ms
12-12 21:45:53.454 1889-1908/com.android.launcher I/art: Background sticky concurrent mark sweep GC freed 7869(439KB) AllocSpace objects, 0(0B) LOS objects, 2% free, 10MB/11MB, paused 18.399ms total 41.510ms
12-12 21:45:53.995 1889-1889/com.android.launcher I/Choreographer: Skipped 32 frames!  The application may be doing too much work on its main thread.
12-12 21:45:55.097 1889-1889/com.android.launcher I/Choreographer: Skipped 30 frames!  The application may be doing too much work on its main thread.
12-12 21:45:56.204 1889-1889/com.android.launcher I/Choreographer: Skipped 33 frames!  The application may be doing too much work on its main thread.
12-12 21:45:57.271 1889-1889/com.android.launcher I/Choreographer: Skipped 32 frames!  The application may be doing too much work on its main thread.
12-12 21:46:00.588 1889-1889/com.android.launcher I/Choreographer: Skipped 31 frames!  The application may be doing too much work on its main thread.
12-12 21:46:01.672 1889-1889/com.android.launcher I/Choreographer: Skipped 32 frames!  The application may be doing too much work on its main thread.
12-12 21:46:02.806 1889-1889/com.android.launcher I/Choreographer: Skipped 31 frames!  The application may be doing too much work on its main thread.
12-12 21:46:03.856 1889-1889/com.android.launcher I/Choreographer: Skipped 30 frames!  The application may be doing too much work on its main thread.
12-12 21:46:05.029 1889-1889/com.android.launcher I/Choreographer: Skipped 30 frames!  The application may be doing too much work on its main thread.
12-12 21:46:06.132 1889-1889/com.android.launcher I/Choreographer: Skipped 31 frames!  The application may be doing too much work on its main thread.
12-12 21:46:07.224 1889-1889/com.android.launcher I/Choreographer: Skipped 31 frames!  The application may be doing too much work on its main thread.
12-12 21:46:08.326 1889-1889/com.android.launcher I/Choreographer: Skipped 30 frames!  The application may be doing too much work on its main thread.
12-12 21:46:09.457 1889-1889/com.android.launcher I/Choreographer: Skipped 32 frames!  The application may be doing too much work on its main thread.
12-12 21:46:10.552 1889-1889/com.android.launcher I/Choreographer: Skipped 32 frames!  The application may be doing too much work on its main thread.
12-12 21:46:11.696 1889-1889/com.android.launcher I/Choreographer: Skipped 32 frames!  The application may be doing too much work on its main thread.
12-12 21:46:12.261 1558-1572/system_process I/art: Background partial concurrent mark sweep GC freed 110690(3MB) AllocSpace objects, 0(0B) LOS objects, 27% free, 10MB/14MB, paused 1.370ms total 118.643ms
12-12 21:46:12.832 1889-1889/com.android.launcher I/Choreographer: Skipped 33 frames!  The application may be doing too much work on its main thread.
12-12 21:46:13.427 1889-1908/com.android.launcher I/art: Background sticky concurrent mark sweep GC freed 95912(3MB) AllocSpace objects, 0(0B) LOS objects, 17% free, 9MB/11MB, paused 848us total 116.258ms
12-12 21:46:13.966 1889-1889/com.android.launcher I/Choreographer: Skipped 31 frames!  The application may be doing too much work on its main thread.
12-12 21:46:14.970 1889-1889/com.android.launcher I/Choreographer: Skipped 32 frames!  The application may be doing too much work on its main thread.
12-12 21:46:16.048 1889-1889/com.android.launcher I/Choreographer: Skipped 31 frames!  The application may be doing too much work on its main thread.
12-12 21:46:17.166 1889-1889/com.android.launcher I/Choreographer: Skipped 31 frames!  The application may be doing too much work on its main thread.
12-12 21:46:18.274 1889-1889/com.android.launcher I/Choreographer: Skipped 31 frames!  The application may be doing too much work on its main thread.
12-12 21:46:19.390 1889-1889/com.android.launcher I/Choreographer: Skipped 31 frames!  The application may be doing too much work on its main thread.
12-12 21:46:20.504 1889-1889/com.android.launcher I/Choreographer: Skipped 34 frames!  The application may be doing too much work on its main thread.
12-12 21:46:21.608 1889-1889/com.android.launcher I/Choreographer: Skipped 30 frames!  The application may be doing too much work on its main thread.
12-12 21:46:22.686 1889-1889/com.android.launcher I/Choreographer: Skipped 31 frames!  The application may be doing too much work on its main thread.
12-12 21:46:23.263 1558-1572/system_process I/art: Background partial concurrent mark sweep GC freed 110493(3MB) AllocSpace objects, 0(0B) LOS objects, 27% free, 10MB/14MB, paused 1.056ms total 101.201ms
12-12 21:46:23.806 1889-1889/com.android.launcher I/Choreographer: Skipped 30 frames!  The application may be doing too much work on its main thread.
12-12 21:46:24.902 1889-1889/com.android.launcher I/Choreographer: Skipped 32 frames!  The application may be doing too much work on its main thread.
12-12 21:46:26.000 1889-1889/com.android.launcher I/Choreographer: Skipped 30 frames!  The application may be doing too much work on its main thread.
12-12 21:46:27.083 1889-1889/com.android.launcher I/Choreographer: Skipped 31 frames!  The application may be doing too much work on its main thread.
12-12 21:46:28.229 1889-1889/com.android.launcher I/Choreographer: Skipped 33 frames!  The application may be doing too much work on its main thread.
12-12 21:46:29.294 1889-1889/com.android.launcher I/Choreographer: Skipped 32 frames!  The application may be doing too much work on its main thread.
12-12 21:46:30.372 1889-1889/com.android.launcher I/Choreographer: Skipped 31 frames!  The application may be doing too much work on its main thread.
12-12 21:46:31.503 1889-1889/com.android.launcher I/Choreographer: Skipped 33 frames!  The application may be doing too much work on its main thread.
12-12 21:46:32.586 1889-1889/com.android.launcher I/Choreographer: Skipped 33 frames!  The application may be doing too much work on its main thread.
12-12 21:46:33.709 1889-1889/com.android.launcher I/Choreographer: Skipped 30 frames!  The application may be doing too much work on its main thread.
12-12 21:46:34.240 1558-1572/system_process I/art: Background partial concurrent mark sweep GC freed 111473(3MB) AllocSpace objects, 0(0B) LOS objects, 27% free, 10MB/14MB, paused 7.224ms total 62.062ms
12-12 21:46:34.786 1889-1889/com.android.launcher I/Choreographer: Skipped 32 frames!  The application may be doing too much work on its main thread.
12-12 21:46:35.841 1889-1889/com.android.launcher I/Choreographer: Skipped 31 frames!  The application may be doing too much work on its main thread.
