12-12 21:56:41.456 1889-1889/com.android.launcher I/Choreographer: Skipped 48 frames!  The application may be doing too much work on its main thread.
12-12 21:56:42.557 1889-1889/com.android.launcher I/Choreographer: Skipped 48 frames!  The application may be doing too much work on its main thread.
12-12 21:56:43.668 1889-1889/com.android.launcher I/Choreographer: Skipped 48 frames!  The application may be doing too much work on its main thread.
12-12 21:56:44.846 1889-1889/com.android.launcher I/Choreographer: Skipped 46 frames!  The application may be doing too much work on its main thread.
12-12 21:56:45.098 1558-1572/system_process I/art: Background partial concurrent mark sweep GC freed 131619(4MB) AllocSpace objects, 0(0B) LOS objects, 26% free, 10MB/14MB, paused 982us total 115.963ms
12-12 21:56:45.929 1889-1889/com.android.launcher I/Choreographer: Skipped 47 frames!  The application may be doing too much work on its main thread.
12-12 21:56:47.105 1889-1889/com.android.launcher I/Choreographer: Skipped 49 frames!  The application may be doing too much work on its main thread.
12-12 21:56:48.212 1889-1889/com.android.launcher I/Choreographer: Skipped 46 frames!  The application may be doing too much work on its main thread.
12-12 21:56:49.384 1889-1889/com.android.launcher I/Choreographer: Skipped 47 frames!  The application may be doing too much work on its main thread.
12-12 21:56:50.542 1889-1889/com.android.launcher I/Choreographer: Skipped 47 frames!  The application may be doing too much work on its main thread.
12-12 21:56:51.686 1889-1889/com.android.launcher I/Choreographer: Skipped 50 frames!  The application may be doing too much work on its main thread.
12-12 21:56:52.000 1558-1572/system_process I/art: Background partial concurrent mark sweep GC freed 135302(4MB) AllocSpace objects, 0(0B) LOS objects, 26% free, 10MB/14MB, paused 987us total 154.508ms
12-12 21:56:52.854 1889-1889/com.android.launcher I/Choreographer: Skipped 48 frames!  The application may be doing too much work on its main thread.
12-12 21:56:54.054 1889-1889/com.android.launcher I/Choreographer: Skipped 49 frames!  The application may be doing too much work on its main thread.
12-12 21:56:55.144 1889-1889/com.android.launcher I/Choreographer: Skipped 48 frames!  The application may be doing too much work on its main thread.
12-12 21:56:56.258 1889-1889/com.android.launcher I/Choreographer: Skipped 49 frames!  The application may be doing too much work on its main thread.
12-12 21:56:56.522 1558-1572/system_process I/art: Background sticky concurrent mark sweep GC freed 70752(2MB) AllocSpace objects, 0(0B) LOS objects, 12% free, 12MB/14MB, paused 1.074ms total 123.157ms
12-12 21:56:56.696 1889-1908/com.android.launcher I/art: Background partial concurrent mark sweep GC freed 98185(3MB) AllocSpace objects, 0(0B) LOS objects, 30% free, 9MB/13MB, paused 1.204ms total 111.952ms
12-12 21:56:57.469 1889-1889/com.android.launcher I/Choreographer: Skipped 47 frames!  The application may be doing too much work on its main thread.
12-12 21:56:58.555 1889-1889/com.android.launcher I/Choreographer: Skipped 48 frames!  The application may be doing too much work on its main thread.
12-12 21:56:59.783 1889-1889/com.android.launcher I/Choreographer: Skipped 47 frames!  The application may be doing too much work on its main thread.
12-12 21:57:00.838 1889-1889/com.android.launcher I/Choreographer: Skipped 50 frames!  The application may be doing too much work on its main thread.
12-12 21:57:01.214 1889-1908/com.android.launcher I/art: Background partial concurrent mark sweep GC freed 104719(3MB) AllocSpace objects, 0(0B) LOS objects, 30% free, 9MB/13MB, paused 107.805ms total 151.386ms
12-12 21:57:02.023 1889-1889/com.android.launcher I/Choreographer: Skipped 49 frames!  The application may be doing too much work on its main thread.
12-12 21:57:03.129 1889-1889/com.android.launcher I/Choreographer: Skipped 50 frames!  The application may be doing too much work on its main thread.
12-12 21:57:03.315 1558-1572/system_process I/art: Background sticky concurrent mark sweep GC freed 70963(2MB) AllocSpace objects, 0(0B) LOS objects, 12% free, 13MB/14MB, paused 1.177ms total 115.474ms
12-12 21:57:04.250 1889-1889/com.android.launcher I/Choreographer: Skipped 48 frames!  The application may be doing too much work on its main thread.
12-12 21:57:05.346 1889-1889/com.android.launcher I/Choreographer: Skipped 50 frames!  The application may be doing too much work on its main thread.
12-12 21:57:05.657 1558-1572/system_process I/art: Background partial concurrent mark sweep GC freed 136434(4MB) AllocSpace objects, 0(0B) LOS objects, 26% free, 10MB/14MB, paused 1.121ms total 121.762ms
12-12 21:57:06.509 1889-1889/com.android.launcher I/Choreographer: Skipped 51 frames!  The application may be doing too much work on its main thread.
12-12 21:57:07.608 1889-1889/com.android.launcher I/Choreographer: Skipped 49 frames!  The application may be doing too much work on its main thread.
12-12 21:57:08.762 1889-1889/com.android.launcher I/Choreographer: Skipped 48 frames!  The application may be doing too much work on its main thread.
12-12 21:57:09.846 1889-1889/com.android.launcher I/Choreographer: Skipped 49 frames!  The application may be doing too much work on its main thread.
12-12 21:57:10.982 1889-1889/com.android.launcher I/Choreographer: Skipped 47 frames!  The application may be doing too much work on its main thread.
12-12 21:57:12.137 1889-1889/com.android.launcher I/Choreographer: Skipped 48 frames!  The application may be doing too much work on its main thread.
12-12 21:57:13.382 1889-1889/com.android.launcher I/Choreographer: Skipped 50 frames!  The application may be doing too much work on its main thread.
12-12 21:57:14.425 1889-1889/com.android.launcher I/Choreographer: Skipped 48 frames!  The application may be doing too much work on its main thread.
12-12 21:57:15.583 1889-1889/com.android.launcher I/Choreographer: Skipped 49 frames!  The application may be doing too much work on its main thread.
12-12 21:57:16.827 1889-1889/com.android.launcher I/Choreographer: Skipped 49 frames!  The application may be doing too much work on its main thread.
12-12 21:57:17.818 1889-1889/com.android.launcher I/Choreographer: Skipped 50 frames!  The application may be doing too much work on its main thread.
12-12 21:57:18.984 1889-1889/com.android.launcher I/Choreographer: Skipped 49 frames!  The application may be doing too much work on its main thread.
12-12 21:57:19.265 1558-1572/system_process I/art: Background partial concurrent mark sweep GC freed 133921(4MB) AllocSpace objects, 0(0B) LOS objects, 26% free, 10MB/14MB, paused 1.089ms total 100.859ms
12-12 21:57:19.298 1889-1908/com.android.launcher I/art: Background partial concurrent mark sweep GC freed 101103(3MB) AllocSpace objects, 0(0B) LOS objects, 30% free, 9MB/13MB, paused 27.909ms total 57.396ms
12-12 21:57:20.137 1889-1889/com.android.launcher I/Choreographer: Skipped 50 frames!  The application may be doing too much work on its main thread.
12-12 21:57:21.240 1889-1889/com.android.launcher I/Choreographer: Skipped 48 frames!  The application may be doing too much work on its main thread.
12-12 21:57:22.368 1889-1889/com.android.launcher I/Choreographer: Skipped 50 frames!  The application may be doing too much work on its main thread.
12-12 21:57:23.601 1889-1889/com.android.launcher I/Choreographer: Skipped 50 frames!  The application may be doing too much work on its main thread.
12-12 21:57:24.745 1889-1889/com.android.launcher I/Choreographer: Skipped 54 frames!  The application may be doing too much work on its main thread.
12-12 21:57:25.840 1889-1889/com.android.launcher I/Choreographer: Skipped 49 frames!  The application may be doing too much work on its main thread.
12-12 21:57:25.993 1558-1572/system_process I/art: Background partial concurrent mark sweep GC freed 134390(4MB) AllocSpace objects, 0(0B) LOS objects, 26% free, 10MB/14MB, paused 1.070ms total 112.323ms
12-12 21:57:26.860 1889-1889/com.android.launcher I/Choreographer: Skipped 50 frames!  The application may be doing too much work on its main thread.
12-12 21:57:28.002 1889-1889/com.android.launcher I/Choreographer: Skipped 51 frames!  The application may be doing too much work on its main thread.
12-12 21:57:28.801 2018-3894/com.google.android.gms.persistent E/WakeLock: GCM_HB_ALARM release without a matched acquire!
12-12 21:57:29.133 1889-1889/com.android.launcher I/Choreographer: Skipped 51 frames!  The application may be doing too much work on its main thread.
12-12 21:57:30.186 1889-1889/com.android.launcher I/Choreographer: Skipped 49 frames!  The application may be doing too much work on its main thread.
12-12 21:57:31.322 1889-1889/com.android.launcher I/Choreographer: Skipped 48 frames!  The application may be doing too much work on its main thread.
12-12 21:57:32.426 1889-1889/com.android.launcher I/Choreographer: Skipped 48 frames!  The application may be doing too much work on its main thread.
12-12 21:57:32.736 1558-1572/system_process I/art: Background partial concurrent mark sweep GC freed 138499(4MB) AllocSpace objects, 0(0B) LOS objects, 26% free, 10MB/14MB, paused 1.126ms total 135.829ms
12-12 21:57:33.612 1889-1889/com.android.launcher I/Choreographer: Skipped 48 frames!  The application may be doing too much work on its main thread.
12-12 21:57:34.713 1889-1889/com.android.launcher I/Choreographer: Skipped 51 frames!  The application may be doing too much work on its main thread.
12-12 21:57:35.832 1889-1889/com.android.launcher I/Choreographer: Skipped 48 frames!  The application may be doing too much work on its main thread.
12-12 21:57:36.996 1889-1889/com.android.launcher I/Choreographer: Skipped 49 frames!  The application may be doing too much work on its main thread.
12-12 21:57:38.128 1889-1889/com.android.launcher I/Choreographer: Skipped 49 frames!  The application may be doing too much work on its main thread.
12-12 21:57:39.229 1889-1889/com.android.launcher I/Choreographer: Skipped 52 frames!  The application may be doing too much work on its main thread.
12-12 21:57:39.471 1558-1572/system_process I/art: Background partial concurrent mark sweep GC freed 135329(4MB) AllocSpace objects, 0(0B) LOS objects, 26% free, 10MB/14MB, paused 1.945ms total 115.125ms
12-12 21:57:40.334 1889-1889/com.android.launcher I/Choreographer: Skipped 50 frames!  The application may be doing too much work on its main thread.
12-12 21:57:41.479 1889-1889/com.android.launcher I/Choreographer: Skipped 49 frames!  The application may be doing too much work on its main thread.
12-12 21:57:41.824 1889-1908/com.android.launcher I/art: Background partial concurrent mark sweep GC freed 102443(3MB) AllocSpace objects, 0(0B) LOS objects, 30% free, 9MB/13MB, paused 1.143ms total 101.593ms
12-12 21:57:42.643 1889-1889/com.android.launcher I/Choreographer: Skipped 49 frames!  The application may be doing too much work on its main thread.
12-12 21:57:43.860 1889-1889/com.android.launcher I/Choreographer: Skipped 55 frames!  The application may be doing too much work on its main thread.
12-12 21:57:44.975 1889-1889/com.android.launcher I/Choreographer: Skipped 51 frames!  The application may be doing too much work on its main thread.
12-12 21:57:45.989 1889-1889/com.android.launcher I/Choreographer: Skipped 51 frames!  The application may be doing too much work on its main thread.
12-12 21:57:46.284 1889-1908/com.android.launcher I/art: Background partial concurrent mark sweep GC freed 104598(3MB) AllocSpace objects, 0(0B) LOS objects, 30% free, 9MB/13MB, paused 19.653ms total 80.691ms
12-12 21:57:47.199 1889-1889/com.android.launcher I/Choreographer: Skipped 57 frames!  The application may be doing too much work on its main thread.
12-12 21:57:48.349 1889-1889/com.android.launcher I/Choreographer: Skipped 58 frames!  The application may be doing too much work on its main thread.
12-12 21:57:49.509 1889-1889/com.android.launcher I/Choreographer: Skipped 57 frames!  The application may be doing too much work on its main thread.
12-12 21:57:50.521 1889-1889/com.android.launcher I/Choreographer: Skipped 52 frames!  The application may be doing too much work on its main thread.
12-12 21:57:51.645 1889-1889/com.android.launcher I/Choreographer: Skipped 51 frames!  The application may be doing too much work on its main thread.
12-12 21:57:52.699 1889-1889/com.android.launcher I/Choreographer: Skipped 49 frames!  The application may be doing too much work on its main thread.
12-12 21:57:52.971 1558-1572/system_process I/art: Background partial concurrent mark sweep GC freed 136231(4MB) AllocSpace objects, 0(0B) LOS objects, 26% free, 10MB/14MB, paused 2.654ms total 119.182ms
12-12 21:57:53.865 1889-1889/com.android.launcher I/Choreographer: Skipped 51 frames!  The application may be doing too much work on its main thread.
12-12 21:57:54.990 1889-1889/com.android.launcher I/Choreographer: Skipped 53 frames!  The application may be doing too much work on its main thread.
12-12 21:57:55.439 1889-1908/com.android.launcher I/art: Background partial concurrent mark sweep GC freed 104833(3MB) AllocSpace objects, 0(0B) LOS objects, 30% free, 9MB/13MB, paused 901us total 210.068ms
12-12 21:57:56.411 1889-1889/com.android.launcher I/Choreographer: Skipped 59 frames!  The application may be doing too much work on its main thread.
12-12 21:57:57.382 1889-1889/com.android.launcher I/Choreographer: Skipped 54 frames!  The application may be doing too much work on its main thread.
12-12 21:57:58.465 1889-1889/com.android.launcher I/Choreographer: Skipped 51 frames!  The application may be doing too much work on its main thread.
12-12 21:57:59.575 1889-1889/com.android.launcher I/Choreographer: Skipped 50 frames!  The application may be doing too much work on its main thread.
12-12 21:57:59.845 1558-1572/system_process I/art: Background partial concurrent mark sweep GC freed 136693(4MB) AllocSpace objects, 0(0B) LOS objects, 26% free, 10MB/14MB, paused 1.488ms total 128.551ms
12-12 21:58:00.798 1889-1889/com.android.launcher I/Choreographer: Skipped 49 frames!  The application may be doing too much work on its main thread.
12-12 21:58:01.840 1889-1889/com.android.launcher I/Choreographer: Skipped 49 frames!  The application may be doing too much work on its main thread.
12-12 21:58:03.064 1889-1889/com.android.launcher I/Choreographer: Skipped 51 frames!  The application may be doing too much work on its main thread.
12-12 21:58:04.136 1889-1889/com.android.launcher I/Choreographer: Skipped 51 frames!  The application may be doing too much work on its main thread.
12-12 21:58:05.268 1889-1889/com.android.launcher I/Choreographer: Skipped 51 frames!  The application may be doing too much work on its main thread.
12-12 21:58:06.476 1889-1889/com.android.launcher I/Choreographer: Skipped 51 frames!  The application may be doing too much work on its main thread.
12-12 21:58:07.556 1889-1889/com.android.launcher I/Choreographer: Skipped 50 frames!  The application may be doing too much work on its main thread.
12-12 21:58:08.835 1889-1889/com.android.launcher I/Choreographer: Skipped 51 frames!  The application may be doing too much work on its main thread.
12-12 21:58:09.828 1889-1889/com.android.launcher I/Choreographer: Skipped 48 frames!  The application may be doing too much work on its main thread.
12-12 21:58:11.022 1889-1889/com.android.launcher I/Choreographer: Skipped 52 frames!  The application may be doing too much work on its main thread.
12-12 21:58:12.134 1889-1889/com.android.launcher I/Choreographer: Skipped 53 frames!  The application may be doing too much work on its main thread.
12-12 21:58:13.265 1889-1889/com.android.launcher I/Choreographer: Skipped 53 frames!  The application may be doing too much work on its main thread.
12-12 21:58:13.502 1558-1572/system_process I/art: Background partial concurrent mark sweep GC freed 171509(5MB) AllocSpace objects, 0(0B) LOS objects, 26% free, 10MB/14MB, paused 1.985ms total 121.965ms
12-12 21:58:14.355 1889-1889/com.android.launcher I/Choreographer: Skipped 50 frames!  The application may be doing too much work on its main thread.
12-12 21:58:15.510 1889-1889/com.android.launcher I/Choreographer: Skipped 51 frames!  The application may be doing too much work on its main thread.
12-12 21:58:16.706 1889-1889/com.android.launcher I/Choreographer: Skipped 54 frames!  The application may be doing too much work on its main thread.
12-12 21:58:17.797 1889-1889/com.android.launcher I/Choreographer: Skipped 49 frames!  The application may be doing too much work on its main thread.
12-12 21:58:18.925 1889-1889/com.android.launcher I/Choreographer: Skipped 50 frames!  The application may be doing too much work on its main thread.
12-12 21:58:20.113 1889-1889/com.android.launcher I/Choreographer: Skipped 49 frames!  The application may be doing too much work on its main thread.
12-12 21:58:20.347 1558-1572/system_process I/art: Background sticky concurrent mark sweep GC freed 4037(189KB) AllocSpace objects, 0(0B) LOS objects, 0% free, 15MB/15MB, paused 1.244ms total 113.906ms
12-12 21:58:21.281 1889-1889/com.android.launcher I/Choreographer: Skipped 49 frames!  The application may be doing too much work on its main thread.
12-12 21:58:22.453 1889-1889/com.android.launcher I/Choreographer: Skipped 50 frames!  The application may be doing too much work on its main thread.
12-12 21:58:23.633 1889-1889/com.android.launcher I/Choreographer: Skipped 50 frames!  The application may be doing too much work on its main thread.
12-12 21:58:24.741 1889-1889/com.android.launcher I/Choreographer: Skipped 54 frames!  The application may be doing too much work on its main thread.
12-12 21:58:25.857 1889-1889/com.android.launcher I/Choreographer: Skipped 52 frames!  The application may be doing too much work on its main thread.
12-12 21:58:26.951 1889-1889/com.android.launcher I/Choreographer: Skipped 50 frames!  The application may be doing too much work on its main thread.
12-12 21:58:27.196 1558-1572/system_process I/art: Background partial concurrent mark sweep GC freed 138538(4MB) AllocSpace objects, 0(0B) LOS objects, 26% free, 10MB/14MB, paused 1.236ms total 138.177ms
12-12 21:58:28.088 1889-1889/com.android.launcher I/Choreographer: Skipped 54 frames!  The application may be doing too much work on its main thread.
12-12 21:58:29.328 1889-1889/com.android.launcher I/Choreographer: Skipped 50 frames!  The application may be doing too much work on its main thread.
12-12 21:58:30.474 1889-1889/com.android.launcher I/Choreographer: Skipped 52 frames!  The application may be doing too much work on its main thread.
12-12 21:58:30.528 3841-3841/com.example.minatsu.r_colorclock D/CompanionRunnable: count=1800
12-12 21:58:31.513 1889-1889/com.android.launcher I/Choreographer: Skipped 52 frames!  The application may be doing too much work on its main thread.
12-12 21:58:32.582 1889-1889/com.android.launcher I/Choreographer: Skipped 49 frames!  The application may be doing too much work on its main thread.
12-12 21:58:33.858 1889-1889/com.android.launcher I/Choreographer: Skipped 56 frames!  The application may be doing too much work on its main thread.
12-12 21:58:34.935 1889-1889/com.android.launcher I/Choreographer: Skipped 54 frames!  The application may be doing too much work on its main thread.
12-12 21:58:35.319 1889-1908/com.android.launcher I/art: Background partial concurrent mark sweep GC freed 107857(3MB) AllocSpace objects, 0(0B) LOS objects, 30% free, 9MB/13MB, paused 766us total 214.355ms
12-12 21:58:36.148 1889-1889/com.android.launcher I/Choreographer: Skipped 49 frames!  The application may be doing too much work on its main thread.
12-12 21:58:37.347 1889-1889/com.android.launcher I/Choreographer: Skipped 50 frames!  The application may be doing too much work on its main thread.
12-12 21:58:38.364 1889-1889/com.android.launcher I/Choreographer: Skipped 50 frames!  The application may be doing too much work on its main thread.
12-12 21:58:39.489 1889-1889/com.android.launcher I/Choreographer: Skipped 51 frames!  The application may be doing too much work on its main thread.
12-12 21:58:39.705 1558-1572/system_process I/art: Background partial concurrent mark sweep GC freed 139400(4MB) AllocSpace objects, 0(0B) LOS objects, 26% free, 10MB/14MB, paused 1.590ms total 135.132ms
12-12 21:58:40.742 1889-1889/com.android.launcher I/Choreographer: Skipped 59 frames!  The application may be doing too much work on its main thread.
12-12 21:58:41.936 1889-1889/com.android.launcher I/Choreographer: Skipped 55 frames!  The application may be doing too much work on its main thread.
12-12 21:58:43.056 1889-1889/com.android.launcher I/Choreographer: Skipped 53 frames!  The application may be doing too much work on its main thread.
12-12 21:58:44.109 1889-1889/com.android.launcher I/Choreographer: Skipped 50 frames!  The application may be doing too much work on its main thread.
12-12 21:58:45.276 1889-1889/com.android.launcher I/Choreographer: Skipped 50 frames!  The application may be doing too much work on its main thread.
12-12 21:58:46.439 1889-1889/com.android.launcher I/Choreographer: Skipped 51 frames!  The application may be doing too much work on its main thread.
12-12 21:58:47.529 1889-1889/com.android.launcher I/Choreographer: Skipped 49 frames!  The application may be doing too much work on its main thread.
12-12 21:58:48.777 1889-1889/com.android.launcher I/Choreographer: Skipped 51 frames!  The application may be doing too much work on its main thread.
12-12 21:58:49.164 1889-1908/com.android.launcher I/art: Background partial concurrent mark sweep GC freed 109117(3MB) AllocSpace objects, 0(0B) LOS objects, 30% free, 9MB/13MB, paused 176.519ms total 219.988ms
12-12 21:58:50.004 1889-1889/com.android.launcher I/Choreographer: Skipped 51 frames!  The application may be doing too much work on its main thread.
12-12 21:58:51.098 1889-1889/com.android.launcher I/Choreographer: Skipped 56 frames!  The application may be doing too much work on its main thread.
12-12 21:58:52.526 1889-1889/com.android.launcher I/Choreographer: Skipped 62 frames!  The application may be doing too much work on its main thread.
12-12 21:58:53.388 1889-1889/com.android.launcher I/Choreographer: Skipped 51 frames!  The application may be doing too much work on its main thread.
12-12 21:58:53.621 1558-1572/system_process I/art: Background partial concurrent mark sweep GC freed 140312(4MB) AllocSpace objects, 0(0B) LOS objects, 26% free, 10MB/14MB, paused 1.151ms total 152.622ms
12-12 21:58:54.588 1889-1889/com.android.launcher I/Choreographer: Skipped 54 frames!  The application may be doing too much work on its main thread.
12-12 21:58:55.681 1889-1889/com.android.launcher I/Choreographer: Skipped 52 frames!  The application may be doing too much work on its main thread.
12-12 21:58:56.802 1889-1889/com.android.launcher I/Choreographer: Skipped 52 frames!  The application may be doing too much work on its main thread.
12-12 21:58:58.214 1889-1889/com.android.launcher I/Choreographer: Skipped 56 frames!  The application may be doing too much work on its main thread.
12-12 21:58:58.403 1889-1908/com.android.launcher I/art: Background partial concurrent mark sweep GC freed 104360(3MB) AllocSpace objects, 0(0B) LOS objects, 30% free, 9MB/13MB, paused 1.586ms total 109.878ms
12-12 21:58:59.334 1889-1889/com.android.launcher I/Choreographer: Skipped 57 frames!  The application may be doing too much work on its main thread.
12-12 21:59:00.381 1889-1889/com.android.launcher I/Choreographer: Skipped 53 frames!  The application may be doing too much work on its main thread.
12-12 21:59:00.557 1558-1572/system_process I/art: Background partial concurrent mark sweep GC freed 140805(4MB) AllocSpace objects, 0(0B) LOS objects, 26% free, 10MB/14MB, paused 1.038ms total 120.787ms
12-12 21:59:01.507 1889-1889/com.android.launcher I/Choreographer: Skipped 54 frames!  The application may be doing too much work on its main thread.
12-12 21:59:02.904 1889-1889/com.android.launcher I/Choreographer: Skipped 67 frames!  The application may be doing too much work on its main thread.
12-12 21:59:04.069 1889-1889/com.android.launcher I/Choreographer: Skipped 64 frames!  The application may be doing too much work on its main thread.
12-12 21:59:05.205 1889-1889/com.android.launcher I/Choreographer: Skipped 62 frames!  The application may be doing too much work on its main thread.
12-12 21:59:05.234 1558-1572/system_process I/art: Background sticky concurrent mark sweep GC freed 75179(2MB) AllocSpace objects, 0(0B) LOS objects, 11% free, 13MB/14MB, paused 1.881ms total 108.374ms
12-12 21:59:06.426 1889-1889/com.android.launcher I/Choreographer: Skipped 66 frames!  The application may be doing too much work on its main thread.
12-12 21:59:07.538 1889-1889/com.android.launcher I/Choreographer: Skipped 59 frames!  The application may be doing too much work on its main thread.
12-12 21:59:07.601 1558-1572/system_process I/art: Background partial concurrent mark sweep GC freed 143987(4MB) AllocSpace objects, 0(0B) LOS objects, 26% free, 10MB/14MB, paused 1.141ms total 105.699ms
12-12 21:59:08.659 1889-1889/com.android.launcher I/Choreographer: Skipped 55 frames!  The application may be doing too much work on its main thread.
12-12 21:59:09.682 1889-1889/com.android.launcher I/Choreographer: Skipped 52 frames!  The application may be doing too much work on its main thread.
12-12 21:59:10.962 1889-1889/com.android.launcher I/Choreographer: Skipped 59 frames!  The application may be doing too much work on its main thread.
12-12 21:59:11.208 1889-1908/com.android.launcher I/art: Background partial concurrent mark sweep GC freed 111458(3MB) AllocSpace objects, 0(0B) LOS objects, 30% free, 9MB/13MB, paused 1.027ms total 158.418ms
12-12 21:59:12.247 1889-1889/com.android.launcher I/Choreographer: Skipped 61 frames!  The application may be doing too much work on its main thread.
12-12 21:59:13.238 1889-1889/com.android.launcher I/Choreographer: Skipped 54 frames!  The application may be doing too much work on its main thread.
12-12 21:59:14.349 1889-1889/com.android.launcher I/Choreographer: Skipped 52 frames!  The application may be doing too much work on its main thread.
12-12 21:59:14.561 1558-1572/system_process I/art: Background partial concurrent mark sweep GC freed 141705(4MB) AllocSpace objects, 0(0B) LOS objects, 26% free, 10MB/14MB, paused 1.309ms total 124.641ms
12-12 21:59:15.469 1889-1889/com.android.launcher I/Choreographer: Skipped 52 frames!  The application may be doing too much work on its main thread.
12-12 21:59:16.586 1889-1889/com.android.launcher I/Choreographer: Skipped 52 frames!  The application may be doing too much work on its main thread.
12-12 21:59:17.717 1889-1889/com.android.launcher I/Choreographer: Skipped 53 frames!  The application may be doing too much work on its main thread.
12-12 21:59:18.790 1889-1889/com.android.launcher I/Choreographer: Skipped 51 frames!  The application may be doing too much work on its main thread.
12-12 21:59:20.127 1889-1889/com.android.launcher I/Choreographer: Skipped 53 frames!  The application may be doing too much work on its main thread.
12-12 21:59:21.140 1889-1889/com.android.launcher I/Choreographer: Skipped 52 frames!  The application may be doing too much work on its main thread.
12-12 21:59:21.343 1558-1572/system_process I/art: Background partial concurrent mark sweep GC freed 142170(4MB) AllocSpace objects, 0(0B) LOS objects, 26% free, 10MB/14MB, paused 1.189ms total 109.693ms
12-12 21:59:22.562 1889-1889/com.android.launcher I/Choreographer: Skipped 65 frames!  The application may be doing too much work on its main thread.
12-12 21:59:23.649 1889-1889/com.android.launcher I/Choreographer: Skipped 60 frames!  The application may be doing too much work on its main thread.
12-12 21:59:23.825 1889-1908/com.android.launcher I/art: Background partial concurrent mark sweep GC freed 111635(3MB) AllocSpace objects, 0(0B) LOS objects, 30% free, 9MB/13MB, paused 1.768ms total 107.987ms
12-12 21:59:24.684 1889-1889/com.android.launcher I/Choreographer: Skipped 56 frames!  The application may be doing too much work on its main thread.
12-12 21:59:25.778 1889-1889/com.android.launcher I/Choreographer: Skipped 55 frames!  The application may be doing too much work on its main thread.
12-12 21:59:26.991 1889-1889/com.android.launcher I/Choreographer: Skipped 53 frames!  The application may be doing too much work on its main thread.
12-12 21:59:28.429 1889-1889/com.android.launcher I/Choreographer: Skipped 74 frames!  The application may be doing too much work on its main thread.
12-12 21:59:28.472 1558-1572/system_process I/art: Background partial concurrent mark sweep GC freed 142622(4MB) AllocSpace objects, 0(0B) LOS objects, 26% free, 10MB/14MB, paused 1.471ms total 262.827ms
12-12 21:59:29.859 1889-1889/com.android.launcher I/Choreographer: Skipped 76 frames!  The application may be doing too much work on its main thread.
12-12 21:59:30.971 1889-1889/com.android.launcher I/Choreographer: Skipped 66 frames!  The application may be doing too much work on its main thread.
12-12 21:59:31.961 1558-1572/system_process I/art: Background sticky concurrent mark sweep GC freed 74553(2MB) AllocSpace objects, 0(0B) LOS objects, 14% free, 12MB/14MB, paused 3.248ms total 100.148ms
12-12 21:59:32.137 1889-1889/com.android.launcher I/Choreographer: Skipped 69 frames!  The application may be doing too much work on its main thread.
12-12 21:59:33.124 1889-1889/com.android.launcher I/Choreographer: Skipped 58 frames!  The application may be doing too much work on its main thread.
12-12 21:59:34.141 1889-1889/com.android.launcher I/Choreographer: Skipped 53 frames!  The application may be doing too much work on its main thread.
12-12 21:59:34.459 1558-1572/system_process I/art: Background partial concurrent mark sweep GC freed 111279(3MB) AllocSpace objects, 0(0B) LOS objects, 26% free, 10MB/14MB, paused 1.154ms total 266.904ms
12-12 21:59:35.447 1889-1889/com.android.launcher I/Choreographer: Skipped 56 frames!  The application may be doing too much work on its main thread.
12-12 21:59:36.511 1889-1889/com.android.launcher I/Choreographer: Skipped 51 frames!  The application may be doing too much work on its main thread.
12-12 21:59:37.847 1889-1889/com.android.launcher I/Choreographer: Skipped 60 frames!  The application may be doing too much work on its main thread.
12-12 21:59:39.228 1889-1889/com.android.launcher I/Choreographer: Skipped 71 frames!  The application may be doing too much work on its main thread.
12-12 21:59:40.399 1889-1889/com.android.launcher I/Choreographer: Skipped 59 frames!  The application may be doing too much work on its main thread.
12-12 21:59:41.434 1889-1889/com.android.launcher I/Choreographer: Skipped 56 frames!  The application may be doing too much work on its main thread.
12-12 21:59:41.566 1558-1572/system_process I/art: Background partial concurrent mark sweep GC freed 143493(4MB) AllocSpace objects, 0(0B) LOS objects, 26% free, 10MB/14MB, paused 1.058ms total 154.826ms
12-12 21:59:42.505 1889-1889/com.android.launcher I/Choreographer: Skipped 53 frames!  The application may be doing too much work on its main thread.
12-12 21:59:43.610 1889-1889/com.android.launcher I/Choreographer: Skipped 52 frames!  The application may be doing too much work on its main thread.
12-12 21:59:44.844 1889-1889/com.android.launcher I/Choreographer: Skipped 56 frames!  The application may be doing too much work on its main thread.
12-12 21:59:45.042 1889-1908/com.android.launcher I/art: Background sticky concurrent mark sweep GC freed 61400(2MB) AllocSpace objects, 0(0B) LOS objects, 16% free, 10MB/12MB, paused 33.385ms total 52.155ms
12-12 21:59:45.945 1889-1889/com.android.launcher I/Choreographer: Skipped 54 frames!  The application may be doing too much work on its main thread.
12-12 21:59:47.299 1889-1889/com.android.launcher I/Choreographer: Skipped 62 frames!  The application may be doing too much work on its main thread.
12-12 21:59:48.347 1889-1889/com.android.launcher I/Choreographer: Skipped 56 frames!  The application may be doing too much work on its main thread.
12-12 21:59:49.389 1889-1889/com.android.launcher I/Choreographer: Skipped 52 frames!  The application may be doing too much work on its main thread.
12-12 21:59:50.543 1889-1889/com.android.launcher I/Choreographer: Skipped 57 frames!  The application may be doing too much work on its main thread.
12-12 21:59:51.733 1889-1889/com.android.launcher I/Choreographer: Skipped 58 frames!  The application may be doing too much work on its main thread.
12-12 21:59:52.982 1889-1889/com.android.launcher I/Choreographer: Skipped 61 frames!  The application may be doing too much work on its main thread.
12-12 21:59:53.997 1889-1889/com.android.launcher I/Choreographer: Skipped 57 frames!  The application may be doing too much work on its main thread.
12-12 21:59:55.235 1889-1889/com.android.launcher I/Choreographer: Skipped 60 frames!  The application may be doing too much work on its main thread.
12-12 21:59:55.321 1558-1572/system_process I/art: Background partial concurrent mark sweep GC freed 144377(4MB) AllocSpace objects, 0(0B) LOS objects, 26% free, 10MB/14MB, paused 1.394ms total 180.229ms
12-12 21:59:56.423 1889-1889/com.android.launcher I/Choreographer: Skipped 63 frames!  The application may be doing too much work on its main thread.
12-12 21:59:57.625 1889-1889/com.android.launcher I/Choreographer: Skipped 62 frames!  The application may be doing too much work on its main thread.
12-12 21:59:58.790 1889-1889/com.android.launcher I/Choreographer: Skipped 62 frames!  The application may be doing too much work on its main thread.
12-12 21:59:59.937 1889-1889/com.android.launcher I/Choreographer: Skipped 62 frames!  The application may be doing too much work on its main thread.
12-12 22:00:01.012 1889-1889/com.android.launcher I/Choreographer: Skipped 52 frames!  The application may be doing too much work on its main thread.
12-12 22:00:02.310 1889-1889/com.android.launcher I/Choreographer: Skipped 55 frames!  The application may be doing too much work on its main thread.
12-12 22:00:02.408 1558-1572/system_process I/art: Background partial concurrent mark sweep GC freed 144905(4MB) AllocSpace objects, 0(0B) LOS objects, 26% free, 10MB/14MB, paused 1.493ms total 187.968ms
12-12 22:00:03.355 1889-1889/com.android.launcher I/Choreographer: Skipped 55 frames!  The application may be doing too much work on its main thread.
12-12 22:00:04.489 1889-1889/com.android.launcher I/Choreographer: Skipped 54 frames!  The application may be doing too much work on its main thread.
12-12 22:00:04.804 1889-1908/com.android.launcher I/art: Background partial concurrent mark sweep GC freed 118356(4MB) AllocSpace objects, 0(0B) LOS objects, 30% free, 9MB/13MB, paused 1.258ms total 153.574ms
12-12 22:00:05.777 1889-1889/com.android.launcher I/Choreographer: Skipped 57 frames!  The application may be doing too much work on its main thread.
12-12 22:00:05.815 1558-1572/system_process I/art: Background sticky concurrent mark sweep GC freed 40216(1374KB) AllocSpace objects, 0(0B) LOS objects, 11% free, 13MB/14MB, paused 1.227ms total 109.071ms
12-12 22:00:06.903 1889-1889/com.android.launcher I/Choreographer: Skipped 58 frames!  The application may be doing too much work on its main thread.
12-12 22:00:07.982 1889-1889/com.android.launcher I/Choreographer: Skipped 56 frames!  The application may be doing too much work on its main thread.
12-12 22:00:08.120 1558-1572/system_process I/art: Background partial concurrent mark sweep GC freed 148458(4MB) AllocSpace objects, 0(0B) LOS objects, 26% free, 10MB/14MB, paused 1.093ms total 124.946ms
12-12 22:00:09.237 1889-1889/com.android.launcher I/Choreographer: Skipped 59 frames!  The application may be doing too much work on its main thread.
12-12 22:00:10.263 1889-1889/com.android.launcher I/Choreographer: Skipped 55 frames!  The application may be doing too much work on its main thread.
12-12 22:00:11.518 1889-1889/com.android.launcher I/Choreographer: Skipped 58 frames!  The application may be doing too much work on its main thread.
12-12 22:00:12.588 1889-1889/com.android.launcher I/Choreographer: Skipped 56 frames!  The application may be doing too much work on its main thread.
12-12 22:00:13.799 1889-1889/com.android.launcher I/Choreographer: Skipped 54 frames!  The application may be doing too much work on its main thread.
12-12 22:00:14.931 1889-1889/com.android.launcher I/Choreographer: Skipped 55 frames!  The application may be doing too much work on its main thread.
12-12 22:00:15.106 1558-1572/system_process I/art: Background partial concurrent mark sweep GC freed 145760(4MB) AllocSpace objects, 0(0B) LOS objects, 26% free, 10MB/14MB, paused 1.165ms total 129.184ms
12-12 22:00:15.216 1678-2099/com.android.systemui D/EGL_emulation: eglMakeCurrent: 0x7f880cf52200: ver 3 1
12-12 22:00:16.164 1889-1889/com.android.launcher I/Choreographer: Skipped 61 frames!  The application may be doing too much work on its main thread.
12-12 22:00:17.250 1889-1889/com.android.launcher I/Choreographer: Skipped 56 frames!  The application may be doing too much work on its main thread.
12-12 22:00:18.301 1889-1889/com.android.launcher I/Choreographer: Skipped 52 frames!  The application may be doing too much work on its main thread.
12-12 22:00:19.425 1889-1889/com.android.launcher I/Choreographer: Skipped 52 frames!  The application may be doing too much work on its main thread.
12-12 22:00:19.676 1678-1678/com.android.systemui E/ToneGenerator: --- Stop timed out
12-12 22:00:19.701 1558-1605/system_process I/InputDispatcher: Window 'Window{360d2eac u0 NavigationBar}' spent 2674.6ms processing the last input event: MotionEvent(deviceId=0, source=0x00001002, action=0, flags=0x00000000, metaState=0x00000000, buttonState=0x00000000, edgeFlags=0x00000000, xPrecision=30.3, yPrecision=17.1, displayId=0, pointers=[0: (646.0, 83.0)]), policyFlags=0x62000000
12-12 22:00:19.702 1558-1605/system_process I/InputDispatcher: Window 'Window{234089c9 u0 VolumePanel}' spent 2675.6ms processing the last input event: MotionEvent(deviceId=0, source=0x00001002, action=0, flags=0x00000000, metaState=0x00000000, buttonState=0x00000000, edgeFlags=0x00000000, xPrecision=30.3, yPrecision=17.1, displayId=0, pointers=[0: (646.0, 83.0)]), policyFlags=0x62000000
12-12 22:00:19.704 1558-1605/system_process I/InputDispatcher: Window 'Window{234089c9 u0 VolumePanel}' spent 2567.3ms processing the last input event: MotionEvent(deviceId=0, source=0x00001002, action=2, flags=0x00000000, metaState=0x00000000, buttonState=0x00000000, edgeFlags=0x00000000, xPrecision=30.3, yPrecision=17.1, displayId=0, pointers=[0: (643.0, 83.0)]), policyFlags=0x62000000
12-12 22:00:19.704 1558-1605/system_process I/InputDispatcher: Window 'Window{234089c9 u0 VolumePanel}' spent 2557.3ms processing the last input event: MotionEvent(deviceId=0, source=0x00001002, action=2, flags=0x00000000, metaState=0x00000000, buttonState=0x00000000, edgeFlags=0x00000000, xPrecision=30.3, yPrecision=17.1, displayId=0, pointers=[0: (640.0, 83.0)]), policyFlags=0x62000000
12-12 22:00:19.705 1558-1605/system_process I/InputDispatcher: Window 'Window{234089c9 u0 VolumePanel}' spent 2554.4ms processing the last input event: MotionEvent(deviceId=0, source=0x00001002, action=2, flags=0x00000000, metaState=0x00000000, buttonState=0x00000000, edgeFlags=0x00000000, xPrecision=30.3, yPrecision=17.1, displayId=0, pointers=[0: (637.0, 83.0)]), policyFlags=0x62000000
12-12 22:00:19.705 1558-1605/system_process I/InputDispatcher: Window 'Window{234089c9 u0 VolumePanel}' spent 2553.4ms processing the last input event: MotionEvent(deviceId=0, source=0x00001002, action=2, flags=0x00000000, metaState=0x00000000, buttonState=0x00000000, edgeFlags=0x00000000, xPrecision=30.3, yPrecision=17.1, displayId=0, pointers=[0: (635.0, 83.0)]), policyFlags=0x62000000
12-12 22:00:19.705 1558-1605/system_process I/InputDispatcher: Window 'Window{234089c9 u0 VolumePanel}' spent 2547.2ms processing the last input event: MotionEvent(deviceId=0, source=0x00001002, action=2, flags=0x00000000, metaState=0x00000000, buttonState=0x00000000, edgeFlags=0x00000000, xPrecision=30.3, yPrecision=17.1, displayId=0, pointers=[0: (632.0, 83.0)]), policyFlags=0x62000000
12-12 22:00:19.705 1558-1605/system_process I/InputDispatcher: Window 'Window{234089c9 u0 VolumePanel}' spent 2545.2ms processing the last input event: MotionEvent(deviceId=0, source=0x00001002, action=2, flags=0x00000000, metaState=0x00000000, buttonState=0x00000000, edgeFlags=0x00000000, xPrecision=30.3, yPrecision=17.1, displayId=0, pointers=[0: (629.0, 83.0)]), policyFlags=0x62000000
12-12 22:00:19.705 1558-1605/system_process I/InputDispatcher: Window 'Window{234089c9 u0 VolumePanel}' spent 2545.0ms processing the last input event: MotionEvent(deviceId=0, source=0x00001002, action=2, flags=0x00000000, metaState=0x00000000, buttonState=0x00000000, edgeFlags=0x00000000, xPrecision=30.3, yPrecision=17.1, displayId=0, pointers=[0: (626.0, 83.0)]), policyFlags=0x62000000
12-12 22:00:19.705 1558-1605/system_process I/InputDispatcher: Window 'Window{234089c9 u0 VolumePanel}' spent 2540.4ms processing the last input event: MotionEvent(deviceId=0, source=0x00001002, action=2, flags=0x00000000, metaState=0x00000000, buttonState=0x00000000, edgeFlags=0x00000000, xPrecision=30.3, yPrecision=17.1, displayId=0, pointers=[0: (623.0, 83.0)]), policyFlags=0x62000000
12-12 22:00:19.706 1558-1605/system_process I/InputDispatcher: Window 'Window{234089c9 u0 VolumePanel}' spent 2537.3ms processing the last input event: MotionEvent(deviceId=0, source=0x00001002, action=2, flags=0x00000000, metaState=0x00000000, buttonState=0x00000000, edgeFlags=0x00000000, xPrecision=30.3, yPrecision=17.1, displayId=0, pointers=[0: (620.0, 83.0)]), policyFlags=0x62000000
12-12 22:00:19.706 1558-1605/system_process I/InputDispatcher: Window 'Window{234089c9 u0 VolumePanel}' spent 2534.2ms processing the last input event: MotionEvent(deviceId=0, source=0x00001002, action=2, flags=0x00000000, metaState=0x00000000, buttonState=0x00000000, edgeFlags=0x00000000, xPrecision=30.3, yPrecision=17.1, displayId=0, pointers=[0: (617.0, 83.0)]), policyFlags=0x62000000
12-12 22:00:19.706 1558-1605/system_process I/InputDispatcher: Window 'Window{234089c9 u0 VolumePanel}' spent 2534.0ms processing the last input event: MotionEvent(deviceId=0, source=0x00001002, action=2, flags=0x00000000, metaState=0x00000000, buttonState=0x00000000, edgeFlags=0x00000000, xPrecision=30.3, yPrecision=17.1, displayId=0, pointers=[0: (614.0, 83.0)]), policyFlags=0x62000000
12-12 22:00:19.706 1558-1605/system_process I/InputDispatcher: Window 'Window{234089c9 u0 VolumePanel}' spent 2531.4ms processing the last input event: MotionEvent(deviceId=0, source=0x00001002, action=2, flags=0x00000000, metaState=0x00000000, buttonState=0x00000000, edgeFlags=0x00000000, xPrecision=30.3, yPrecision=17.1, displayId=0, pointers=[0: (611.0, 83.0)]), policyFlags=0x62000000
12-12 22:00:19.706 1558-1605/system_process I/InputDispatcher: Window 'Window{234089c9 u0 VolumePanel}' spent 2529.4ms processing the last input event: MotionEvent(deviceId=0, source=0x00001002, action=2, flags=0x00000000, metaState=0x00000000, buttonState=0x00000000, edgeFlags=0x00000000, xPrecision=30.3, yPrecision=17.1, displayId=0, pointers=[0: (608.0, 83.0)]), policyFlags=0x62000000
12-12 22:00:19.706 1558-1605/system_process I/InputDispatcher: Window 'Window{234089c9 u0 VolumePanel}' spent 2527.4ms processing the last input event: MotionEvent(deviceId=0, source=0x00001002, action=2, flags=0x00000000, metaState=0x00000000, buttonState=0x00000000, edgeFlags=0x00000000, xPrecision=30.3, yPrecision=17.1, displayId=0, pointers=[0: (605.0, 83.0)]), policyFlags=0x62000000
12-12 22:00:19.707 1558-1605/system_process I/InputDispatcher: Window 'Window{234089c9 u0 VolumePanel}' spent 2526.3ms processing the last input event: MotionEvent(deviceId=0, source=0x00001002, action=2, flags=0x00000000, metaState=0x00000000, buttonState=0x00000000, edgeFlags=0x00000000, xPrecision=30.3, yPrecision=17.1, displayId=0, pointers=[0: (602.0, 83.0)]), policyFlags=0x62000000
12-12 22:00:19.707 1558-1605/system_process I/InputDispatcher: Window 'Window{234089c9 u0 VolumePanel}' spent 2522.3ms processing the last input event: MotionEvent(deviceId=0, source=0x00001002, action=2, flags=0x00000000, metaState=0x00000000, buttonState=0x00000000, edgeFlags=0x00000000, xPrecision=30.3, yPrecision=17.1, displayId=0, pointers=[0: (596.0, 83.0)]), policyFlags=0x62000000
12-12 22:00:19.707 1558-1605/system_process I/InputDispatcher: Window 'Window{234089c9 u0 VolumePanel}' spent 2520.5ms processing the last input event: MotionEvent(deviceId=0, source=0x00001002, action=2, flags=0x00000000, metaState=0x00000000, buttonState=0x00000000, edgeFlags=0x00000000, xPrecision=30.3, yPrecision=17.1, displayId=0, pointers=[0: (593.0, 83.0)]), policyFlags=0x62000000
12-12 22:00:19.707 1558-1605/system_process I/InputDispatcher: Window 'Window{234089c9 u0 VolumePanel}' spent 2518.4ms processing the last input event: MotionEvent(deviceId=0, source=0x00001002, action=2, flags=0x00000000, metaState=0x00000000, buttonState=0x00000000, edgeFlags=0x00000000, xPrecision=30.3, yPrecision=17.1, displayId=0, pointers=[0: (590.0, 83.0)]), policyFlags=0x62000000
12-12 22:00:19.707 1558-1605/system_process I/InputDispatcher: Window 'Window{234089c9 u0 VolumePanel}' spent 2516.5ms processing the last input event: MotionEvent(deviceId=0, source=0x00001002, action=2, flags=0x00000000, metaState=0x00000000, buttonState=0x00000000, edgeFlags=0x00000000, xPrecision=30.3, yPrecision=17.1, displayId=0, pointers=[0: (584.0, 83.0)]), policyFlags=0x62000000
12-12 22:00:19.707 1558-1605/system_process I/InputDispatcher: Window 'Window{234089c9 u0 VolumePanel}' spent 2513.3ms processing the last input event: MotionEvent(deviceId=0, source=0x00001002, action=2, flags=0x00000000, metaState=0x00000000, buttonState=0x00000000, edgeFlags=0x00000000, xPrecision=30.3, yPrecision=17.1, displayId=0, pointers=[0: (581.0, 83.0)]), policyFlags=0x62000000
12-12 22:00:19.707 1558-1605/system_process I/InputDispatcher: Window 'Window{234089c9 u0 VolumePanel}' spent 2512.1ms processing the last input event: MotionEvent(deviceId=0, source=0x00001002, action=2, flags=0x00000000, metaState=0x00000000, buttonState=0x00000000, edgeFlags=0x00000000, xPrecision=30.3, yPrecision=17.1, displayId=0, pointers=[0: (578.0, 83.0)]), policyFlags=0x62000000
12-12 22:00:19.708 1558-1605/system_process I/InputDispatcher: Window 'Window{234089c9 u0 VolumePanel}' spent 2510.3ms processing the last input event: MotionEvent(deviceId=0, source=0x00001002, action=2, flags=0x00000000, metaState=0x00000000, buttonState=0x00000000, edgeFlags=0x00000000, xPrecision=30.3, yPrecision=17.1, displayId=0, pointers=[0: (575.0, 83.0)]), policyFlags=0x62000000
12-12 22:00:19.708 1558-1605/system_process I/InputDispatcher: Window 'Window{234089c9 u0 VolumePanel}' spent 2509.6ms processing the last input event: MotionEvent(deviceId=0, source=0x00001002, action=2, flags=0x00000000, metaState=0x00000000, buttonState=0x00000000, edgeFlags=0x00000000, xPrecision=30.3, yPrecision=17.1, displayId=0, pointers=[0: (572.0, 83.0)]), policyFlags=0x62000000
12-12 22:00:19.708 1558-1605/system_process I/InputDispatcher: Window 'Window{234089c9 u0 VolumePanel}' spent 2508.2ms processing the last input event: MotionEvent(deviceId=0, source=0x00001002, action=2, flags=0x00000000, metaState=0x00000000, buttonState=0x00000000, edgeFlags=0x00000000, xPrecision=30.3, yPrecision=17.1, displayId=0, pointers=[0: (569.0, 83.0)]), policyFlags=0x62000000
12-12 22:00:19.708 1558-1605/system_process I/InputDispatcher: Window 'Window{234089c9 u0 VolumePanel}' spent 2505.0ms processing the last input event: MotionEvent(deviceId=0, source=0x00001002, action=2, flags=0x00000000, metaState=0x00000000, buttonState=0x00000000, edgeFlags=0x00000000, xPrecision=30.3, yPrecision=17.1, displayId=0, pointers=[0: (563.0, 83.0)]), policyFlags=0x62000000
12-12 22:00:19.708 1558-1605/system_process I/InputDispatcher: Window 'Window{234089c9 u0 VolumePanel}' spent 2504.7ms processing the last input event: MotionEvent(deviceId=0, source=0x00001002, action=2, flags=0x00000000, metaState=0x00000000, buttonState=0x00000000, edgeFlags=0x00000000, xPrecision=30.3, yPrecision=17.1, displayId=0, pointers=[0: (560.0, 83.0)]), policyFlags=0x62000000
12-12 22:00:19.709 1558-1605/system_process I/InputDispatcher: Window 'Window{234089c9 u0 VolumePanel}' spent 2502.1ms processing the last input event: MotionEvent(deviceId=0, source=0x00001002, action=2, flags=0x00000000, metaState=0x00000000, buttonState=0x00000000, edgeFlags=0x00000000, xPrecision=30.3, yPrecision=17.1, displayId=0, pointers=[0: (557.0, 83.0)]), policyFlags=0x62000000
12-12 22:00:19.709 1558-1605/system_process I/InputDispatcher: Window 'Window{234089c9 u0 VolumePanel}' spent 2501.0ms processing the last input event: MotionEvent(deviceId=0, source=0x00001002, action=2, flags=0x00000000, metaState=0x00000000, buttonState=0x00000000, edgeFlags=0x00000000, xPrecision=30.3, yPrecision=17.1, displayId=0, pointers=[0: (554.0, 83.0)]), policyFlags=0x62000000
